Archive member included to satisfy reference by file (symbol)

C:/Program Files/SEGGER/SEGGER Embedded Studio for ARM 5.32a/lib/libm_v7em_fpv4_sp_d16_hard_t_le_eabi.a(libm_asm.o)
                              Output/Debug/Obj/ClassA_ISP4520A-AS/radio.o (__aeabi_dadd)
C:/Program Files/SEGGER/SEGGER Embedded Studio for ARM 5.32a/lib/libm_v7em_fpv4_sp_d16_hard_t_le_eabi.a(libm2.o)
                              Output/Debug/Obj/ClassA_ISP4520A-AS/radio.o (ceil)
C:/Program Files/SEGGER/SEGGER Embedded Studio for ARM 5.32a/lib/libm_v7em_fpv4_sp_d16_hard_t_le_eabi.a(fdlibm.o)
                              Output/Debug/Obj/ClassA_ISP4520A-AS/radio.o (rint)
C:/Program Files/SEGGER/SEGGER Embedded Studio for ARM 5.32a/lib/libm_v7em_fpv4_sp_d16_hard_t_le_eabi.a(libm.o)
                              C:/Program Files/SEGGER/SEGGER Embedded Studio for ARM 5.32a/lib/libm_v7em_fpv4_sp_d16_hard_t_le_eabi.a(fdlibm.o) (__mulsc3)
C:/Program Files/SEGGER/SEGGER Embedded Studio for ARM 5.32a/lib/libm_v7em_fpv4_sp_d16_hard_t_le_eabi.a(libm2_asm.o)
                              C:/Program Files/SEGGER/SEGGER Embedded Studio for ARM 5.32a/lib/libm_v7em_fpv4_sp_d16_hard_t_le_eabi.a(fdlibm.o) (sqrtf)
C:/Program Files/SEGGER/SEGGER Embedded Studio for ARM 5.32a/lib/libc_v7em_fpv4_sp_d16_hard_t_le_eabi.a(libc_asm.o)
                              Output/Debug/Obj/ClassA_ISP4520A-AS/rtc-board.o (__aeabi_uldivmod)
C:/Program Files/SEGGER/SEGGER Embedded Studio for ARM 5.32a/lib/libc_v7em_fpv4_sp_d16_hard_t_le_eabi.a(libc2.o)
                              Output/Debug/Obj/ClassA_ISP4520A-AS/nrf_log_str_formatter.o (isprint)
C:/Program Files/SEGGER/SEGGER Embedded Studio for ARM 5.32a/lib/libc_v7em_fpv4_sp_d16_hard_t_le_eabi.a(libc2_asm.o)
                              Output/Debug/Obj/ClassA_ISP4520A-AS/nrf_log_frontend.o (memcpy)
C:/Program Files/SEGGER/SEGGER Embedded Studio for ARM 5.32a/lib/libc_v7em_fpv4_sp_d16_hard_t_le_eabi.a(libvfprintf.o)
                              (__vfprintf_long)
C:/Program Files/SEGGER/SEGGER Embedded Studio for ARM 5.32a/lib/libc_v7em_fpv4_sp_d16_hard_t_le_eabi.a(libvfscanf.o)
                              (__vfscanf_int)
C:/Program Files/SEGGER/SEGGER Embedded Studio for ARM 5.32a/lib/libc_v7em_fpv4_sp_d16_hard_t_le_eabi.a(libc.o)
                              C:/Program Files/SEGGER/SEGGER Embedded Studio for ARM 5.32a/lib/libc_v7em_fpv4_sp_d16_hard_t_le_eabi.a(libc2.o) (__heap_lock)
C:/Program Files/SEGGER/SEGGER Embedded Studio for ARM 5.32a/lib/libdebugio_v7em_fpv4_sp_d16_hard_t_le_eabi.a(libdebugio.o)
                              Output/Debug/Obj/ClassA_ISP4520A-AS/thumb_crt0.o (debug_fopen)
C:/Program Files/SEGGER/SEGGER Embedded Studio for ARM 5.32a/lib/libdebugio_v7em_fpv4_sp_d16_hard_t_le_eabi.a(do_nv_debug_operation.o)
                              C:/Program Files/SEGGER/SEGGER Embedded Studio for ARM 5.32a/lib/libdebugio_v7em_fpv4_sp_d16_hard_t_le_eabi.a(libdebugio.o) (__do_nvdebug_operation)
C:/Program Files/SEGGER/SEGGER Embedded Studio for ARM 5.32a/lib/libdebugio_v7em_fpv4_sp_d16_hard_t_le_eabi.a(mempoll_debug_operations.o)
                              (__do_debug_operation_mempoll)

Discarded input sections

 .text          0x0000000000000000        0x0 Output/Debug/Obj/ClassA_ISP4520A-AS/thumb_crt0.o
 .data          0x0000000000000000        0x0 Output/Debug/Obj/ClassA_ISP4520A-AS/thumb_crt0.o
 .bss           0x0000000000000000        0x0 Output/Debug/Obj/ClassA_ISP4520A-AS/thumb_crt0.o
 .text.abort    0x0000000000000000        0x2 Output/Debug/Obj/ClassA_ISP4520A-AS/thumb_crt0.o
 .text.__assert
                0x0000000000000000        0x2 Output/Debug/Obj/ClassA_ISP4520A-AS/thumb_crt0.o
 .text.__assert_func
                0x0000000000000000        0x2 Output/Debug/Obj/ClassA_ISP4520A-AS/thumb_crt0.o
 .text.__aeabi_assert
                0x0000000000000000        0x2 Output/Debug/Obj/ClassA_ISP4520A-AS/thumb_crt0.o
 .text.__sync_synchronize
                0x0000000000000000        0x2 Output/Debug/Obj/ClassA_ISP4520A-AS/thumb_crt0.o
 .text.__getchar
                0x0000000000000000        0x4 Output/Debug/Obj/ClassA_ISP4520A-AS/thumb_crt0.o
 .text.__putchar
                0x0000000000000000        0x4 Output/Debug/Obj/ClassA_ISP4520A-AS/thumb_crt0.o
 .text.__open   0x0000000000000000        0x4 Output/Debug/Obj/ClassA_ISP4520A-AS/thumb_crt0.o
 .text.__close  0x0000000000000000        0x4 Output/Debug/Obj/ClassA_ISP4520A-AS/thumb_crt0.o
 .text.__write  0x0000000000000000        0xa Output/Debug/Obj/ClassA_ISP4520A-AS/thumb_crt0.o
 .text.__read   0x0000000000000000        0xa Output/Debug/Obj/ClassA_ISP4520A-AS/thumb_crt0.o
 .text.__seek   0x0000000000000000       0x1a Output/Debug/Obj/ClassA_ISP4520A-AS/thumb_crt0.o
 .text.remove   0x0000000000000000        0x4 Output/Debug/Obj/ClassA_ISP4520A-AS/thumb_crt0.o
 .text.rename   0x0000000000000000        0x4 Output/Debug/Obj/ClassA_ISP4520A-AS/thumb_crt0.o
 .bss.__user_locale_name_buffer
[...]
Memory Configuration

Name             Origin             Length             Attributes
UNPLACED_SECTIONS 0x0000000100000000 0x0000000000000000 xw
RAM              0x0000000020000000 0x0000000000010000 xw
FLASH            0x0000000000000000 0x0000000000080000 xw
*default*        0x0000000000000000 0xffffffffffffffff

Linker script and memory map

                0x0000000000000000                __do_debug_operation = __do_debug_operation_mempoll
                0x000000000001677c                __vfprintf = __vfprintf_long
                0x0000000000000000                __vfscanf = __vfscanf_int
                0x0000000020000000                __RAM_segment_start__ = 0x20000000
                0x0000000020010000                __RAM_segment_end__ = 0x20010000
                0x0000000000010000                __RAM_segment_size__ = 0x10000
                0x0000000000000000                __FLASH_segment_start__ = 0x0
                0x0000000000080000                __FLASH_segment_end__ = 0x80000
                0x0000000000080000                __FLASH_segment_size__ = 0x80000
                0x0000000000000200                __HEAPSIZE__ = 0x200
                0x0000000000000000                __STACKSIZE_PROCESS__ = 0x0
                0x0000000000000800                __STACKSIZE__ = 0x800
                0x0000000020000000                __vectors_ram_load_start__ = 0x20000000

.vectors_ram    0x0000000020000000        0x0
                0x0000000020000000                __vectors_ram_start__ = .
                0x0000000020000000                __app_ram_start__ = __vectors_ram_start__
 *(.vectors_ram .vectors_ram.*)
                0x0000000020000000                __vectors_ram_end__ = (__vectors_ram_start__ + SIZEOF (.vectors_ram))
                0x0000000000000000                __vectors_ram_size__ = SIZEOF (.vectors_ram)
                0x0000000020000000                __vectors_ram_load_end__ = __vectors_ram_end__
                0x0000000000000001                . = ASSERT (((__vectors_ram_start__ == __vectors_ram_end__) || ((__vectors_ram_end__ - __RAM_segment_start__) <= __RAM_segment_size__)), error: .vectors_ram is too large to fit in RAM memory segment)
                0x0000000020000000                __nrf_sections_run_load_start__ = ALIGN (__vectors_ram_end__, 0x4)

.nrf_sections_run
                0x0000000020000000        0x0
                0x0000000020000000                __nrf_sections_run_start__ = .
                0x0000000020000000                __start_nrf_sections_run = __nrf_sections_run_start__
 *(.nrf_sections_run .nrf_sections_run.*)
                0x0000000020000000                __nrf_sections_run_end__ = (__nrf_sections_run_start__ + SIZEOF (.nrf_sections_run))
                0x0000000000000000                __nrf_sections_run_size__ = SIZEOF (.nrf_sections_run)
                0x0000000020000000                __nrf_sections_run_load_end__ = __nrf_sections_run_end__
                0x0000000000000001                . = ASSERT (((__nrf_sections_run_start__ == __nrf_sections_run_end__) || ((__nrf_sections_run_end__ - __RAM_segment_start__) <= __RAM_segment_size__)), error: .nrf_sections_run is too large to fit in RAM memory segment)
                0x0000000000000000                __vectors_load_start__ = 0x0

.vectors        0x0000000000000000       0xdc
                0x0000000000000000                __vectors_start__ = .
 *(.vectors .vectors.*)
 .vectors       0x0000000000000000       0xdc Output/Debug/Obj/ClassA_ISP4520A-AS/ses_nrf52_Vectors.o
                0x0000000000000000                _vectors
                0x00000000000000dc                __vectors_end__ = (__vectors_start__ + SIZEOF (.vectors))
                0x00000000000000dc                __vectors_size__ = SIZEOF (.vectors)
                0x00000000000000dc                __vectors_load_end__ = __vectors_end__
                0x0000000000000001                . = ASSERT (((__vectors_start__ == __vectors_end__) || ((__vectors_end__ - __FLASH_segment_start__) <= __FLASH_segment_size__)), error: .vectors is too large to fit in FLASH memory segment)
                0x00000000000000dc                __init_load_start__ = ALIGN (__vectors_end__, 0x4)

.init           0x00000000000000dc      0x214
                0x00000000000000dc                __init_start__ = .
 *(.init .init.*)
 .init          0x00000000000000dc      0x15c Output/Debug/Obj/ClassA_ISP4520A-AS/thumb_crt0.o
                0x00000000000000dc                _start
                0x0000000000000190                exit
 .init          0x0000000000000238       0x58 Output/Debug/Obj/ClassA_ISP4520A-AS/ses_nRF_Startup.o
                0x0000000000000238                Reset_Handler
                0x000000000000025c                InitializeUserMemorySections
 .init          0x0000000000000290       0x60 Output/Debug/Obj/ClassA_ISP4520A-AS/ses_nrf52_Vectors.o
                0x0000000000000290                NMI_Handler
                0x0000000000000292                HardFault_Handler
                0x0000000000000294                MemoryManagement_Handler
                0x0000000000000296                BusFault_Handler
                0x0000000000000298                UsageFault_Handler
                0x000000000000029a                SVC_Handler
                0x000000000000029c                DebugMon_Handler
                0x000000000000029e                PendSV_Handler
                0x00000000000002a0                SysTick_Handler
                0x00000000000002a6                RADIO_IRQHandler
                0x00000000000002ac                SPIM1_SPIS1_TWIM1_TWIS1_SPI1_TWI1_IRQHandler
                0x00000000000002ae                NFCT_IRQHandler
                0x00000000000002b2                SAADC_IRQHandler
                0x00000000000002b4                TIMER0_IRQHandler
                0x00000000000002b6                TIMER1_IRQHandler
                0x00000000000002b8                TIMER2_IRQHandler
                0x00000000000002ba                RTC0_IRQHandler
                0x00000000000002bc                TEMP_IRQHandler
                0x00000000000002be                RNG_IRQHandler
                0x00000000000002c0                ECB_IRQHandler
                0x00000000000002c2                CCM_AAR_IRQHandler
                0x00000000000002c4                WDT_IRQHandler
                0x00000000000002c8                QDEC_IRQHandler
                0x00000000000002ca                COMP_LPCOMP_IRQHandler
                0x00000000000002ce                SWI1_EGU1_IRQHandler
                0x00000000000002d0                SWI2_EGU2_IRQHandler
                0x00000000000002d2                SWI3_EGU3_IRQHandler
                0x00000000000002d4                SWI4_EGU4_IRQHandler
                0x00000000000002d6                SWI5_EGU5_IRQHandler
                0x00000000000002d8                TIMER3_IRQHandler
                0x00000000000002da                TIMER4_IRQHandler
                0x00000000000002dc                PWM0_IRQHandler
                0x00000000000002de                PDM_IRQHandler
                0x00000000000002e0                MWU_IRQHandler
                0x00000000000002e2                PWM1_IRQHandler
                0x00000000000002e4                PWM2_IRQHandler
                0x00000000000002e6                SPIM2_SPIS2_SPI2_IRQHandler
                0x00000000000002ea                I2S_IRQHandler
                0x00000000000002ec                FPU_IRQHandler
                0x00000000000002f0                __init_end__ = (__init_start__ + SIZEOF (.init))
                0x0000000000000214                __init_size__ = SIZEOF (.init)
                0x00000000000002f0                __init_load_end__ = __init_end__
                0x0000000000000001                . = ASSERT (((__init_start__ == __init_end__) || ((__init_end__ - __FLASH_segment_start__) <= __FLASH_segment_size__)), error: .init is too large to fit in FLASH memory segment)
                0x00000000000002f0                __init_rodata_load_start__ = ALIGN (__init_end__, 0x4)

.init_rodata    0x00000000000002f0        0x0
                0x00000000000002f0                __init_rodata_start__ = .
 *(.init_rodata .init_rodata.*)
                0x00000000000002f0                __init_rodata_end__ = (__init_rodata_start__ + SIZEOF (.init_rodata))
                0x0000000000000000                __init_rodata_size__ = SIZEOF (.init_rodata)
                0x00000000000002f0                __init_rodata_load_end__ = __init_rodata_end__
                0x0000000000000001                . = ASSERT (((__init_rodata_start__ == __init_rodata_end__) || ((__init_rodata_end__ - __FLASH_segment_start__) <= __FLASH_segment_size__)), error: .init_rodata is too large to fit in FLASH memory segment)
                0x00000000000002f0                __text_load_start__ = ALIGN (__init_rodata_end__, 0x4)

.text           0x00000000000002f0    0x16ac0
                0x00000000000002f0                __text_start__ = .
 *(.text .text.* .glue_7t .glue_7 .gnu.linkonce.t.* .gcc_except_table .ARM.extab* .gnu.linkonce.armextab.*)
 .glue_7        0x00000000000002f0        0x0 linker stubs
 .glue_7t       0x00000000000002f0        0x0 linker stubs
 .text.__aeabi_read_tp
                0x00000000000002f0        0x8 Output/Debug/Obj/ClassA_ISP4520A-AS/thumb_crt0.o
                0x00000000000002f0                __aeabi_read_tp
 .text.nrf_log_backend_enable
                0x00000000000002f8       0x10 Output/Debug/Obj/ClassA_ISP4520A-AS/nrf_log_default_backends.o
 .text.nrf_log_default_backends_init
                0x0000000000000308       0x3c Output/Debug/Obj/ClassA_ISP4520A-AS/nrf_log_default_backends.o
                0x0000000000000308                nrf_log_default_backends_init
 .text.nrf_log_backend_put
                0x0000000000000344       0x1c Output/Debug/Obj/ClassA_ISP4520A-AS/nrf_log_frontend.o
 .text.nrf_log_backend_panic_set
                0x0000000000000360       0x18 Output/Debug/Obj/ClassA_ISP4520A-AS/nrf_log_frontend.o
 .text.nrf_log_backend_id_set
                0x0000000000000378       0x18 Output/Debug/Obj/ClassA_ISP4520A-AS/nrf_log_frontend.o
 .text.nrf_log_backend_id_get
                0x0000000000000390        0xe Output/Debug/Obj/ClassA_ISP4520A-AS/nrf_log_frontend.o
 .text.nrf_log_backend_enable
                0x000000000000039e       0x10 Output/Debug/Obj/ClassA_ISP4520A-AS/nrf_log_frontend.o
 .text.nrf_log_backend_is_enabled
                0x00000000000003ae        0xe Output/Debug/Obj/ClassA_ISP4520A-AS/nrf_log_frontend.o
 .text.nrf_atomic_u32_or
                0x00000000000003bc       0x30 Output/Debug/Obj/ClassA_ISP4520A-AS/nrf_log_frontend.o
 .text.nrf_atomic_u32_fetch_and
                0x00000000000003ec       0x30 Output/Debug/Obj/ClassA_ISP4520A-AS/nrf_log_frontend.o
 .text.nrf_atomic_flag_set
                0x000000000000041c       0x18 Output/Debug/Obj/ClassA_ISP4520A-AS/nrf_log_frontend.o
 .text.nrf_atomic_flag_clear_fetch
                0x0000000000000434       0x18 Output/Debug/Obj/ClassA_ISP4520A-AS/nrf_log_frontend.o
 .text.nrf_log_init
                0x000000000000044c       0x98 Output/Debug/Obj/ClassA_ISP4520A-AS/nrf_log_frontend.o
                0x000000000000044c                nrf_log_init
 .text.nrf_log_module_cnt_get
                0x00000000000004e4       0x14 Output/Debug/Obj/ClassA_ISP4520A-AS/nrf_log_frontend.o
                0x00000000000004e4                nrf_log_module_cnt_get
 .text.module_idx_get
                0x00000000000004f8       0x6c Output/Debug/Obj/ClassA_ISP4520A-AS/nrf_log_frontend.o
 .text.nrf_log_module_name_get
                0x0000000000000564       0x40 Output/Debug/Obj/ClassA_ISP4520A-AS/nrf_log_frontend.o
                0x0000000000000564                nrf_log_module_name_get
 .text.nrf_log_color_id_get
                0x00000000000005a4       0x70 Output/Debug/Obj/ClassA_ISP4520A-AS/nrf_log_frontend.o
                0x00000000000005a4                nrf_log_color_id_get
 .text.log_skip
                0x0000000000000614      0x11c Output/Debug/Obj/ClassA_ISP4520A-AS/nrf_log_frontend.o
 .text.std_header_set
                0x0000000000000730       0xb8 Output/Debug/Obj/ClassA_ISP4520A-AS/nrf_log_frontend.o
 .text.buf_prealloc
                0x00000000000007e8       0xa8 Output/Debug/Obj/ClassA_ISP4520A-AS/nrf_log_frontend.o
 .text.std_n    0x0000000000000890       0x90 Output/Debug/Obj/ClassA_ISP4520A-AS/nrf_log_frontend.o
 .text.nrf_log_frontend_std_0
                0x0000000000000920       0x1c Output/Debug/Obj/ClassA_ISP4520A-AS/nrf_log_frontend.o
                0x0000000000000920                nrf_log_frontend_std_0
 .text.nrf_log_frontend_std_1
                0x000000000000093c       0x22 Output/Debug/Obj/ClassA_ISP4520A-AS/nrf_log_frontend.o
                0x000000000000093c                nrf_log_frontend_std_1
 .text.nrf_log_frontend_std_2
                0x000000000000095e       0x28 Output/Debug/Obj/ClassA_ISP4520A-AS/nrf_log_frontend.o
                0x000000000000095e                nrf_log_frontend_std_2
 .text.nrf_log_frontend_std_4
                0x0000000000000986       0x30 Output/Debug/Obj/ClassA_ISP4520A-AS/nrf_log_frontend.o
                0x0000000000000986                nrf_log_frontend_std_4
 .text.nrf_log_frontend_std_6
                0x00000000000009b6       0x38 Output/Debug/Obj/ClassA_ISP4520A-AS/nrf_log_frontend.o
                0x00000000000009b6                nrf_log_frontend_std_6
 *fill*         0x00000000000009ee        0x2 
 .text.buffer_is_empty
                0x00000000000009f0       0x1c Output/Debug/Obj/ClassA_ISP4520A-AS/nrf_log_frontend.o
                0x00000000000009f0                buffer_is_empty
 .text.nrf_log_frontend_dequeue
                0x0000000000000a0c      0x378 Output/Debug/Obj/ClassA_ISP4520A-AS/nrf_log_frontend.o
                0x0000000000000a0c                nrf_log_frontend_dequeue
 .text.backend_id_assign
                0x0000000000000d84       0x68 Output/Debug/Obj/ClassA_ISP4520A-AS/nrf_log_frontend.o
 .text.nrf_log_backend_add
                0x0000000000000dec       0x68 Output/Debug/Obj/ClassA_ISP4520A-AS/nrf_log_frontend.o
                0x0000000000000dec                nrf_log_backend_add
 .text.nrf_log_panic
                0x0000000000000e54       0x3c Output/Debug/Obj/ClassA_ISP4520A-AS/nrf_log_frontend.o
                0x0000000000000e54                nrf_log_panic
 .text.prefix_process
                0x0000000000000e90       0x80 Output/Debug/Obj/ClassA_ISP4520A-AS/nrf_log_str_formatter.o
 .text.postfix_process
                0x0000000000000f10       0x68 Output/Debug/Obj/ClassA_ISP4520A-AS/nrf_log_str_formatter.o
 .text.nrf_log_std_entry_process
                0x0000000000000f78      0x144 Output/Debug/Obj/ClassA_ISP4520A-AS/nrf_log_str_formatter.o
                0x0000000000000f78                nrf_log_std_entry_process
 .text.nrf_log_hexdump_entry_process
                0x00000000000010bc       0xe8 Output/Debug/Obj/ClassA_ISP4520A-AS/nrf_log_str_formatter.o
                0x00000000000010bc                nrf_log_hexdump_entry_process
 .text.nrf_log_backend_serial_put
                0x00000000000011a4      0x14c Output/Debug/Obj/ClassA_ISP4520A-AS/nrf_log_backend_serial.o
                0x00000000000011a4                nrf_log_backend_serial_put
 .text.nrf_log_backend_rtt_init
                0x00000000000012f0        0xa Output/Debug/Obj/ClassA_ISP4520A-AS/nrf_log_backend_rtt.o
                0x00000000000012f0                nrf_log_backend_rtt_init
 .text.serial_tx
                0x00000000000012fa       0x5e Output/Debug/Obj/ClassA_ISP4520A-AS/nrf_log_backend_rtt.o
 .text.nrf_log_backend_rtt_put
                0x0000000000001358       0x28 Output/Debug/Obj/ClassA_ISP4520A-AS/nrf_log_backend_rtt.o
 .text.nrf_log_backend_rtt_flush
                0x0000000000001380        0xa Output/Debug/Obj/ClassA_ISP4520A-AS/nrf_log_backend_rtt.o
 .text.nrf_log_backend_rtt_panic_set
                0x000000000000138a        0xa Output/Debug/Obj/ClassA_ISP4520A-AS/nrf_log_backend_rtt.o
 .text.app_error_handler
                0x0000000000001394       0x30 Output/Debug/Obj/ClassA_ISP4520A-AS/app_error.o
                0x0000000000001394                app_error_handler
 .text.app_error_save_and_stop
                0x00000000000013c4       0x9c Output/Debug/Obj/ClassA_ISP4520A-AS/app_error.o
                0x00000000000013c4                app_error_save_and_stop
 .text.app_error_fault_handler
                0x0000000000001460       0xd4 Output/Debug/Obj/ClassA_ISP4520A-AS/app_error_weak.o
                0x0000000000001460                app_error_fault_handler
 .text.app_util_disable_irq
                0x0000000000001534       0x18 Output/Debug/Obj/ClassA_ISP4520A-AS/app_util_platform.o
                0x0000000000001534                app_util_disable_irq
 .text.app_util_enable_irq
                0x000000000000154c       0x20 Output/Debug/Obj/ClassA_ISP4520A-AS/app_util_platform.o
                0x000000000000154c                app_util_enable_irq
 .text.app_util_critical_region_enter
                0x000000000000156c       0x28 Output/Debug/Obj/ClassA_ISP4520A-AS/app_util_platform.o
                0x000000000000156c                app_util_critical_region_enter
 .text.app_util_critical_region_exit
                0x0000000000001594       0x2c Output/Debug/Obj/ClassA_ISP4520A-AS/app_util_platform.o
                0x0000000000001594                app_util_critical_region_exit
 .text.privilege_level_get
                0x00000000000015c0       0x3a Output/Debug/Obj/ClassA_ISP4520A-AS/app_util_platform.o
                0x00000000000015c0                privilege_level_get
 .text.assert_nrf_callback
                0x00000000000015fa       0x2e Output/Debug/Obj/ClassA_ISP4520A-AS/nrf_assert.o
                0x00000000000015fa                assert_nrf_callback
 .text.nrf_balloc_idx2block
                0x0000000000001628       0x38 Output/Debug/Obj/ClassA_ISP4520A-AS/nrf_balloc.o
 .text.nrf_balloc_block2idx
                0x0000000000001660       0x34 Output/Debug/Obj/ClassA_ISP4520A-AS/nrf_balloc.o
 .text.nrf_balloc_init
                0x0000000000001694       0xb0 Output/Debug/Obj/ClassA_ISP4520A-AS/nrf_balloc.o
                0x0000000000001694                nrf_balloc_init
 .text.nrf_balloc_alloc
                0x0000000000001744       0x80 Output/Debug/Obj/ClassA_ISP4520A-AS/nrf_balloc.o
                0x0000000000001744                nrf_balloc_alloc
 .text.nrf_balloc_free
                0x00000000000017c4       0x58 Output/Debug/Obj/ClassA_ISP4520A-AS/nrf_balloc.o
                0x00000000000017c4                nrf_balloc_free
 .text.nrf_fprintf_buffer_flush
                0x000000000000181c       0x44 Output/Debug/Obj/ClassA_ISP4520A-AS/nrf_fprintf.o
                0x000000000000181c                nrf_fprintf_buffer_flush
 .text.nrf_fprintf
                0x0000000000001860       0x74 Output/Debug/Obj/ClassA_ISP4520A-AS/nrf_fprintf.o
                0x0000000000001860                nrf_fprintf
 .text.buffer_add
                0x00000000000018d4       0x3c Output/Debug/Obj/ClassA_ISP4520A-AS/nrf_fprintf_format.o
 .text.string_print
                0x0000000000001910       0xc2 Output/Debug/Obj/ClassA_ISP4520A-AS/nrf_fprintf_format.o
 *fill*         0x00000000000019d2        0x2 
 .text.unsigned_print
                0x00000000000019d4      0x130 Output/Debug/Obj/ClassA_ISP4520A-AS/nrf_fprintf_format.o
 .text.int_print
                0x0000000000001b04      0x11c Output/Debug/Obj/ClassA_ISP4520A-AS/nrf_fprintf_format.o
 .text.nrf_fprintf_fmt
                0x0000000000001c20      0x388 Output/Debug/Obj/ClassA_ISP4520A-AS/nrf_fprintf_format.o
                0x0000000000001c20                nrf_fprintf_fmt
 .text.nrf_atomic_u32_add
                0x0000000000001fa8       0x30 Output/Debug/Obj/ClassA_ISP4520A-AS/nrf_memobj.o
 .text.nrf_atomic_u32_sub
                0x0000000000001fd8       0x30 Output/Debug/Obj/ClassA_ISP4520A-AS/nrf_memobj.o
 .text.nrf_memobj_pool_init
                0x0000000000002008       0x16 Output/Debug/Obj/ClassA_ISP4520A-AS/nrf_memobj.o
                0x0000000000002008                nrf_memobj_pool_init
 .text.nrf_memobj_alloc
                0x000000000000201e       0xae Output/Debug/Obj/ClassA_ISP4520A-AS/nrf_memobj.o
                0x000000000000201e                nrf_memobj_alloc
 .text.nrf_memobj_free
                0x00000000000020cc       0x74 Output/Debug/Obj/ClassA_ISP4520A-AS/nrf_memobj.o
                0x00000000000020cc                nrf_memobj_free
 .text.nrf_memobj_get
                0x0000000000002140       0x1e Output/Debug/Obj/ClassA_ISP4520A-AS/nrf_memobj.o
                0x0000000000002140                nrf_memobj_get
 .text.nrf_memobj_put
                0x000000000000215e       0x34 Output/Debug/Obj/ClassA_ISP4520A-AS/nrf_memobj.o
                0x000000000000215e                nrf_memobj_put
 *fill*         0x0000000000002192        0x2 
 .text.memobj_op
                0x0000000000002194      0x104 Output/Debug/Obj/ClassA_ISP4520A-AS/nrf_memobj.o
 .text.nrf_memobj_write
                0x0000000000002298       0x24 Output/Debug/Obj/ClassA_ISP4520A-AS/nrf_memobj.o
                0x0000000000002298                nrf_memobj_write
 .text.nrf_memobj_read
                0x00000000000022bc       0x24 Output/Debug/Obj/ClassA_ISP4520A-AS/nrf_memobj.o
                0x00000000000022bc                nrf_memobj_read
 .text.nrf_strerror_get
                0x00000000000022e0       0x28 Output/Debug/Obj/ClassA_ISP4520A-AS/nrf_strerror.o
                0x00000000000022e0                nrf_strerror_get
 .text.nrf_strerror_find
                0x0000000000002308       0x68 Output/Debug/Obj/ClassA_ISP4520A-AS/nrf_strerror.o
                0x0000000000002308                nrf_strerror_find
 .text.NVIC_EnableIRQ
                0x0000000000002370       0x2c Output/Debug/Obj/ClassA_ISP4520A-AS/app_timer.o
 .text.NVIC_DisableIRQ
                0x000000000000239c       0x30 Output/Debug/Obj/ClassA_ISP4520A-AS/app_timer.o
 .text.NVIC_SetPendingIRQ
                0x00000000000023cc       0x30 Output/Debug/Obj/ClassA_ISP4520A-AS/app_timer.o
 .text.NVIC_ClearPendingIRQ
                0x00000000000023fc       0x30 Output/Debug/Obj/ClassA_ISP4520A-AS/app_timer.o
 .text.NVIC_SetPriority
                0x000000000000242c       0x50 Output/Debug/Obj/ClassA_ISP4520A-AS/app_timer.o
 .text.nrf_delay_us
                0x000000000000247c       0xa0 Output/Debug/Obj/ClassA_ISP4520A-AS/app_timer.o
 .text.rtc1_init
                0x000000000000251c       0x24 Output/Debug/Obj/ClassA_ISP4520A-AS/app_timer.o
 .text.rtc1_start
                0x0000000000002540       0x40 Output/Debug/Obj/ClassA_ISP4520A-AS/app_timer.o
 .text.rtc1_stop
                0x0000000000002580       0x50 Output/Debug/Obj/ClassA_ISP4520A-AS/app_timer.o
 .text.rtc1_counter_get
                0x00000000000025d0       0x10 Output/Debug/Obj/ClassA_ISP4520A-AS/app_timer.o
 .text.ticks_diff_get
                0x00000000000025e0       0x16 Output/Debug/Obj/ClassA_ISP4520A-AS/app_timer.o
 *fill*         0x00000000000025f6        0x2 
 .text.rtc1_compare0_set
                0x00000000000025f8       0x18 Output/Debug/Obj/ClassA_ISP4520A-AS/app_timer.o
 .text.timer_list_insert
                0x0000000000002610       0xac Output/Debug/Obj/ClassA_ISP4520A-AS/app_timer.o
 .text.timer_list_remove
                0x00000000000026bc       0xc0 Output/Debug/Obj/ClassA_ISP4520A-AS/app_timer.o
 .text.timer_timeouts_check_sched
                0x000000000000277c        0xc Output/Debug/Obj/ClassA_ISP4520A-AS/app_timer.o
 .text.timer_list_handler_sched
                0x0000000000002788        0xc Output/Debug/Obj/ClassA_ISP4520A-AS/app_timer.o
 .text.timeout_handler_scheduled_exec
                0x0000000000002794       0x4c Output/Debug/Obj/ClassA_ISP4520A-AS/app_timer.o
 .text.timeout_handler_exec
                0x00000000000027e0       0x48 Output/Debug/Obj/ClassA_ISP4520A-AS/app_timer.o
 .text.timer_timeouts_check
                0x0000000000002828       0xc8 Output/Debug/Obj/ClassA_ISP4520A-AS/app_timer.o
 .text.elapsed_ticks_acquire
                0x00000000000028f0       0x78 Output/Debug/Obj/ClassA_ISP4520A-AS/app_timer.o
 .text.expired_timers_handler
                0x0000000000002968       0x94 Output/Debug/Obj/ClassA_ISP4520A-AS/app_timer.o
 .text.list_insertions_handler
                0x00000000000029fc      0x1bc Output/Debug/Obj/ClassA_ISP4520A-AS/app_timer.o
 .text.compare_reg_update
                0x0000000000002bb8       0xb0 Output/Debug/Obj/ClassA_ISP4520A-AS/app_timer.o
 .text.timer_list_handler
                0x0000000000002c68       0x80 Output/Debug/Obj/ClassA_ISP4520A-AS/app_timer.o
 .text.user_op_enque
                0x0000000000002ce8       0x1c Output/Debug/Obj/ClassA_ISP4520A-AS/app_timer.o
 .text.user_op_alloc
                0x0000000000002d04       0x5c Output/Debug/Obj/ClassA_ISP4520A-AS/app_timer.o
 .text.timer_start_op_schedule
                0x0000000000002d60       0x7a Output/Debug/Obj/ClassA_ISP4520A-AS/app_timer.o
 *fill*         0x0000000000002dda        0x2 
 .text.RTC1_IRQHandler
                0x0000000000002ddc       0x40 Output/Debug/Obj/ClassA_ISP4520A-AS/app_timer.o
                0x0000000000002ddc                RTC1_IRQHandler
 .text.SWI0_EGU0_IRQHandler
                0x0000000000002e1c        0xa Output/Debug/Obj/ClassA_ISP4520A-AS/app_timer.o
                0x0000000000002e1c                SWI0_EGU0_IRQHandler
 *fill*         0x0000000000002e26        0x2 
 .text.app_timer_init
                0x0000000000002e28       0x68 Output/Debug/Obj/ClassA_ISP4520A-AS/app_timer.o
                0x0000000000002e28                app_timer_init
 .text.app_timer_create
                0x0000000000002e90       0x60 Output/Debug/Obj/ClassA_ISP4520A-AS/app_timer.o
                0x0000000000002e90                app_timer_create
 .text.app_timer_start
                0x0000000000002ef0       0x64 Output/Debug/Obj/ClassA_ISP4520A-AS/app_timer.o
                0x0000000000002ef0                app_timer_start
 .text.is_word_aligned
                0x0000000000002f54       0x1a Output/Debug/Obj/ClassA_ISP4520A-AS/app_scheduler.o
 *fill*         0x0000000000002f6e        0x2 
 .text.next_index
                0x0000000000002f70       0x2c Output/Debug/Obj/ClassA_ISP4520A-AS/app_scheduler.o
 .text.app_sched_queue_full
                0x0000000000002f9c       0x3c Output/Debug/Obj/ClassA_ISP4520A-AS/app_scheduler.o
 .text.app_sched_queue_empty
                0x0000000000002fd8       0x2c Output/Debug/Obj/ClassA_ISP4520A-AS/app_scheduler.o
 .text.app_sched_init
                0x0000000000003004       0x88 Output/Debug/Obj/ClassA_ISP4520A-AS/app_scheduler.o
                0x0000000000003004                app_sched_init
 .text.app_sched_event_put
                0x000000000000308c       0xec Output/Debug/Obj/ClassA_ISP4520A-AS/app_scheduler.o
                0x000000000000308c                app_sched_event_put
 .text.is_app_sched_paused
                0x0000000000003178        0x6 Output/Debug/Obj/ClassA_ISP4520A-AS/app_scheduler.o
 *fill*         0x000000000000317e        0x2 
 .text.app_sched_execute
                0x0000000000003180       0x98 Output/Debug/Obj/ClassA_ISP4520A-AS/app_scheduler.o
                0x0000000000003180                app_sched_execute
 .text.NVIC_ClearPendingIRQ
                0x0000000000003218       0x30 Output/Debug/Obj/ClassA_ISP4520A-AS/nrf_pwr_mgmt.o
 .text.nrf_mtx_init
                0x0000000000003248       0x2c Output/Debug/Obj/ClassA_ISP4520A-AS/nrf_pwr_mgmt.o
 .text.pwr_mgmt_fpu_sleep_prepare
                0x0000000000003274       0x54 Output/Debug/Obj/ClassA_ISP4520A-AS/nrf_pwr_mgmt.o
 .text.nrf_pwr_mgmt_init
                0x00000000000032c8       0x2c Output/Debug/Obj/ClassA_ISP4520A-AS/nrf_pwr_mgmt.o
                0x00000000000032c8                nrf_pwr_mgmt_init
 .text.nrf_pwr_mgmt_run
                0x00000000000032f4       0x16 Output/Debug/Obj/ClassA_ISP4520A-AS/nrf_pwr_mgmt.o
                0x00000000000032f4                nrf_pwr_mgmt_run
 *fill*         0x000000000000330a        0x2 
 .text.nrf_section_iter_init
                0x000000000000330c       0x54 Output/Debug/Obj/ClassA_ISP4520A-AS/nrf_section_iter.o
                0x000000000000330c                nrf_section_iter_init
 .text.NVIC_EnableIRQ
                0x0000000000003360       0x2c Output/Debug/Obj/ClassA_ISP4520A-AS/nrf_drv_common.o
 .text.NVIC_ClearPendingIRQ
                0x000000000000338c       0x30 Output/Debug/Obj/ClassA_ISP4520A-AS/nrf_drv_common.o
 .text.NVIC_SetPriority
                0x00000000000033bc       0x50 Output/Debug/Obj/ClassA_ISP4520A-AS/nrf_drv_common.o
 .text.nrf_drv_common_irq_enable
                0x000000000000340c       0x54 Output/Debug/Obj/ClassA_ISP4520A-AS/nrf_drv_common.o
                0x000000000000340c                nrf_drv_common_irq_enable
 .text.nrf_gpiote_event_is_set
                0x0000000000003460       0x2a Output/Debug/Obj/ClassA_ISP4520A-AS/nrf_drv_gpiote.o
 .text.nrf_gpiote_event_clear
                0x000000000000348a       0x36 Output/Debug/Obj/ClassA_ISP4520A-AS/nrf_drv_gpiote.o
 .text.nrf_gpiote_event_addr_get
                0x00000000000034c0       0x1a Output/Debug/Obj/ClassA_ISP4520A-AS/nrf_drv_gpiote.o
 *fill*         0x00000000000034da        0x2 
 .text.nrf_gpiote_int_enable
                0x00000000000034dc       0x18 Output/Debug/Obj/ClassA_ISP4520A-AS/nrf_drv_gpiote.o
 .text.nrf_gpiote_int_is_enabled
                0x00000000000034f4       0x18 Output/Debug/Obj/ClassA_ISP4520A-AS/nrf_drv_gpiote.o
 .text.nrf_gpiote_event_enable
                0x000000000000350c       0x2c Output/Debug/Obj/ClassA_ISP4520A-AS/nrf_drv_gpiote.o
 .text.nrf_gpiote_event_configure
                0x0000000000003538       0x64 Output/Debug/Obj/ClassA_ISP4520A-AS/nrf_drv_gpiote.o
 .text.nrf_gpiote_event_pin_get
                0x000000000000359c       0x20 Output/Debug/Obj/ClassA_ISP4520A-AS/nrf_drv_gpiote.o
 .text.nrf_gpiote_event_polarity_get
                0x00000000000035bc       0x24 Output/Debug/Obj/ClassA_ISP4520A-AS/nrf_drv_gpiote.o
 .text.nrf_gpio_pin_port_decode
                0x00000000000035e0       0x28 Output/Debug/Obj/ClassA_ISP4520A-AS/nrf_drv_gpiote.o
 .text.nrf_gpio_cfg
                0x0000000000003608       0x62 Output/Debug/Obj/ClassA_ISP4520A-AS/nrf_drv_gpiote.o
 .text.nrf_gpio_cfg_input
                0x000000000000366a       0x2a Output/Debug/Obj/ClassA_ISP4520A-AS/nrf_drv_gpiote.o
 .text.nrf_gpio_cfg_watcher
                0x0000000000003694       0x38 Output/Debug/Obj/ClassA_ISP4520A-AS/nrf_drv_gpiote.o
 .text.nrf_gpio_cfg_sense_set
                0x00000000000036cc       0x5c Output/Debug/Obj/ClassA_ISP4520A-AS/nrf_drv_gpiote.o
 .text.nrf_gpio_pin_read
                0x0000000000003728       0x2a Output/Debug/Obj/ClassA_ISP4520A-AS/nrf_drv_gpiote.o
 .text.nrf_gpio_pin_sense_get
                0x0000000000003752       0x2c Output/Debug/Obj/ClassA_ISP4520A-AS/nrf_drv_gpiote.o
 .text.nrf_gpio_port_in_read
                0x000000000000377e       0x10 Output/Debug/Obj/ClassA_ISP4520A-AS/nrf_drv_gpiote.o
 *fill*         0x000000000000378e        0x2 
 .text.nrf_gpio_ports_read
                0x0000000000003790       0x68 Output/Debug/Obj/ClassA_ISP4520A-AS/nrf_drv_gpiote.o
 .text.nrf_bitmask_bit_is_set
                0x00000000000037f8       0x30 Output/Debug/Obj/ClassA_ISP4520A-AS/nrf_drv_gpiote.o
 .text.nrf_bitmask_bit_set
                0x0000000000003828       0x40 Output/Debug/Obj/ClassA_ISP4520A-AS/nrf_drv_gpiote.o
 .text.pin_in_use_by_te
                0x0000000000003868       0x3c Output/Debug/Obj/ClassA_ISP4520A-AS/nrf_drv_gpiote.o
 .text.pin_in_use_by_port
                0x00000000000038a4       0x24 Output/Debug/Obj/ClassA_ISP4520A-AS/nrf_drv_gpiote.o
 .text.pin_in_use_by_gpiote
                0x00000000000038c8       0x24 Output/Debug/Obj/ClassA_ISP4520A-AS/nrf_drv_gpiote.o
 .text.pin_in_use_by_te_set
                0x00000000000038ec       0x50 Output/Debug/Obj/ClassA_ISP4520A-AS/nrf_drv_gpiote.o
 .text.pin_in_use_clear
                0x000000000000393c       0x1c Output/Debug/Obj/ClassA_ISP4520A-AS/nrf_drv_gpiote.o
 .text.channel_port_get
                0x0000000000003958       0x1c Output/Debug/Obj/ClassA_ISP4520A-AS/nrf_drv_gpiote.o
 .text.channel_handler_get
                0x0000000000003974       0x18 Output/Debug/Obj/ClassA_ISP4520A-AS/nrf_drv_gpiote.o
 .text.channel_port_alloc
                0x000000000000398c       0x7c Output/Debug/Obj/ClassA_ISP4520A-AS/nrf_drv_gpiote.o
 .text.channel_free
                0x0000000000003a08       0x38 Output/Debug/Obj/ClassA_ISP4520A-AS/nrf_drv_gpiote.o
 .text.nrf_drv_gpiote_init
                0x0000000000003a40       0x90 Output/Debug/Obj/ClassA_ISP4520A-AS/nrf_drv_gpiote.o
                0x0000000000003a40                nrf_drv_gpiote_init
 .text.nrf_drv_gpiote_is_init
                0x0000000000003ad0       0x18 Output/Debug/Obj/ClassA_ISP4520A-AS/nrf_drv_gpiote.o
                0x0000000000003ad0                nrf_drv_gpiote_is_init
 .text.nrf_drv_gpiote_in_init
                0x0000000000003ae8       0xc8 Output/Debug/Obj/ClassA_ISP4520A-AS/nrf_drv_gpiote.o
                0x0000000000003ae8                nrf_drv_gpiote_in_init
 .text.nrf_drv_gpiote_in_event_enable
                0x0000000000003bb0      0x110 Output/Debug/Obj/ClassA_ISP4520A-AS/nrf_drv_gpiote.o
                0x0000000000003bb0                nrf_drv_gpiote_in_event_enable
 .text.GPIOTE_IRQHandler
                0x0000000000003cc0      0x2e0 Output/Debug/Obj/ClassA_ISP4520A-AS/nrf_drv_gpiote.o
                0x0000000000003cc0                GPIOTE_IRQHandler
 .text.nrf_spi_event_clear
                0x0000000000003fa0       0x2a Output/Debug/Obj/ClassA_ISP4520A-AS/nrf_drv_spi.o
 .text.nrf_spi_event_check
                0x0000000000003fca       0x24 Output/Debug/Obj/ClassA_ISP4520A-AS/nrf_drv_spi.o
 .text.nrf_spi_int_enable
                0x0000000000003fee       0x14 Output/Debug/Obj/ClassA_ISP4520A-AS/nrf_drv_spi.o
 .text.nrf_spi_int_disable
                0x0000000000004002       0x14 Output/Debug/Obj/ClassA_ISP4520A-AS/nrf_drv_spi.o
 .text.nrf_spi_enable
                0x0000000000004016       0x12 Output/Debug/Obj/ClassA_ISP4520A-AS/nrf_drv_spi.o
 .text.nrf_spi_pins_set
                0x0000000000004028       0x28 Output/Debug/Obj/ClassA_ISP4520A-AS/nrf_drv_spi.o
 .text.nrf_spi_txd_set
                0x0000000000004050       0x1a Output/Debug/Obj/ClassA_ISP4520A-AS/nrf_drv_spi.o
 .text.nrf_spi_rxd_get
                0x000000000000406a       0x12 Output/Debug/Obj/ClassA_ISP4520A-AS/nrf_drv_spi.o
 .text.nrf_spi_frequency_set
                0x000000000000407c       0x14 Output/Debug/Obj/ClassA_ISP4520A-AS/nrf_drv_spi.o
 .text.nrf_spi_configure
                0x0000000000004090       0x64 Output/Debug/Obj/ClassA_ISP4520A-AS/nrf_drv_spi.o
 .text.nrf_gpio_pin_port_decode
                0x00000000000040f4       0x28 Output/Debug/Obj/ClassA_ISP4520A-AS/nrf_drv_spi.o
 .text.nrf_gpio_cfg
                0x000000000000411c       0x62 Output/Debug/Obj/ClassA_ISP4520A-AS/nrf_drv_spi.o
 .text.nrf_gpio_cfg_output
                0x000000000000417e       0x22 Output/Debug/Obj/ClassA_ISP4520A-AS/nrf_drv_spi.o
 .text.nrf_gpio_cfg_input
                0x00000000000041a0       0x2a Output/Debug/Obj/ClassA_ISP4520A-AS/nrf_drv_spi.o
 .text.nrf_gpio_pin_set
                0x00000000000041ca       0x28 Output/Debug/Obj/ClassA_ISP4520A-AS/nrf_drv_spi.o
 .text.nrf_gpio_pin_clear
                0x00000000000041f2       0x28 Output/Debug/Obj/ClassA_ISP4520A-AS/nrf_drv_spi.o
 .text.nrf_gpio_port_out_set
                0x000000000000421a       0x14 Output/Debug/Obj/ClassA_ISP4520A-AS/nrf_drv_spi.o
 .text.nrf_gpio_port_out_clear
                0x000000000000422e       0x14 Output/Debug/Obj/ClassA_ISP4520A-AS/nrf_drv_spi.o
 *fill*         0x0000000000004242        0x2 
 .text.nrf_drv_spi_init
                0x0000000000004244      0x198 Output/Debug/Obj/ClassA_ISP4520A-AS/nrf_drv_spi.o
                0x0000000000004244                nrf_drv_spi_init
 .text.nrf_drv_spi_transfer
                0x00000000000043dc       0x3e Output/Debug/Obj/ClassA_ISP4520A-AS/nrf_drv_spi.o
                0x00000000000043dc                nrf_drv_spi_transfer
 .text.finish_transfer
                0x000000000000441a       0x3e Output/Debug/Obj/ClassA_ISP4520A-AS/nrf_drv_spi.o
 .text.transfer_byte
                0x0000000000004458      0x108 Output/Debug/Obj/ClassA_ISP4520A-AS/nrf_drv_spi.o
 .text.spi_xfer
                0x0000000000004560       0xca Output/Debug/Obj/ClassA_ISP4520A-AS/nrf_drv_spi.o
 *fill*         0x000000000000462a        0x2 
 .text.nrf_drv_spi_xfer
                0x000000000000462c      0x110 Output/Debug/Obj/ClassA_ISP4520A-AS/nrf_drv_spi.o
                0x000000000000462c                nrf_drv_spi_xfer
 .text.irq_handler_spi
                0x000000000000473c       0x4c Output/Debug/Obj/ClassA_ISP4520A-AS/nrf_drv_spi.o
 .text.SPIM0_SPIS0_TWIM0_TWIS0_SPI0_TWI0_IRQHandler
                0x0000000000004788       0x20 Output/Debug/Obj/ClassA_ISP4520A-AS/nrf_drv_spi.o
                0x0000000000004788                SPIM0_SPIS0_TWIM0_TWIS0_SPI0_TWI0_IRQHandler
 .text.nrf_uart_event_clear
                0x00000000000047a8       0x2a Output/Debug/Obj/ClassA_ISP4520A-AS/nrf_drv_uart.o
 .text.nrf_uart_event_check
                0x00000000000047d2       0x24 Output/Debug/Obj/ClassA_ISP4520A-AS/nrf_drv_uart.o
 .text.nrf_uart_int_enable_check
                0x00000000000047f6       0x20 Output/Debug/Obj/ClassA_ISP4520A-AS/nrf_drv_uart.o
 .text.nrf_uart_int_disable
                0x0000000000004816       0x14 Output/Debug/Obj/ClassA_ISP4520A-AS/nrf_drv_uart.o
 .text.nrf_uart_errorsrc_get_and_clear
                0x000000000000482a       0x1c Output/Debug/Obj/ClassA_ISP4520A-AS/nrf_drv_uart.o
 .text.nrf_uart_rxd_get
                0x0000000000004846       0x12 Output/Debug/Obj/ClassA_ISP4520A-AS/nrf_drv_uart.o
 .text.nrf_uart_txd_set
                0x0000000000004858       0x1a Output/Debug/Obj/ClassA_ISP4520A-AS/nrf_drv_uart.o
 .text.nrf_uart_task_trigger
                0x0000000000004872       0x1c Output/Debug/Obj/ClassA_ISP4520A-AS/nrf_drv_uart.o
 .text.nrf_uarte_event_clear
                0x000000000000488e       0x2a Output/Debug/Obj/ClassA_ISP4520A-AS/nrf_drv_uart.o
 .text.nrf_uarte_event_check
                0x00000000000048b8       0x24 Output/Debug/Obj/ClassA_ISP4520A-AS/nrf_drv_uart.o
 .text.nrf_uarte_shorts_disable
                0x00000000000048dc       0x1e Output/Debug/Obj/ClassA_ISP4520A-AS/nrf_drv_uart.o
 .text.nrf_uarte_errorsrc_get_and_clear
                0x00000000000048fa       0x1c Output/Debug/Obj/ClassA_ISP4520A-AS/nrf_drv_uart.o
 .text.nrf_uarte_tx_amount_get
                0x0000000000004916       0x10 Output/Debug/Obj/ClassA_ISP4520A-AS/nrf_drv_uart.o
 .text.nrf_uarte_rx_amount_get
                0x0000000000004926       0x10 Output/Debug/Obj/ClassA_ISP4520A-AS/nrf_drv_uart.o
 .text.tx_byte  0x0000000000004936       0x46 Output/Debug/Obj/ClassA_ISP4520A-AS/nrf_drv_uart.o
 .text.rx_byte  0x000000000000497c       0x54 Output/Debug/Obj/ClassA_ISP4520A-AS/nrf_drv_uart.o
 .text.rx_done_event
                0x00000000000049d0       0x36 Output/Debug/Obj/ClassA_ISP4520A-AS/nrf_drv_uart.o
 .text.tx_done_event
                0x0000000000004a06       0x3c Output/Debug/Obj/ClassA_ISP4520A-AS/nrf_drv_uart.o
 .text.uart_irq_handler
                0x0000000000004a42      0x1d4 Output/Debug/Obj/ClassA_ISP4520A-AS/nrf_drv_uart.o
 .text.uarte_irq_handler
                0x0000000000004c16      0x160 Output/Debug/Obj/ClassA_ISP4520A-AS/nrf_drv_uart.o
 *fill*         0x0000000000004d76        0x2 
 .text.UARTE0_UART0_IRQHandler
                0x0000000000004d78       0x28 Output/Debug/Obj/ClassA_ISP4520A-AS/nrf_drv_uart.o
                0x0000000000004d78                UARTE0_UART0_IRQHandler
 .text.nrf_clock_int_enable
                0x0000000000004da0       0x14 Output/Debug/Obj/ClassA_ISP4520A-AS/nrf_drv_clock.o
 .text.nrf_clock_int_disable
                0x0000000000004db4       0x14 Output/Debug/Obj/ClassA_ISP4520A-AS/nrf_drv_clock.o
 .text.nrf_clock_task_trigger
                0x0000000000004dc8       0x1a Output/Debug/Obj/ClassA_ISP4520A-AS/nrf_drv_clock.o
 .text.nrf_clock_event_clear
                0x0000000000004de2       0x28 Output/Debug/Obj/ClassA_ISP4520A-AS/nrf_drv_clock.o
 .text.nrf_clock_event_check
                0x0000000000004e0a       0x22 Output/Debug/Obj/ClassA_ISP4520A-AS/nrf_drv_clock.o
 .text.nrf_clock_lf_src_set
                0x0000000000004e2c       0x1e Output/Debug/Obj/ClassA_ISP4520A-AS/nrf_drv_clock.o
 *fill*         0x0000000000004e4a        0x2 
 .text.nrf_drv_common_irq_enable_check
                0x0000000000004e4c       0x38 Output/Debug/Obj/ClassA_ISP4520A-AS/nrf_drv_clock.o
 .text.nrf_drv_common_power_clock_irq_init
                0x0000000000004e84       0x20 Output/Debug/Obj/ClassA_ISP4520A-AS/nrf_drv_clock.o
 .text.lfclk_start
                0x0000000000004ea4       0x1a Output/Debug/Obj/ClassA_ISP4520A-AS/nrf_drv_clock.o
 *fill*         0x0000000000004ebe        0x2 
 .text.nrf_drv_clock_init
                0x0000000000004ec0       0x4c Output/Debug/Obj/ClassA_ISP4520A-AS/nrf_drv_clock.o
                0x0000000000004ec0                nrf_drv_clock_init
 .text.item_enqueue
                0x0000000000004f0c       0x38 Output/Debug/Obj/ClassA_ISP4520A-AS/nrf_drv_clock.o
 .text.item_dequeue
                0x0000000000004f44       0x20 Output/Debug/Obj/ClassA_ISP4520A-AS/nrf_drv_clock.o
 .text.nrf_drv_clock_lfclk_request
                0x0000000000004f64       0x9c Output/Debug/Obj/ClassA_ISP4520A-AS/nrf_drv_clock.o
                0x0000000000004f64                nrf_drv_clock_lfclk_request
 .text.clock_clk_started_notify
                0x0000000000005000       0x4c Output/Debug/Obj/ClassA_ISP4520A-AS/nrf_drv_clock.o
 .text.POWER_CLOCK_IRQHandler
                0x000000000000504c       0x5c Output/Debug/Obj/ClassA_ISP4520A-AS/nrf_drv_clock.o
                0x000000000000504c                POWER_CLOCK_IRQHandler
 .text._DoInit  0x00000000000050a8       0x9c Output/Debug/Obj/ClassA_ISP4520A-AS/SEGGER_RTT.o
 .text._WriteBlocking
                0x0000000000005144       0xb2 Output/Debug/Obj/ClassA_ISP4520A-AS/SEGGER_RTT.o
 .text._WriteNoCheck
                0x00000000000051f6       0x7e Output/Debug/Obj/ClassA_ISP4520A-AS/SEGGER_RTT.o
 .text._GetAvailWriteSpace
                0x0000000000005274       0x3c Output/Debug/Obj/ClassA_ISP4520A-AS/SEGGER_RTT.o
 .text.SEGGER_RTT_WriteNoLock
                0x00000000000052b0       0xa0 Output/Debug/Obj/ClassA_ISP4520A-AS/SEGGER_RTT.o
                0x00000000000052b0                SEGGER_RTT_WriteNoLock
 .text.SEGGER_RTT_Init
                0x0000000000005350        0xa Output/Debug/Obj/ClassA_ISP4520A-AS/SEGGER_RTT.o
                0x0000000000005350                SEGGER_RTT_Init
 *fill*         0x000000000000535a        0x2 
 .text.NVIC_SystemReset
                0x000000000000535c       0x2c Output/Debug/Obj/ClassA_ISP4520A-AS/system_nrf52.o
 .text.SystemCoreClockUpdate
                0x0000000000005388       0x14 Output/Debug/Obj/ClassA_ISP4520A-AS/system_nrf52.o
                0x0000000000005388                SystemCoreClockUpdate
 .text.SystemInit
                0x000000000000539c      0x2c0 Output/Debug/Obj/ClassA_ISP4520A-AS/system_nrf52.o
                0x000000000000539c                SystemInit
 .text.errata_12
                0x000000000000565c       0x58 Output/Debug/Obj/ClassA_ISP4520A-AS/system_nrf52.o
 .text.errata_16
                0x00000000000056b4       0x38 Output/Debug/Obj/ClassA_ISP4520A-AS/system_nrf52.o
 .text.errata_31
                0x00000000000056ec       0x58 Output/Debug/Obj/ClassA_ISP4520A-AS/system_nrf52.o
 .text.errata_32
                0x0000000000005744       0x38 Output/Debug/Obj/ClassA_ISP4520A-AS/system_nrf52.o
 .text.errata_36
                0x000000000000577c       0x58 Output/Debug/Obj/ClassA_ISP4520A-AS/system_nrf52.o
 .text.errata_37
                0x00000000000057d4       0x38 Output/Debug/Obj/ClassA_ISP4520A-AS/system_nrf52.o
 .text.errata_57
                0x000000000000580c       0x38 Output/Debug/Obj/ClassA_ISP4520A-AS/system_nrf52.o
 .text.errata_66
                0x0000000000005844       0x38 Output/Debug/Obj/ClassA_ISP4520A-AS/system_nrf52.o
 .text.errata_108
                0x000000000000587c       0x58 Output/Debug/Obj/ClassA_ISP4520A-AS/system_nrf52.o
 .text.errata_136
                0x00000000000058d4       0x58 Output/Debug/Obj/ClassA_ISP4520A-AS/system_nrf52.o
 .text.lora_hardware_init
                0x000000000000592c       0x2c Output/Debug/Obj/ClassA_ISP4520A-AS/board.o
                0x000000000000592c                lora_hardware_init
 .text.BoardGetRandomSeed
                0x0000000000005958       0x18 Output/Debug/Obj/ClassA_ISP4520A-AS/board.o
                0x0000000000005958                BoardGetRandomSeed
 .text.BoardGetUniqueId
                0x0000000000005970       0x7c Output/Debug/Obj/ClassA_ISP4520A-AS/board.o
                0x0000000000005970                BoardGetUniqueId
 .text.BoardGetBatteryLevel
                0x00000000000059ec        0x6 Output/Debug/Obj/ClassA_ISP4520A-AS/board.o
                0x00000000000059ec                BoardGetBatteryLevel
 .text.BoardCriticalSectionBegin
                0x00000000000059f2       0x1a Output/Debug/Obj/ClassA_ISP4520A-AS/board.o
                0x00000000000059f2                BoardCriticalSectionBegin
 .text.BoardCriticalSectionEnd
                0x0000000000005a0c       0x18 Output/Debug/Obj/ClassA_ISP4520A-AS/board.o
                0x0000000000005a0c                BoardCriticalSectionEnd
 .text.nrf_gpio_pin_port_decode
                0x0000000000005a24       0x28 Output/Debug/Obj/ClassA_ISP4520A-AS/gpio-board.o
 .text.nrf_gpio_cfg
                0x0000000000005a4c       0x62 Output/Debug/Obj/ClassA_ISP4520A-AS/gpio-board.o
 .text.nrf_gpio_cfg_output
                0x0000000000005aae       0x22 Output/Debug/Obj/ClassA_ISP4520A-AS/gpio-board.o
 .text.nrf_gpio_cfg_input
                0x0000000000005ad0       0x2a Output/Debug/Obj/ClassA_ISP4520A-AS/gpio-board.o
 .text.nrf_gpio_pin_set
                0x0000000000005afa       0x28 Output/Debug/Obj/ClassA_ISP4520A-AS/gpio-board.o
 .text.nrf_gpio_pin_clear
                0x0000000000005b22       0x28 Output/Debug/Obj/ClassA_ISP4520A-AS/gpio-board.o
 .text.nrf_gpio_pin_write
                0x0000000000005b4a       0x24 Output/Debug/Obj/ClassA_ISP4520A-AS/gpio-board.o
 .text.nrf_gpio_pin_read
                0x0000000000005b6e       0x2a Output/Debug/Obj/ClassA_ISP4520A-AS/gpio-board.o
 .text.nrf_gpio_port_in_read
                0x0000000000005b98       0x10 Output/Debug/Obj/ClassA_ISP4520A-AS/gpio-board.o
 .text.nrf_gpio_port_out_set
                0x0000000000005ba8       0x14 Output/Debug/Obj/ClassA_ISP4520A-AS/gpio-board.o
 .text.nrf_gpio_port_out_clear
                0x0000000000005bbc       0x14 Output/Debug/Obj/ClassA_ISP4520A-AS/gpio-board.o
 .text.gpiote_evt_handler
                0x0000000000005bd0       0x30 Output/Debug/Obj/ClassA_ISP4520A-AS/gpio-board.o
 .text.GpioInit
                0x0000000000005c00       0x98 Output/Debug/Obj/ClassA_ISP4520A-AS/gpio-board.o
                0x0000000000005c00                GpioInit
 .text.GpioSetInterrupt
                0x0000000000005c98       0xfc Output/Debug/Obj/ClassA_ISP4520A-AS/gpio-board.o
                0x0000000000005c98                GpioSetInterrupt
 .text.GpioWrite
                0x0000000000005d94       0x26 Output/Debug/Obj/ClassA_ISP4520A-AS/gpio-board.o
                0x0000000000005d94                GpioWrite
 .text.GpioRead
                0x0000000000005dba       0x26 Output/Debug/Obj/ClassA_ISP4520A-AS/gpio-board.o
                0x0000000000005dba                GpioRead
 .text.SpiInit  0x0000000000005de0       0x7c Output/Debug/Obj/ClassA_ISP4520A-AS/spi-board.o
                0x0000000000005de0                SpiInit
 .text.SpiInOut
                0x0000000000005e5c       0x68 Output/Debug/Obj/ClassA_ISP4520A-AS/spi-board.o
                0x0000000000005e5c                SpiInOut
 .text.SX126xIoInit
                0x0000000000005ec4       0x54 Output/Debug/Obj/ClassA_ISP4520A-AS/sx126x-board.o
                0x0000000000005ec4                SX126xIoInit
 .text.SX126xIoIrqInit
                0x0000000000005f18       0x20 Output/Debug/Obj/ClassA_ISP4520A-AS/sx126x-board.o
                0x0000000000005f18                SX126xIoIrqInit
 .text.SX126xIoTcxoInit
                0x0000000000005f38        0x4 Output/Debug/Obj/ClassA_ISP4520A-AS/sx126x-board.o
                0x0000000000005f38                SX126xIoTcxoInit
 .text.SX126xGetBoardTcxoWakeupTime
                0x0000000000005f3c        0x6 Output/Debug/Obj/ClassA_ISP4520A-AS/sx126x-board.o
                0x0000000000005f3c                SX126xGetBoardTcxoWakeupTime
 *fill*         0x0000000000005f42        0x2 
 .text.SX126xReset
                0x0000000000005f44       0x4c Output/Debug/Obj/ClassA_ISP4520A-AS/sx126x-board.o
                0x0000000000005f44                SX126xReset
 .text.SX126xWaitOnBusy
                0x0000000000005f90       0x1c Output/Debug/Obj/ClassA_ISP4520A-AS/sx126x-board.o
                0x0000000000005f90                SX126xWaitOnBusy
 .text.SX126xWakeup
                0x0000000000005fac       0x48 Output/Debug/Obj/ClassA_ISP4520A-AS/sx126x-board.o
                0x0000000000005fac                SX126xWakeup
 .text.SX126xWriteCommand
                0x0000000000005ff4       0x84 Output/Debug/Obj/ClassA_ISP4520A-AS/sx126x-board.o
                0x0000000000005ff4                SX126xWriteCommand
 .text.SX126xReadCommand
                0x0000000000006078       0x98 Output/Debug/Obj/ClassA_ISP4520A-AS/sx126x-board.o
                0x0000000000006078                SX126xReadCommand
 .text.SX126xWriteRegisters
                0x0000000000006110       0x94 Output/Debug/Obj/ClassA_ISP4520A-AS/sx126x-board.o
                0x0000000000006110                SX126xWriteRegisters
 .text.SX126xWriteRegister
                0x00000000000061a4       0x2a Output/Debug/Obj/ClassA_ISP4520A-AS/sx126x-board.o
                0x00000000000061a4                SX126xWriteRegister
 *fill*         0x00000000000061ce        0x2 
 .text.SX126xReadRegisters
                0x00000000000061d0       0xa0 Output/Debug/Obj/ClassA_ISP4520A-AS/sx126x-board.o
                0x00000000000061d0                SX126xReadRegisters
 .text.SX126xReadRegister
                0x0000000000006270       0x26 Output/Debug/Obj/ClassA_ISP4520A-AS/sx126x-board.o
                0x0000000000006270                SX126xReadRegister
 *fill*         0x0000000000006296        0x2 
 .text.SX126xWriteBuffer
                0x0000000000006298       0x84 Output/Debug/Obj/ClassA_ISP4520A-AS/sx126x-board.o
                0x0000000000006298                SX126xWriteBuffer
 .text.SX126xReadBuffer
                0x000000000000631c       0x90 Output/Debug/Obj/ClassA_ISP4520A-AS/sx126x-board.o
                0x000000000000631c                SX126xReadBuffer
 .text.SX126xSetRfTxPower
                0x00000000000063ac       0x1e Output/Debug/Obj/ClassA_ISP4520A-AS/sx126x-board.o
                0x00000000000063ac                SX126xSetRfTxPower
 .text.SX126xGetDeviceId
                0x00000000000063ca        0x6 Output/Debug/Obj/ClassA_ISP4520A-AS/sx126x-board.o
                0x00000000000063ca                SX126xGetDeviceId
 .text.SX126xSetDio3AsOutput
                0x00000000000063d0      0x250 Output/Debug/Obj/ClassA_ISP4520A-AS/sx126x-board.o
 .text.SX126xSetDio3State
                0x0000000000006620       0xe8 Output/Debug/Obj/ClassA_ISP4520A-AS/sx126x-board.o
 .text.SX126xAntSwOn
                0x0000000000006708       0x14 Output/Debug/Obj/ClassA_ISP4520A-AS/sx126x-board.o
                0x0000000000006708                SX126xAntSwOn
 .text.SX126xAntSwOff
                0x000000000000671c       0x10 Output/Debug/Obj/ClassA_ISP4520A-AS/sx126x-board.o
                0x000000000000671c                SX126xAntSwOff
 .text.NVIC_EnableIRQ
                0x000000000000672c       0x2c Output/Debug/Obj/ClassA_ISP4520A-AS/rtc-board.o
 .text.NVIC_ClearPendingIRQ
                0x0000000000006758       0x30 Output/Debug/Obj/ClassA_ISP4520A-AS/rtc-board.o
 .text.NVIC_SetPriority
                0x0000000000006788       0x50 Output/Debug/Obj/ClassA_ISP4520A-AS/rtc-board.o
 .text.RtcInit  0x00000000000067d8       0x6c Output/Debug/Obj/ClassA_ISP4520A-AS/rtc-board.o
                0x00000000000067d8                RtcInit
 .text.RtcGetMinimumTimeout
                0x0000000000006844        0x6 Output/Debug/Obj/ClassA_ISP4520A-AS/rtc-board.o
                0x0000000000006844                RtcGetMinimumTimeout
 .text.RtcMs2Tick
                0x000000000000684a       0x42 Output/Debug/Obj/ClassA_ISP4520A-AS/rtc-board.o
                0x000000000000684a                RtcMs2Tick
 .text.RtcTick2Ms
                0x000000000000688c       0x7c Output/Debug/Obj/ClassA_ISP4520A-AS/rtc-board.o
                0x000000000000688c                RtcTick2Ms
 .text.RtcSetAlarm
                0x0000000000006908       0x34 Output/Debug/Obj/ClassA_ISP4520A-AS/rtc-board.o
                0x0000000000006908                RtcSetAlarm
 .text.RtcStopAlarm
                0x000000000000693c       0x14 Output/Debug/Obj/ClassA_ISP4520A-AS/rtc-board.o
                0x000000000000693c                RtcStopAlarm
 .text.RtcSetTimerContext
                0x0000000000006950       0x1c Output/Debug/Obj/ClassA_ISP4520A-AS/rtc-board.o
                0x0000000000006950                RtcSetTimerContext
 .text.RtcGetTimerContext
                0x000000000000696c        0xc Output/Debug/Obj/ClassA_ISP4520A-AS/rtc-board.o
                0x000000000000696c                RtcGetTimerContext
 .text.RtcGetCalendarTime
                0x0000000000006978       0x6c Output/Debug/Obj/ClassA_ISP4520A-AS/rtc-board.o
                0x0000000000006978                RtcGetCalendarTime
 .text.RtcGetTimerValue
                0x00000000000069e4       0x10 Output/Debug/Obj/ClassA_ISP4520A-AS/rtc-board.o
                0x00000000000069e4                RtcGetTimerValue
 .text.RtcGetTimerElapsedTime
                0x00000000000069f4       0x20 Output/Debug/Obj/ClassA_ISP4520A-AS/rtc-board.o
                0x00000000000069f4                RtcGetTimerElapsedTime
 .text.RtcBkupWrite
                0x0000000000006a14       0x20 Output/Debug/Obj/ClassA_ISP4520A-AS/rtc-board.o
                0x0000000000006a14                RtcBkupWrite
 .text.RtcBkupRead
                0x0000000000006a34       0x24 Output/Debug/Obj/ClassA_ISP4520A-AS/rtc-board.o
                0x0000000000006a34                RtcBkupRead
 .text.RTC2_IRQHandler
                0x0000000000006a58       0x48 Output/Debug/Obj/ClassA_ISP4520A-AS/rtc-board.o
                0x0000000000006a58                RTC2_IRQHandler
 .text.rand1    0x0000000000006aa0       0x3c Output/Debug/Obj/ClassA_ISP4520A-AS/utilities.o
                0x0000000000006aa0                rand1
 .text.srand1   0x0000000000006adc       0x14 Output/Debug/Obj/ClassA_ISP4520A-AS/utilities.o
                0x0000000000006adc                srand1
 .text.randr    0x0000000000006af0       0x2c Output/Debug/Obj/ClassA_ISP4520A-AS/utilities.o
                0x0000000000006af0                randr
 .text.memcpy1  0x0000000000006b1c       0x34 Output/Debug/Obj/ClassA_ISP4520A-AS/utilities.o
                0x0000000000006b1c                memcpy1
 .text.memcpyr  0x0000000000006b50       0x40 Output/Debug/Obj/ClassA_ISP4520A-AS/utilities.o
                0x0000000000006b50                memcpyr
 .text.memset1  0x0000000000006b90       0x34 Output/Debug/Obj/ClassA_ISP4520A-AS/utilities.o
                0x0000000000006b90                memset1
 .text.nrf_delay_us
                0x0000000000006bc4       0xa0 Output/Debug/Obj/ClassA_ISP4520A-AS/delay.o
 .text.nrf_delay_ms
                0x0000000000006c64       0x1e Output/Debug/Obj/ClassA_ISP4520A-AS/delay.o
 .text.DelayMs  0x0000000000006c82       0x14 Output/Debug/Obj/ClassA_ISP4520A-AS/delay.o
                0x0000000000006c82                DelayMs
 *fill*         0x0000000000006c96        0x2 
 .text.TimerRtcInit
                0x0000000000006c98       0x10 Output/Debug/Obj/ClassA_ISP4520A-AS/timer.o
                0x0000000000006c98                TimerRtcInit
 .text.TimerInit
                0x0000000000006ca8       0x36 Output/Debug/Obj/ClassA_ISP4520A-AS/timer.o
                0x0000000000006ca8                TimerInit
 *fill*         0x0000000000006cde        0x2 
 .text.TimerStart
                0x0000000000006ce0       0x98 Output/Debug/Obj/ClassA_ISP4520A-AS/timer.o
                0x0000000000006ce0                TimerStart
 .text.TimerInsertTimer
                0x0000000000006d78       0x58 Output/Debug/Obj/ClassA_ISP4520A-AS/timer.o
 .text.TimerInsertNewHeadTimer
                0x0000000000006dd0       0x3c Output/Debug/Obj/ClassA_ISP4520A-AS/timer.o
 .text.RtcEvtHandler
                0x0000000000006e0c      0x100 Output/Debug/Obj/ClassA_ISP4520A-AS/timer.o
                0x0000000000006e0c                RtcEvtHandler
 .text.TimerStop
                0x0000000000006f0c       0xec Output/Debug/Obj/ClassA_ISP4520A-AS/timer.o
                0x0000000000006f0c                TimerStop
 .text.TimerExists
                0x0000000000006ff8       0x30 Output/Debug/Obj/ClassA_ISP4520A-AS/timer.o
 .text.TimerSetValue
                0x0000000000007028       0x40 Output/Debug/Obj/ClassA_ISP4520A-AS/timer.o
                0x0000000000007028                TimerSetValue
 .text.TimerGetCurrentTime
                0x0000000000007068       0x1a Output/Debug/Obj/ClassA_ISP4520A-AS/timer.o
                0x0000000000007068                TimerGetCurrentTime
 .text.TimerGetElapsedTime
                0x0000000000007082       0x34 Output/Debug/Obj/ClassA_ISP4520A-AS/timer.o
                0x0000000000007082                TimerGetElapsedTime
 .text.TimerSetTimeout
                0x00000000000070b6       0x44 Output/Debug/Obj/ClassA_ISP4520A-AS/timer.o
 .text.SysTimeAdd
                0x00000000000070fa       0x6e Output/Debug/Obj/ClassA_ISP4520A-AS/systime.o
                0x00000000000070fa                SysTimeAdd
 .text.SysTimeSub
                0x0000000000007168       0x6c Output/Debug/Obj/ClassA_ISP4520A-AS/systime.o
                0x0000000000007168                SysTimeSub
 .text.SysTimeSet
                0x00000000000071d4       0x48 Output/Debug/Obj/ClassA_ISP4520A-AS/systime.o
                0x00000000000071d4                SysTimeSet
 .text.SysTimeGet
                0x000000000000721c       0x5c Output/Debug/Obj/ClassA_ISP4520A-AS/systime.o
                0x000000000000721c                SysTimeGet
 .text.SysTimeGetMcuTime
                0x0000000000007278       0x34 Output/Debug/Obj/ClassA_ISP4520A-AS/systime.o
                0x0000000000007278                SysTimeGetMcuTime
 .text.copy_block
                0x00000000000072ac       0xaa Output/Debug/Obj/ClassA_ISP4520A-AS/aes.o
 .text.copy_block_nn
                0x0000000000007356       0x34 Output/Debug/Obj/ClassA_ISP4520A-AS/aes.o
 .text.xor_block
                0x000000000000738a      0x166 Output/Debug/Obj/ClassA_ISP4520A-AS/aes.o
 .text.copy_and_key
                0x00000000000074f0      0x168 Output/Debug/Obj/ClassA_ISP4520A-AS/aes.o
 .text.add_round_key
                0x0000000000007658       0x18 Output/Debug/Obj/ClassA_ISP4520A-AS/aes.o
 .text.shift_sub_rows
                0x0000000000007670      0x13c Output/Debug/Obj/ClassA_ISP4520A-AS/aes.o
 .text.mix_sub_columns
                0x00000000000077ac      0x3d4 Output/Debug/Obj/ClassA_ISP4520A-AS/aes.o
 .text.aes_set_key
                0x0000000000007b80      0x238 Output/Debug/Obj/ClassA_ISP4520A-AS/aes.o
                0x0000000000007b80                aes_set_key
 .text.aes_encrypt
                0x0000000000007db8       0x86 Output/Debug/Obj/ClassA_ISP4520A-AS/aes.o
                0x0000000000007db8                aes_encrypt
 .text.AES_CMAC_Init
                0x0000000000007e3e       0x30 Output/Debug/Obj/ClassA_ISP4520A-AS/cmac.o
                0x0000000000007e3e                AES_CMAC_Init
 .text.AES_CMAC_SetKey
                0x0000000000007e6e       0x1c Output/Debug/Obj/ClassA_ISP4520A-AS/cmac.o
                0x0000000000007e6e                AES_CMAC_SetKey
 .text.AES_CMAC_Update
                0x0000000000007e8a      0x156 Output/Debug/Obj/ClassA_ISP4520A-AS/cmac.o
                0x0000000000007e8a                AES_CMAC_Update
 .text.AES_CMAC_Final
                0x0000000000007fe0      0x2a6 Output/Debug/Obj/ClassA_ISP4520A-AS/cmac.o
                0x0000000000007fe0                AES_CMAC_Final
 *fill*         0x0000000000008286        0x2 
 .text.GetKeyByID
                0x0000000000008288       0x68 Output/Debug/Obj/ClassA_ISP4520A-AS/soft-se.o
                0x0000000000008288                GetKeyByID
 .text.DummyCB  0x00000000000082f0        0x4 Output/Debug/Obj/ClassA_ISP4520A-AS/soft-se.o
 .text.ComputeCmac
                0x00000000000082f4       0xb0 Output/Debug/Obj/ClassA_ISP4520A-AS/soft-se.o
 .text.SecureElementInit
                0x00000000000083a4      0x344 Output/Debug/Obj/ClassA_ISP4520A-AS/soft-se.o
                0x00000000000083a4                SecureElementInit
 .text.SecureElementRestoreNvmCtx
                0x00000000000086e8       0x2c Output/Debug/Obj/ClassA_ISP4520A-AS/soft-se.o
                0x00000000000086e8                SecureElementRestoreNvmCtx
 .text.SecureElementGetNvmCtx
                0x0000000000008714       0x18 Output/Debug/Obj/ClassA_ISP4520A-AS/soft-se.o
                0x0000000000008714                SecureElementGetNvmCtx
 .text.SecureElementSetKey
                0x000000000000872c       0xf8 Output/Debug/Obj/ClassA_ISP4520A-AS/soft-se.o
                0x000000000000872c                SecureElementSetKey
 .text.SecureElementComputeAesCmac
                0x0000000000008824       0x44 Output/Debug/Obj/ClassA_ISP4520A-AS/soft-se.o
                0x0000000000008824                SecureElementComputeAesCmac
 .text.SecureElementVerifyAesCmac
                0x0000000000008868       0x6e Output/Debug/Obj/ClassA_ISP4520A-AS/soft-se.o
                0x0000000000008868                SecureElementVerifyAesCmac
 *fill*         0x00000000000088d6        0x2 
 .text.SecureElementAesEncrypt
                0x00000000000088d8       0xb8 Output/Debug/Obj/ClassA_ISP4520A-AS/soft-se.o
                0x00000000000088d8                SecureElementAesEncrypt
 .text.SecureElementDeriveAndStoreKey
                0x0000000000008990       0xa8 Output/Debug/Obj/ClassA_ISP4520A-AS/soft-se.o
                0x0000000000008990                SecureElementDeriveAndStoreKey
 .text.SecureElementRandomNumber
                0x0000000000008a38       0x2c Output/Debug/Obj/ClassA_ISP4520A-AS/soft-se.o
                0x0000000000008a38                SecureElementRandomNumber
 .text.SecureElementSetDevEui
                0x0000000000008a64       0x34 Output/Debug/Obj/ClassA_ISP4520A-AS/soft-se.o
                0x0000000000008a64                SecureElementSetDevEui
 .text.SecureElementGetDevEui
                0x0000000000008a98        0xc Output/Debug/Obj/ClassA_ISP4520A-AS/soft-se.o
                0x0000000000008a98                SecureElementGetDevEui
 .text.SecureElementSetJoinEui
                0x0000000000008aa4       0x34 Output/Debug/Obj/ClassA_ISP4520A-AS/soft-se.o
                0x0000000000008aa4                SecureElementSetJoinEui
 .text.SecureElementGetJoinEui
                0x0000000000008ad8        0xc Output/Debug/Obj/ClassA_ISP4520A-AS/soft-se.o
                0x0000000000008ad8                SecureElementGetJoinEui
 .text.RadioGetFskBandwidthRegValue
                0x0000000000008ae4       0x68 Output/Debug/Obj/ClassA_ISP4520A-AS/radio.o
 .text.RadioInit
                0x0000000000008b4c       0x78 Output/Debug/Obj/ClassA_ISP4520A-AS/radio.o
                0x0000000000008b4c                RadioInit
 .text.RadioGetStatus
                0x0000000000008bc4       0x2c Output/Debug/Obj/ClassA_ISP4520A-AS/radio.o
                0x0000000000008bc4                RadioGetStatus
 .text.RadioSetModem
                0x0000000000008bf0       0x54 Output/Debug/Obj/ClassA_ISP4520A-AS/radio.o
                0x0000000000008bf0                RadioSetModem
 .text.RadioSetChannel
                0x0000000000008c44       0x14 Output/Debug/Obj/ClassA_ISP4520A-AS/radio.o
                0x0000000000008c44                RadioSetChannel
 .text.RadioIsChannelFree
                0x0000000000008c58       0x8e Output/Debug/Obj/ClassA_ISP4520A-AS/radio.o
                0x0000000000008c58                RadioIsChannelFree
 .text.RadioRandom
                0x0000000000008ce6       0x5c Output/Debug/Obj/ClassA_ISP4520A-AS/radio.o
                0x0000000000008ce6                RadioRandom
 *fill*         0x0000000000008d42        0x2 
 .text.RadioSetRxConfig
                0x0000000000008d44      0x30c Output/Debug/Obj/ClassA_ISP4520A-AS/radio.o
                0x0000000000008d44                RadioSetRxConfig
 .text.RadioSetTxConfig
                0x0000000000009050      0x264 Output/Debug/Obj/ClassA_ISP4520A-AS/radio.o
                0x0000000000009050                RadioSetTxConfig
 .text.RadioCheckRfFrequency
                0x00000000000092b4        0xc Output/Debug/Obj/ClassA_ISP4520A-AS/radio.o
                0x00000000000092b4                RadioCheckRfFrequency
 .text.RadioTimeOnAir
                0x00000000000092c0      0x2c8 Output/Debug/Obj/ClassA_ISP4520A-AS/radio.o
                0x00000000000092c0                RadioTimeOnAir
 .text.RadioSend
                0x0000000000009588       0x7c Output/Debug/Obj/ClassA_ISP4520A-AS/radio.o
                0x0000000000009588                RadioSend
 .text.RadioSleep
                0x0000000000009604       0x2c Output/Debug/Obj/ClassA_ISP4520A-AS/radio.o
                0x0000000000009604                RadioSleep
 .text.RadioStandby
                0x0000000000009630        0xc Output/Debug/Obj/ClassA_ISP4520A-AS/radio.o
                0x0000000000009630                RadioStandby
 .text.RadioRx  0x000000000000963c       0x5c Output/Debug/Obj/ClassA_ISP4520A-AS/radio.o
                0x000000000000963c                RadioRx
 .text.RadioRxBoosted
                0x0000000000009698       0x5c Output/Debug/Obj/ClassA_ISP4520A-AS/radio.o
                0x0000000000009698                RadioRxBoosted
 .text.RadioSetRxDutyCycle
                0x00000000000096f4       0x18 Output/Debug/Obj/ClassA_ISP4520A-AS/radio.o
                0x00000000000096f4                RadioSetRxDutyCycle
 .text.RadioStartCad
                0x000000000000970c        0xa Output/Debug/Obj/ClassA_ISP4520A-AS/radio.o
                0x000000000000970c                RadioStartCad
 *fill*         0x0000000000009716        0x2 
 .text.RadioSetTxContinuousWave
                0x0000000000009718       0x68 Output/Debug/Obj/ClassA_ISP4520A-AS/radio.o
                0x0000000000009718                RadioSetTxContinuousWave
 .text.RadioRssi
                0x0000000000009780       0x1a Output/Debug/Obj/ClassA_ISP4520A-AS/radio.o
                0x0000000000009780                RadioRssi
 .text.RadioWrite
                0x000000000000979a       0x2a Output/Debug/Obj/ClassA_ISP4520A-AS/radio.o
                0x000000000000979a                RadioWrite
 .text.RadioRead
                0x00000000000097c4       0x1e Output/Debug/Obj/ClassA_ISP4520A-AS/radio.o
                0x00000000000097c4                RadioRead
 .text.RadioWriteBuffer
                0x00000000000097e2       0x2c Output/Debug/Obj/ClassA_ISP4520A-AS/radio.o
                0x00000000000097e2                RadioWriteBuffer
 .text.RadioReadBuffer
                0x000000000000980e       0x2c Output/Debug/Obj/ClassA_ISP4520A-AS/radio.o
                0x000000000000980e                RadioReadBuffer
 *fill*         0x000000000000983a        0x2 
 .text.RadioSetMaxPayloadLength
                0x000000000000983c       0x6c Output/Debug/Obj/ClassA_ISP4520A-AS/radio.o
                0x000000000000983c                RadioSetMaxPayloadLength
 .text.RadioSetPublicNetwork
                0x00000000000098a8       0x60 Output/Debug/Obj/ClassA_ISP4520A-AS/radio.o
                0x00000000000098a8                RadioSetPublicNetwork
 .text.RadioGetWakeupTime
                0x0000000000009908        0xe Output/Debug/Obj/ClassA_ISP4520A-AS/radio.o
                0x0000000000009908                RadioGetWakeupTime
 *fill*         0x0000000000009916        0x2 
 .text.RadioOnTxTimeoutIrq
                0x0000000000009918       0x2c Output/Debug/Obj/ClassA_ISP4520A-AS/radio.o
                0x0000000000009918                RadioOnTxTimeoutIrq
 .text.RadioOnRxTimeoutIrq
                0x0000000000009944       0x2c Output/Debug/Obj/ClassA_ISP4520A-AS/radio.o
                0x0000000000009944                RadioOnRxTimeoutIrq
 .text.RadioOnDioIrq
                0x0000000000009970       0x14 Output/Debug/Obj/ClassA_ISP4520A-AS/radio.o
                0x0000000000009970                RadioOnDioIrq
 .text.RadioIrqProcess
                0x0000000000009984      0x240 Output/Debug/Obj/ClassA_ISP4520A-AS/radio.o
                0x0000000000009984                RadioIrqProcess
 .text.SX126xInit
                0x0000000000009bc4       0x32 Output/Debug/Obj/ClassA_ISP4520A-AS/sx126x.o
                0x0000000000009bc4                SX126xInit
 *fill*         0x0000000000009bf6        0x2 
 .text.SX126xGetOperatingMode
                0x0000000000009bf8        0xc Output/Debug/Obj/ClassA_ISP4520A-AS/sx126x.o
                0x0000000000009bf8                SX126xGetOperatingMode
 .text.SX126xSetOperatingMode
                0x0000000000009c04       0x1c Output/Debug/Obj/ClassA_ISP4520A-AS/sx126x.o
                0x0000000000009c04                SX126xSetOperatingMode
 .text.SX126xCheckDeviceReady
                0x0000000000009c20       0x26 Output/Debug/Obj/ClassA_ISP4520A-AS/sx126x.o
                0x0000000000009c20                SX126xCheckDeviceReady
 .text.SX126xSetPayload
                0x0000000000009c46       0x22 Output/Debug/Obj/ClassA_ISP4520A-AS/sx126x.o
                0x0000000000009c46                SX126xSetPayload
 .text.SX126xGetPayload
                0x0000000000009c68       0x4a Output/Debug/Obj/ClassA_ISP4520A-AS/sx126x.o
                0x0000000000009c68                SX126xGetPayload
 .text.SX126xSendPayload
                0x0000000000009cb2       0x28 Output/Debug/Obj/ClassA_ISP4520A-AS/sx126x.o
                0x0000000000009cb2                SX126xSendPayload
 .text.SX126xSetSyncWord
                0x0000000000009cda       0x1c Output/Debug/Obj/ClassA_ISP4520A-AS/sx126x.o
                0x0000000000009cda                SX126xSetSyncWord
 .text.SX126xSetCrcSeed
                0x0000000000009cf6       0x46 Output/Debug/Obj/ClassA_ISP4520A-AS/sx126x.o
                0x0000000000009cf6                SX126xSetCrcSeed
 .text.SX126xSetCrcPolynomial
                0x0000000000009d3c       0x46 Output/Debug/Obj/ClassA_ISP4520A-AS/sx126x.o
                0x0000000000009d3c                SX126xSetCrcPolynomial
 .text.SX126xSetWhiteningSeed
                0x0000000000009d82       0x72 Output/Debug/Obj/ClassA_ISP4520A-AS/sx126x.o
                0x0000000000009d82                SX126xSetWhiteningSeed
 .text.SX126xSetSleep
                0x0000000000009df4       0x5e Output/Debug/Obj/ClassA_ISP4520A-AS/sx126x.o
                0x0000000000009df4                SX126xSetSleep
 .text.SX126xSetStandby
                0x0000000000009e52       0x36 Output/Debug/Obj/ClassA_ISP4520A-AS/sx126x.o
                0x0000000000009e52                SX126xSetStandby
 .text.SX126xSetTx
                0x0000000000009e88       0x3c Output/Debug/Obj/ClassA_ISP4520A-AS/sx126x.o
                0x0000000000009e88                SX126xSetTx
 .text.SX126xSetRx
                0x0000000000009ec4       0x3c Output/Debug/Obj/ClassA_ISP4520A-AS/sx126x.o
                0x0000000000009ec4                SX126xSetRx
 .text.SX126xSetRxBoosted
                0x0000000000009f00       0x46 Output/Debug/Obj/ClassA_ISP4520A-AS/sx126x.o
                0x0000000000009f00                SX126xSetRxBoosted
 .text.SX126xSetRxDutyCycle
                0x0000000000009f46       0x5a Output/Debug/Obj/ClassA_ISP4520A-AS/sx126x.o
                0x0000000000009f46                SX126xSetRxDutyCycle
 .text.SX126xSetCad
                0x0000000000009fa0       0x16 Output/Debug/Obj/ClassA_ISP4520A-AS/sx126x.o
                0x0000000000009fa0                SX126xSetCad
 .text.SX126xSetTxContinuousWave
                0x0000000000009fb6       0x10 Output/Debug/Obj/ClassA_ISP4520A-AS/sx126x.o
                0x0000000000009fb6                SX126xSetTxContinuousWave
 .text.SX126xSetStopRxTimerOnPreambleDetect
                0x0000000000009fc6       0x20 Output/Debug/Obj/ClassA_ISP4520A-AS/sx126x.o
                0x0000000000009fc6                SX126xSetStopRxTimerOnPreambleDetect
 .text.SX126xSetLoRaSymbNumTimeout
                0x0000000000009fe6       0x20 Output/Debug/Obj/ClassA_ISP4520A-AS/sx126x.o
                0x0000000000009fe6                SX126xSetLoRaSymbNumTimeout
 .text.SX126xSetRegulatorMode
                0x000000000000a006       0x20 Output/Debug/Obj/ClassA_ISP4520A-AS/sx126x.o
                0x000000000000a006                SX126xSetRegulatorMode
 *fill*         0x000000000000a026        0x2 
 .text.SX126xCalibrateImage
                0x000000000000a028       0x9c Output/Debug/Obj/ClassA_ISP4520A-AS/sx126x.o
                0x000000000000a028                SX126xCalibrateImage
 .text.SX126xSetPaConfig
                0x000000000000a0c4       0x56 Output/Debug/Obj/ClassA_ISP4520A-AS/sx126x.o
                0x000000000000a0c4                SX126xSetPaConfig
 .text.SX126xSetDioIrqParams
                0x000000000000a11a       0x96 Output/Debug/Obj/ClassA_ISP4520A-AS/sx126x.o
                0x000000000000a11a                SX126xSetDioIrqParams
 .text.SX126xGetIrqStatus
                0x000000000000a1b0       0x2c Output/Debug/Obj/ClassA_ISP4520A-AS/sx126x.o
                0x000000000000a1b0                SX126xGetIrqStatus
 .text.SX126xSetDio2AsRfSwitchCtrl
                0x000000000000a1dc       0x20 Output/Debug/Obj/ClassA_ISP4520A-AS/sx126x.o
                0x000000000000a1dc                SX126xSetDio2AsRfSwitchCtrl
 *fill*         0x000000000000a1fc        0x4 
 .text.SX126xSetRfFrequency
                0x000000000000a200       0xbc Output/Debug/Obj/ClassA_ISP4520A-AS/sx126x.o
                0x000000000000a200                SX126xSetRfFrequency
 .text.SX126xSetPacketType
                0x000000000000a2bc       0x2c Output/Debug/Obj/ClassA_ISP4520A-AS/sx126x.o
                0x000000000000a2bc                SX126xSetPacketType
 .text.SX126xGetPacketType
                0x000000000000a2e8        0xc Output/Debug/Obj/ClassA_ISP4520A-AS/sx126x.o
                0x000000000000a2e8                SX126xGetPacketType
 .text.SX126xSetTxParams
                0x000000000000a2f4       0xde Output/Debug/Obj/ClassA_ISP4520A-AS/sx126x.o
                0x000000000000a2f4                SX126xSetTxParams
 *fill*         0x000000000000a3d2        0x6 
 .text.SX126xSetModulationParams
                0x000000000000a3d8      0x17c Output/Debug/Obj/ClassA_ISP4520A-AS/sx126x.o
                0x000000000000a3d8                SX126xSetModulationParams
 .text.SX126xSetPacketParams
                0x000000000000a554      0x144 Output/Debug/Obj/ClassA_ISP4520A-AS/sx126x.o
                0x000000000000a554                SX126xSetPacketParams
 .text.SX126xSetBufferBaseAddress
                0x000000000000a698       0x36 Output/Debug/Obj/ClassA_ISP4520A-AS/sx126x.o
                0x000000000000a698                SX126xSetBufferBaseAddress
 .text.SX126xGetRssiInst
                0x000000000000a6ce       0x2e Output/Debug/Obj/ClassA_ISP4520A-AS/sx126x.o
                0x000000000000a6ce                SX126xGetRssiInst
 .text.SX126xGetRxBufferStatus
                0x000000000000a6fc       0x58 Output/Debug/Obj/ClassA_ISP4520A-AS/sx126x.o
                0x000000000000a6fc                SX126xGetRxBufferStatus
 .text.SX126xGetPacketStatus
                0x000000000000a754       0xac Output/Debug/Obj/ClassA_ISP4520A-AS/sx126x.o
                0x000000000000a754                SX126xGetPacketStatus
 .text.SX126xClearIrqStatus
                0x000000000000a800       0x36 Output/Debug/Obj/ClassA_ISP4520A-AS/sx126x.o
                0x000000000000a800                SX126xClearIrqStatus
 *fill*         0x000000000000a836        0x2 
 .text.lmh_evt_handler
                0x000000000000a838       0x88 Output/Debug/Obj/ClassA_ISP4520A-AS/main.o
 .text.lmh_rx_data_handler
                0x000000000000a8c0       0x4c Output/Debug/Obj/ClassA_ISP4520A-AS/main.o
 .text.tx_lora_periodic_handler
                0x000000000000a90c       0xf8 Output/Debug/Obj/ClassA_ISP4520A-AS/main.o
 .text.timers_init
                0x000000000000aa04       0x78 Output/Debug/Obj/ClassA_ISP4520A-AS/main.o
 .text.log_init
                0x000000000000aa7c       0x30 Output/Debug/Obj/ClassA_ISP4520A-AS/main.o
 .text.main     0x000000000000aaac       0xb4 Output/Debug/Obj/ClassA_ISP4520A-AS/main.o
                0x000000000000aaac                main
 .text.OnRadioTxDone
                0x000000000000ab60       0x64 Output/Debug/Obj/ClassA_ISP4520A-AS/LoRaMac.o
 .text.OnRadioRxDone
                0x000000000000abc4       0x84 Output/Debug/Obj/ClassA_ISP4520A-AS/LoRaMac.o
 .text.OnRadioTxTimeout
                0x000000000000ac48       0x38 Output/Debug/Obj/ClassA_ISP4520A-AS/LoRaMac.o
 .text.OnRadioRxError
                0x000000000000ac80       0x38 Output/Debug/Obj/ClassA_ISP4520A-AS/LoRaMac.o
 .text.OnRadioRxTimeout
                0x000000000000acb8       0x38 Output/Debug/Obj/ClassA_ISP4520A-AS/LoRaMac.o
 .text.UpdateRxSlotIdleState
                0x000000000000acf0       0x28 Output/Debug/Obj/ClassA_ISP4520A-AS/LoRaMac.o
 .text.ProcessRadioTxDone
                0x000000000000ad18      0x120 Output/Debug/Obj/ClassA_ISP4520A-AS/LoRaMac.o
 .text.PrepareRxDoneAbort
                0x000000000000ae38       0x4c Output/Debug/Obj/ClassA_ISP4520A-AS/LoRaMac.o
 .text.ProcessRadioRxDone
                0x000000000000ae84      0x8cc Output/Debug/Obj/ClassA_ISP4520A-AS/LoRaMac.o
 .text.ProcessRadioTxTimeout
                0x000000000000b750       0x54 Output/Debug/Obj/ClassA_ISP4520A-AS/LoRaMac.o
 .text.HandleRadioRxErrorTimeout
                0x000000000000b7a4      0x148 Output/Debug/Obj/ClassA_ISP4520A-AS/LoRaMac.o
 .text.ProcessRadioRxError
                0x000000000000b8ec        0xe Output/Debug/Obj/ClassA_ISP4520A-AS/LoRaMac.o
 .text.ProcessRadioRxTimeout
                0x000000000000b8fa        0xe Output/Debug/Obj/ClassA_ISP4520A-AS/LoRaMac.o
 .text.LoRaMacHandleIrqEvents
                0x000000000000b908       0x8c Output/Debug/Obj/ClassA_ISP4520A-AS/LoRaMac.o
 .text.LoRaMacIsBusy
                0x000000000000b994       0x24 Output/Debug/Obj/ClassA_ISP4520A-AS/LoRaMac.o
                0x000000000000b994                LoRaMacIsBusy
 .text.LoRaMacEnableRequests
                0x000000000000b9b8       0x1c Output/Debug/Obj/ClassA_ISP4520A-AS/LoRaMac.o
 .text.LoRaMacHandleRequestEvents
                0x000000000000b9d4       0xc8 Output/Debug/Obj/ClassA_ISP4520A-AS/LoRaMac.o
 .text.LoRaMacHandleScheduleUplinkEvent
                0x000000000000ba9c       0x38 Output/Debug/Obj/ClassA_ISP4520A-AS/LoRaMac.o
 .text.LoRaMacHandleIndicationEvents
                0x000000000000bad4       0xa4 Output/Debug/Obj/ClassA_ISP4520A-AS/LoRaMac.o
 .text.LoRaMacHandleMcpsRequest
                0x000000000000bb78       0xec Output/Debug/Obj/ClassA_ISP4520A-AS/LoRaMac.o
 .text.LoRaMacHandleMlmeRequest
                0x000000000000bc64       0x74 Output/Debug/Obj/ClassA_ISP4520A-AS/LoRaMac.o
 .text.LoRaMacCheckForBeaconAcquisition
                0x000000000000bcd8       0x4c Output/Debug/Obj/ClassA_ISP4520A-AS/LoRaMac.o
 .text.LoRaMacCheckForRxAbort
                0x000000000000bd24       0x38 Output/Debug/Obj/ClassA_ISP4520A-AS/LoRaMac.o
 .text.LoRaMacProcess
                0x000000000000bd5c       0x84 Output/Debug/Obj/ClassA_ISP4520A-AS/LoRaMac.o
                0x000000000000bd5c                LoRaMacProcess
 .text.OnTxDelayedTimerEvent
                0x000000000000bde0       0x70 Output/Debug/Obj/ClassA_ISP4520A-AS/LoRaMac.o
 .text.OnRxWindow1TimerEvent
                0x000000000000be50       0x70 Output/Debug/Obj/ClassA_ISP4520A-AS/LoRaMac.o
 .text.OnRxWindow2TimerEvent
                0x000000000000bec0       0x7c Output/Debug/Obj/ClassA_ISP4520A-AS/LoRaMac.o
 .text.OnAckTimeoutTimerEvent
                0x000000000000bf3c       0x6c Output/Debug/Obj/ClassA_ISP4520A-AS/LoRaMac.o
 .text.GetFCntDown
                0x000000000000bfa8       0xc0 Output/Debug/Obj/ClassA_ISP4520A-AS/LoRaMac.o
 .text.SwitchClass
                0x000000000000c068      0x20c Output/Debug/Obj/ClassA_ISP4520A-AS/LoRaMac.o
 .text.GetMaxAppPayloadWithoutFOptsLength
                0x000000000000c274       0x60 Output/Debug/Obj/ClassA_ISP4520A-AS/LoRaMac.o
 .text.ValidatePayloadLength
                0x000000000000c2d4       0x66 Output/Debug/Obj/ClassA_ISP4520A-AS/LoRaMac.o
 *fill*         0x000000000000c33a        0x2 
 .text.SetMlmeScheduleUplinkIndication
                0x000000000000c33c       0x18 Output/Debug/Obj/ClassA_ISP4520A-AS/LoRaMac.o
 .text.ProcessMacCommands
                0x000000000000c354      0x9c0 Output/Debug/Obj/ClassA_ISP4520A-AS/LoRaMac.o
 .text.Send     0x000000000000cd14      0x218 Output/Debug/Obj/ClassA_ISP4520A-AS/LoRaMac.o
                0x000000000000cd14                Send
 .text.SendReJoinReq
                0x000000000000cf2c       0xb4 Output/Debug/Obj/ClassA_ISP4520A-AS/LoRaMac.o
                0x000000000000cf2c                SendReJoinReq
 .text.CheckForClassBCollision
                0x000000000000cfe0       0x44 Output/Debug/Obj/ClassA_ISP4520A-AS/LoRaMac.o
 .text.ScheduleTx
                0x000000000000d024      0x288 Output/Debug/Obj/ClassA_ISP4520A-AS/LoRaMac.o
 .text.SecureFrame
                0x000000000000d2ac       0xc4 Output/Debug/Obj/ClassA_ISP4520A-AS/LoRaMac.o
 .text.CalculateBackOff
                0x000000000000d370       0xd8 Output/Debug/Obj/ClassA_ISP4520A-AS/LoRaMac.o
 .text.RemoveMacCommands
                0x000000000000d448       0x4c Output/Debug/Obj/ClassA_ISP4520A-AS/LoRaMac.o
 .text.ResetMacParameters
                0x000000000000d494      0x1d4 Output/Debug/Obj/ClassA_ISP4520A-AS/LoRaMac.o
 .text.RxWindowSetup
                0x000000000000d668       0x5c Output/Debug/Obj/ClassA_ISP4520A-AS/LoRaMac.o
 .text.OpenContinuousRxCWindow
                0x000000000000d6c4       0x88 Output/Debug/Obj/ClassA_ISP4520A-AS/LoRaMac.o
 .text.PrepareFrame
                0x000000000000d74c      0x258 Output/Debug/Obj/ClassA_ISP4520A-AS/LoRaMac.o
                0x000000000000d74c                PrepareFrame
 .text.SendFrameOnChannel
                0x000000000000d9a4      0x140 Output/Debug/Obj/ClassA_ISP4520A-AS/LoRaMac.o
                0x000000000000d9a4                SendFrameOnChannel
 .text.SetTxContinuousWave
                0x000000000000dae4       0x80 Output/Debug/Obj/ClassA_ISP4520A-AS/LoRaMac.o
                0x000000000000dae4                SetTxContinuousWave
 .text.SetTxContinuousWave1
                0x000000000000db64       0x44 Output/Debug/Obj/ClassA_ISP4520A-AS/LoRaMac.o
                0x000000000000db64                SetTxContinuousWave1
 .text.GetCtxs  0x000000000000dba8       0x9c Output/Debug/Obj/ClassA_ISP4520A-AS/LoRaMac.o
                0x000000000000dba8                GetCtxs
 .text.RestoreCtxs
                0x000000000000dc44      0x124 Output/Debug/Obj/ClassA_ISP4520A-AS/LoRaMac.o
                0x000000000000dc44                RestoreCtxs
 .text.DetermineFrameType
                0x000000000000dd68       0x94 Output/Debug/Obj/ClassA_ISP4520A-AS/LoRaMac.o
                0x000000000000dd68                DetermineFrameType
 .text.CheckRetransUnconfirmedUplink
                0x000000000000ddfc       0x54 Output/Debug/Obj/ClassA_ISP4520A-AS/LoRaMac.o
 .text.CheckRetransConfirmedUplink
                0x000000000000de50       0x3c Output/Debug/Obj/ClassA_ISP4520A-AS/LoRaMac.o
 .text.StopRetransmission
                0x000000000000de8c       0x74 Output/Debug/Obj/ClassA_ISP4520A-AS/LoRaMac.o
 .text.AckTimeoutRetriesProcess
                0x000000000000df00       0x88 Output/Debug/Obj/ClassA_ISP4520A-AS/LoRaMac.o
 .text.AckTimeoutRetriesFinalize
                0x000000000000df88       0x60 Output/Debug/Obj/ClassA_ISP4520A-AS/LoRaMac.o
 .text.CallNvmCtxCallback
                0x000000000000dfe8       0x3c Output/Debug/Obj/ClassA_ISP4520A-AS/LoRaMac.o
 .text.EventMacNvmCtxChanged
                0x000000000000e024        0xc Output/Debug/Obj/ClassA_ISP4520A-AS/LoRaMac.o
 .text.EventRegionNvmCtxChanged
                0x000000000000e030        0xc Output/Debug/Obj/ClassA_ISP4520A-AS/LoRaMac.o
 .text.EventCryptoNvmCtxChanged
                0x000000000000e03c        0xc Output/Debug/Obj/ClassA_ISP4520A-AS/LoRaMac.o
 .text.EventSecureElementNvmCtxChanged
                0x000000000000e048        0xc Output/Debug/Obj/ClassA_ISP4520A-AS/LoRaMac.o
 .text.EventCommandsNvmCtxChanged
                0x000000000000e054        0xc Output/Debug/Obj/ClassA_ISP4520A-AS/LoRaMac.o
 .text.EventClassBNvmCtxChanged
                0x000000000000e060        0xc Output/Debug/Obj/ClassA_ISP4520A-AS/LoRaMac.o
 .text.EventConfirmQueueNvmCtxChanged
                0x000000000000e06c        0xc Output/Debug/Obj/ClassA_ISP4520A-AS/LoRaMac.o
 .text.IsRequestPending
                0x000000000000e078       0x30 Output/Debug/Obj/ClassA_ISP4520A-AS/LoRaMac.o
 .text.LoRaMacInitialization
                0x000000000000e0a8      0x664 Output/Debug/Obj/ClassA_ISP4520A-AS/LoRaMac.o
                0x000000000000e0a8                LoRaMacInitialization
 .text.LoRaMacStart
                0x000000000000e70c       0x14 Output/Debug/Obj/ClassA_ISP4520A-AS/LoRaMac.o
                0x000000000000e70c                LoRaMacStart
 .text.LoRaMacQueryTxPossible
                0x000000000000e720      0x13c Output/Debug/Obj/ClassA_ISP4520A-AS/LoRaMac.o
                0x000000000000e720                LoRaMacQueryTxPossible
 .text.LoRaMacMibGetRequestConfirm
                0x000000000000e85c      0x350 Output/Debug/Obj/ClassA_ISP4520A-AS/LoRaMac.o
                0x000000000000e85c                LoRaMacMibGetRequestConfirm
 .text.LoRaMacMibSetRequestConfirm
                0x000000000000ebac      0x9d4 Output/Debug/Obj/ClassA_ISP4520A-AS/LoRaMac.o
                0x000000000000ebac                LoRaMacMibSetRequestConfirm
 .text.LoRaMacMlmeRequest
                0x000000000000f580      0x2a4 Output/Debug/Obj/ClassA_ISP4520A-AS/LoRaMac.o
                0x000000000000f580                LoRaMacMlmeRequest
 .text.LoRaMacMcpsRequest
                0x000000000000f824      0x214 Output/Debug/Obj/ClassA_ISP4520A-AS/LoRaMac.o
                0x000000000000f824                LoRaMacMcpsRequest
 .text.PayloadEncrypt
                0x000000000000fa38      0x150 Output/Debug/Obj/ClassA_ISP4520A-AS/LoRaMacCrypto.o
 .text.PrepareB0
                0x000000000000fb88      0x11c Output/Debug/Obj/ClassA_ISP4520A-AS/LoRaMacCrypto.o
 .text.ComputeCmacB0
                0x000000000000fca4       0x86 Output/Debug/Obj/ClassA_ISP4520A-AS/LoRaMacCrypto.o
 .text.VerifyCmacB0
                0x000000000000fd2a       0xcc Output/Debug/Obj/ClassA_ISP4520A-AS/LoRaMacCrypto.o
 *fill*         0x000000000000fdf6        0x2 
 .text.GetKeyAddrItem
                0x000000000000fdf8       0x54 Output/Debug/Obj/ClassA_ISP4520A-AS/LoRaMacCrypto.o
 .text.DeriveSessionKey10x
                0x000000000000fe4c       0xb0 Output/Debug/Obj/ClassA_ISP4520A-AS/LoRaMacCrypto.o
 .text.GetLastFcntDown
                0x000000000000fefc       0xc8 Output/Debug/Obj/ClassA_ISP4520A-AS/LoRaMacCrypto.o
 .text.CheckFCntDown
                0x000000000000ffc4       0x46 Output/Debug/Obj/ClassA_ISP4520A-AS/LoRaMacCrypto.o
 *fill*         0x000000000001000a        0x2 
 .text.UpdateFCntDown
                0x000000000001000c       0x94 Output/Debug/Obj/ClassA_ISP4520A-AS/LoRaMacCrypto.o
 .text.ResetFCnts
                0x00000000000100a0       0x6c Output/Debug/Obj/ClassA_ISP4520A-AS/LoRaMacCrypto.o
 .text.DummyCB  0x000000000001010c        0x4 Output/Debug/Obj/ClassA_ISP4520A-AS/LoRaMacCrypto.o
 .text.LoRaMacCryptoInit
                0x0000000000010110       0x68 Output/Debug/Obj/ClassA_ISP4520A-AS/LoRaMacCrypto.o
                0x0000000000010110                LoRaMacCryptoInit
 .text.LoRaMacCryptoSetLrWanVersion
                0x0000000000010178       0x18 Output/Debug/Obj/ClassA_ISP4520A-AS/LoRaMacCrypto.o
                0x0000000000010178                LoRaMacCryptoSetLrWanVersion
 .text.LoRaMacCryptoRestoreNvmCtx
                0x0000000000010190       0x28 Output/Debug/Obj/ClassA_ISP4520A-AS/LoRaMacCrypto.o
                0x0000000000010190                LoRaMacCryptoRestoreNvmCtx
 .text.LoRaMacCryptoGetNvmCtx
                0x00000000000101b8       0x18 Output/Debug/Obj/ClassA_ISP4520A-AS/LoRaMacCrypto.o
                0x00000000000101b8                LoRaMacCryptoGetNvmCtx
 .text.LoRaMacCryptoGetFCntUp
                0x00000000000101d0       0x28 Output/Debug/Obj/ClassA_ISP4520A-AS/LoRaMacCrypto.o
                0x00000000000101d0                LoRaMacCryptoGetFCntUp
 .text.LoRaMacCryptoGetFCntDown
                0x00000000000101f8       0xe0 Output/Debug/Obj/ClassA_ISP4520A-AS/LoRaMacCrypto.o
                0x00000000000101f8                LoRaMacCryptoGetFCntDown
 .text.LoRaMacCryptoSetMulticastReference
                0x00000000000102d8       0x4c Output/Debug/Obj/ClassA_ISP4520A-AS/LoRaMacCrypto.o
                0x00000000000102d8                LoRaMacCryptoSetMulticastReference
 .text.LoRaMacCryptoSetKey
                0x0000000000010324       0x60 Output/Debug/Obj/ClassA_ISP4520A-AS/LoRaMacCrypto.o
                0x0000000000010324                LoRaMacCryptoSetKey
 .text.LoRaMacCryptoPrepareJoinRequest
                0x0000000000010384       0x8c Output/Debug/Obj/ClassA_ISP4520A-AS/LoRaMacCrypto.o
                0x0000000000010384                LoRaMacCryptoPrepareJoinRequest
 .text.LoRaMacCryptoHandleJoinAccept
                0x0000000000010410      0x350 Output/Debug/Obj/ClassA_ISP4520A-AS/LoRaMacCrypto.o
                0x0000000000010410                LoRaMacCryptoHandleJoinAccept
 .text.LoRaMacCryptoSecureMessage
                0x0000000000010760      0x104 Output/Debug/Obj/ClassA_ISP4520A-AS/LoRaMacCrypto.o
                0x0000000000010760                LoRaMacCryptoSecureMessage
 .text.LoRaMacCryptoUnsecureMessage
                0x0000000000010864      0x160 Output/Debug/Obj/ClassA_ISP4520A-AS/LoRaMacCrypto.o
                0x0000000000010864                LoRaMacCryptoUnsecureMessage
 .text.LoRaMacCryptoDeriveMcRootKey
                0x00000000000109c4       0x7c Output/Debug/Obj/ClassA_ISP4520A-AS/LoRaMacCrypto.o
                0x00000000000109c4                LoRaMacCryptoDeriveMcRootKey
 .text.LoRaMacCryptoDeriveMcKEKey
                0x0000000000010a40       0x50 Output/Debug/Obj/ClassA_ISP4520A-AS/LoRaMacCrypto.o
                0x0000000000010a40                LoRaMacCryptoDeriveMcKEKey
 .text.RegionIsActive
                0x0000000000010a90       0x1c Output/Debug/Obj/ClassA_ISP4520A-AS/Region.o
                0x0000000000010a90                RegionIsActive
 .text.RegionGetPhyParam
                0x0000000000010aac       0x34 Output/Debug/Obj/ClassA_ISP4520A-AS/Region.o
                0x0000000000010aac                RegionGetPhyParam
 .text.RegionSetBandTxDone
                0x0000000000010ae0       0x24 Output/Debug/Obj/ClassA_ISP4520A-AS/Region.o
                0x0000000000010ae0                RegionSetBandTxDone
 .text.RegionInitDefaults
                0x0000000000010b04       0x26 Output/Debug/Obj/ClassA_ISP4520A-AS/Region.o
                0x0000000000010b04                RegionInitDefaults
 .text.RegionGetNvmCtx
                0x0000000000010b2a       0x28 Output/Debug/Obj/ClassA_ISP4520A-AS/Region.o
                0x0000000000010b2a                RegionGetNvmCtx
 .text.RegionVerify
                0x0000000000010b52       0x34 Output/Debug/Obj/ClassA_ISP4520A-AS/Region.o
                0x0000000000010b52                RegionVerify
 .text.RegionApplyCFList
                0x0000000000010b86       0x26 Output/Debug/Obj/ClassA_ISP4520A-AS/Region.o
                0x0000000000010b86                RegionApplyCFList
 .text.RegionChanMaskSet
                0x0000000000010bac       0x28 Output/Debug/Obj/ClassA_ISP4520A-AS/Region.o
                0x0000000000010bac                RegionChanMaskSet
 .text.RegionComputeRxWindowParameters
                0x0000000000010bd4       0x3c Output/Debug/Obj/ClassA_ISP4520A-AS/Region.o
                0x0000000000010bd4                RegionComputeRxWindowParameters
 .text.RegionRxConfig
                0x0000000000010c10       0x2c Output/Debug/Obj/ClassA_ISP4520A-AS/Region.o
                0x0000000000010c10                RegionRxConfig
 .text.RegionTxConfig
                0x0000000000010c3c       0x30 Output/Debug/Obj/ClassA_ISP4520A-AS/Region.o
                0x0000000000010c3c                RegionTxConfig
 .text.RegionLinkAdrReq
                0x0000000000010c6c       0x36 Output/Debug/Obj/ClassA_ISP4520A-AS/Region.o
                0x0000000000010c6c                RegionLinkAdrReq
 .text.RegionRxParamSetupReq
                0x0000000000010ca2       0x28 Output/Debug/Obj/ClassA_ISP4520A-AS/Region.o
                0x0000000000010ca2                RegionRxParamSetupReq
 .text.RegionNewChannelReq
                0x0000000000010cca       0x28 Output/Debug/Obj/ClassA_ISP4520A-AS/Region.o
                0x0000000000010cca                RegionNewChannelReq