Archive member included to satisfy reference by file (symbol)

C:/Program Files/SEGGER/SEGGER Embedded Studio for ARM 5.32a/lib/libm_v7em_fpv4_sp_d16_hard_t_le_eabi.a(libm_asm.o)
                              Output/Debug/Obj/ClassA_ISP4520B-US/radio.o (__aeabi_dadd)
C:/Program Files/SEGGER/SEGGER Embedded Studio for ARM 5.32a/lib/libm_v7em_fpv4_sp_d16_hard_t_le_eabi.a(libm2.o)
                              Output/Debug/Obj/ClassA_ISP4520B-US/radio.o (ceil)
C:/Program Files/SEGGER/SEGGER Embedded Studio for ARM 5.32a/lib/libm_v7em_fpv4_sp_d16_hard_t_le_eabi.a(fdlibm.o)
                              Output/Debug/Obj/ClassA_ISP4520B-US/radio.o (rint)
C:/Program Files/SEGGER/SEGGER Embedded Studio for ARM 5.32a/lib/libm_v7em_fpv4_sp_d16_hard_t_le_eabi.a(libm.o)
                              C:/Program Files/SEGGER/SEGGER Embedded Studio for ARM 5.32a/lib/libm_v7em_fpv4_sp_d16_hard_t_le_eabi.a(fdlibm.o) (__mulsc3)
C:/Program Files/SEGGER/SEGGER Embedded Studio for ARM 5.32a/lib/libm_v7em_fpv4_sp_d16_hard_t_le_eabi.a(libm2_asm.o)
                              C:/Program Files/SEGGER/SEGGER Embedded Studio for ARM 5.32a/lib/libm_v7em_fpv4_sp_d16_hard_t_le_eabi.a(fdlibm.o) (sqrtf)
C:/Program Files/SEGGER/SEGGER Embedded Studio for ARM 5.32a/lib/libc_v7em_fpv4_sp_d16_hard_t_le_eabi.a(libc_asm.o)
                              Output/Debug/Obj/ClassA_ISP4520B-US/rtc-board.o (__aeabi_uldivmod)
C:/Program Files/SEGGER/SEGGER Embedded Studio for ARM 5.32a/lib/libc_v7em_fpv4_sp_d16_hard_t_le_eabi.a(libc2.o)
                              Output/Debug/Obj/ClassA_ISP4520B-US/nrf_log_str_formatter.o (isprint)
C:/Program Files/SEGGER/SEGGER Embedded Studio for ARM 5.32a/lib/libc_v7em_fpv4_sp_d16_hard_t_le_eabi.a(libc2_asm.o)
                              Output/Debug/Obj/ClassA_ISP4520B-US/nrf_log_frontend.o (memcpy)
C:/Program Files/SEGGER/SEGGER Embedded Studio for ARM 5.32a/lib/libc_v7em_fpv4_sp_d16_hard_t_le_eabi.a(libvfprintf.o)
                              (__vfprintf_long)
C:/Program Files/SEGGER/SEGGER Embedded Studio for ARM 5.32a/lib/libc_v7em_fpv4_sp_d16_hard_t_le_eabi.a(libvfscanf.o)
                              (__vfscanf_int)
C:/Program Files/SEGGER/SEGGER Embedded Studio for ARM 5.32a/lib/libc_v7em_fpv4_sp_d16_hard_t_le_eabi.a(libc.o)
                              C:/Program Files/SEGGER/SEGGER Embedded Studio for ARM 5.32a/lib/libc_v7em_fpv4_sp_d16_hard_t_le_eabi.a(libc2.o) (__heap_lock)
C:/Program Files/SEGGER/SEGGER Embedded Studio for ARM 5.32a/lib/libdebugio_v7em_fpv4_sp_d16_hard_t_le_eabi.a(libdebugio.o)
                              Output/Debug/Obj/ClassA_ISP4520B-US/thumb_crt0.o (debug_fopen)
C:/Program Files/SEGGER/SEGGER Embedded Studio for ARM 5.32a/lib/libdebugio_v7em_fpv4_sp_d16_hard_t_le_eabi.a(do_nv_debug_operation.o)
                              C:/Program Files/SEGGER/SEGGER Embedded Studio for ARM 5.32a/lib/libdebugio_v7em_fpv4_sp_d16_hard_t_le_eabi.a(libdebugio.o) (__do_nvdebug_operation)
C:/Program Files/SEGGER/SEGGER Embedded Studio for ARM 5.32a/lib/libdebugio_v7em_fpv4_sp_d16_hard_t_le_eabi.a(mempoll_debug_operations.o)
                              (__do_debug_operation_mempoll)

Discarded input sections

 .text          0x0000000000000000        0x0 Output/Debug/Obj/ClassA_ISP4520B-US/thumb_crt0.o
 .data          0x0000000000000000        0x0 Output/Debug/Obj/ClassA_ISP4520B-US/thumb_crt0.o
 .bss           0x0000000000000000        0x0 Output/Debug/Obj/ClassA_ISP4520B-US/thumb_crt0.o
 .text.abort    0x0000000000000000        0x2 Output/Debug/Obj/ClassA_ISP4520B-US/thumb_crt0.o
 .text.__assert
                0x0000000000000000        0x2 Output/Debug/Obj/ClassA_ISP4520B-US/thumb_crt0.o
 .text.__assert_func
                0x0000000000000000        0x2 Output/Debug/Obj/ClassA_ISP4520B-US/thumb_crt0.o
 .text.__aeabi_assert
                0x0000000000000000        0x2 Output/Debug/Obj/ClassA_ISP4520B-US/thumb_crt0.o
 .text.__sync_synchronize
                0x0000000000000000        0x2 Output/Debug/Obj/ClassA_ISP4520B-US/thumb_crt0.o
 .text.__getchar
                0x0000000000000000        0x4 Output/Debug/Obj/ClassA_ISP4520B-US/thumb_crt0.o
 .text.__putchar
                0x0000000000000000        0x4 Output/Debug/Obj/ClassA_ISP4520B-US/thumb_crt0.o
 .text.__open   0x0000000000000000        0x4 Output/Debug/Obj/ClassA_ISP4520B-US/thumb_crt0.o
 .text.__close  0x0000000000000000        0x4 Output/Debug/Obj/ClassA_ISP4520B-US/thumb_crt0.o
 .text.__write  0x0000000000000000        0xa Output/Debug/Obj/ClassA_ISP4520B-US/thumb_crt0.o
 .text.__read   0x0000000000000000        0xa Output/Debug/Obj/ClassA_ISP4520B-US/thumb_crt0.o
 .text.__seek   0x0000000000000000       0x1a Output/Debug/Obj/ClassA_ISP4520B-US/thumb_crt0.o
 .text.remove   0x0000000000000000        0x4 Output/Debug/Obj/ClassA_ISP4520B-US/thumb_crt0.o
 .text.rename   0x0000000000000000        0x4 Output/Debug/Obj/ClassA_ISP4520B-US/thumb_crt0.o
 .bss.__user_locale_name_buffer
[...]
Memory Configuration

Name             Origin             Length             Attributes
UNPLACED_SECTIONS 0x0000000100000000 0x0000000000000000 xw
RAM              0x0000000020000000 0x0000000000010000 xw
FLASH            0x0000000000000000 0x0000000000080000 xw
*default*        0x0000000000000000 0xffffffffffffffff

Linker script and memory map

                0x0000000000000000                __do_debug_operation = __do_debug_operation_mempoll
                0x0000000000017e88                __vfprintf = __vfprintf_long
                0x0000000000000000                __vfscanf = __vfscanf_int
                0x0000000020000000                __RAM_segment_start__ = 0x20000000
                0x0000000020010000                __RAM_segment_end__ = 0x20010000
                0x0000000000010000                __RAM_segment_size__ = 0x10000
                0x0000000000000000                __FLASH_segment_start__ = 0x0
                0x0000000000080000                __FLASH_segment_end__ = 0x80000
                0x0000000000080000                __FLASH_segment_size__ = 0x80000
                0x0000000000000200                __HEAPSIZE__ = 0x200
                0x0000000000000000                __STACKSIZE_PROCESS__ = 0x0
                0x0000000000000800                __STACKSIZE__ = 0x800
                0x0000000020000000                __vectors_ram_load_start__ = 0x20000000

.vectors_ram    0x0000000020000000        0x0
                0x0000000020000000                __vectors_ram_start__ = .
                0x0000000020000000                __app_ram_start__ = __vectors_ram_start__
 *(.vectors_ram .vectors_ram.*)
                0x0000000020000000                __vectors_ram_end__ = (__vectors_ram_start__ + SIZEOF (.vectors_ram))
                0x0000000000000000                __vectors_ram_size__ = SIZEOF (.vectors_ram)
                0x0000000020000000                __vectors_ram_load_end__ = __vectors_ram_end__
                0x0000000000000001                . = ASSERT (((__vectors_ram_start__ == __vectors_ram_end__) || ((__vectors_ram_end__ - __RAM_segment_start__) <= __RAM_segment_size__)), error: .vectors_ram is too large to fit in RAM memory segment)
                0x0000000020000000                __nrf_sections_run_load_start__ = ALIGN (__vectors_ram_end__, 0x4)

.nrf_sections_run
                0x0000000020000000        0x0
                0x0000000020000000                __nrf_sections_run_start__ = .
                0x0000000020000000                __start_nrf_sections_run = __nrf_sections_run_start__
 *(.nrf_sections_run .nrf_sections_run.*)
                0x0000000020000000                __nrf_sections_run_end__ = (__nrf_sections_run_start__ + SIZEOF (.nrf_sections_run))
                0x0000000000000000                __nrf_sections_run_size__ = SIZEOF (.nrf_sections_run)
                0x0000000020000000                __nrf_sections_run_load_end__ = __nrf_sections_run_end__
                0x0000000000000001                . = ASSERT (((__nrf_sections_run_start__ == __nrf_sections_run_end__) || ((__nrf_sections_run_end__ - __RAM_segment_start__) <= __RAM_segment_size__)), error: .nrf_sections_run is too large to fit in RAM memory segment)
                0x0000000000000000                __vectors_load_start__ = 0x0

.vectors        0x0000000000000000       0xdc
                0x0000000000000000                __vectors_start__ = .
 *(.vectors .vectors.*)
 .vectors       0x0000000000000000       0xdc Output/Debug/Obj/ClassA_ISP4520B-US/ses_nrf52_Vectors.o
                0x0000000000000000                _vectors
                0x00000000000000dc                __vectors_end__ = (__vectors_start__ + SIZEOF (.vectors))
                0x00000000000000dc                __vectors_size__ = SIZEOF (.vectors)
                0x00000000000000dc                __vectors_load_end__ = __vectors_end__
                0x0000000000000001                . = ASSERT (((__vectors_start__ == __vectors_end__) || ((__vectors_end__ - __FLASH_segment_start__) <= __FLASH_segment_size__)), error: .vectors is too large to fit in FLASH memory segment)
                0x00000000000000dc                __init_load_start__ = ALIGN (__vectors_end__, 0x4)

.init           0x00000000000000dc      0x214
                0x00000000000000dc                __init_start__ = .
 *(.init .init.*)
 .init          0x00000000000000dc      0x15c Output/Debug/Obj/ClassA_ISP4520B-US/thumb_crt0.o
                0x00000000000000dc                _start
                0x0000000000000190                exit
 .init          0x0000000000000238       0x58 Output/Debug/Obj/ClassA_ISP4520B-US/ses_nRF_Startup.o
                0x0000000000000238                Reset_Handler
                0x000000000000025c                InitializeUserMemorySections
 .init          0x0000000000000290       0x60 Output/Debug/Obj/ClassA_ISP4520B-US/ses_nrf52_Vectors.o
                0x0000000000000290                NMI_Handler
                0x0000000000000292                HardFault_Handler
                0x0000000000000294                MemoryManagement_Handler
                0x0000000000000296                BusFault_Handler
                0x0000000000000298                UsageFault_Handler
                0x000000000000029a                SVC_Handler
                0x000000000000029c                DebugMon_Handler
                0x000000000000029e                PendSV_Handler
                0x00000000000002a0                SysTick_Handler
                0x00000000000002a6                RADIO_IRQHandler
                0x00000000000002ac                SPIM1_SPIS1_TWIM1_TWIS1_SPI1_TWI1_IRQHandler
                0x00000000000002ae                NFCT_IRQHandler
                0x00000000000002b2                SAADC_IRQHandler
                0x00000000000002b4                TIMER0_IRQHandler
                0x00000000000002b6                TIMER1_IRQHandler
                0x00000000000002b8                TIMER2_IRQHandler
                0x00000000000002ba                RTC0_IRQHandler
                0x00000000000002bc                TEMP_IRQHandler
                0x00000000000002be                RNG_IRQHandler
                0x00000000000002c0                ECB_IRQHandler
                0x00000000000002c2                CCM_AAR_IRQHandler
                0x00000000000002c4                WDT_IRQHandler
                0x00000000000002c8                QDEC_IRQHandler
                0x00000000000002ca                COMP_LPCOMP_IRQHandler
                0x00000000000002ce                SWI1_EGU1_IRQHandler
                0x00000000000002d0                SWI2_EGU2_IRQHandler
                0x00000000000002d2                SWI3_EGU3_IRQHandler
                0x00000000000002d4                SWI4_EGU4_IRQHandler
                0x00000000000002d6                SWI5_EGU5_IRQHandler
                0x00000000000002d8                TIMER3_IRQHandler
                0x00000000000002da                TIMER4_IRQHandler
                0x00000000000002dc                PWM0_IRQHandler
                0x00000000000002de                PDM_IRQHandler
                0x00000000000002e0                MWU_IRQHandler
                0x00000000000002e2                PWM1_IRQHandler
                0x00000000000002e4                PWM2_IRQHandler
                0x00000000000002e6                SPIM2_SPIS2_SPI2_IRQHandler
                0x00000000000002ea                I2S_IRQHandler
                0x00000000000002ec                FPU_IRQHandler
                0x00000000000002f0                __init_end__ = (__init_start__ + SIZEOF (.init))
                0x0000000000000214                __init_size__ = SIZEOF (.init)
                0x00000000000002f0                __init_load_end__ = __init_end__
                0x0000000000000001                . = ASSERT (((__init_start__ == __init_end__) || ((__init_end__ - __FLASH_segment_start__) <= __FLASH_segment_size__)), error: .init is too large to fit in FLASH memory segment)
                0x00000000000002f0                __init_rodata_load_start__ = ALIGN (__init_end__, 0x4)

.init_rodata    0x00000000000002f0        0x0
                0x00000000000002f0                __init_rodata_start__ = .
 *(.init_rodata .init_rodata.*)
                0x00000000000002f0                __init_rodata_end__ = (__init_rodata_start__ + SIZEOF (.init_rodata))
                0x0000000000000000                __init_rodata_size__ = SIZEOF (.init_rodata)
                0x00000000000002f0                __init_rodata_load_end__ = __init_rodata_end__
                0x0000000000000001                . = ASSERT (((__init_rodata_start__ == __init_rodata_end__) || ((__init_rodata_end__ - __FLASH_segment_start__) <= __FLASH_segment_size__)), error: .init_rodata is too large to fit in FLASH memory segment)
                0x00000000000002f0                __text_load_start__ = ALIGN (__init_rodata_end__, 0x4)

.text           0x00000000000002f0    0x181cc
                0x00000000000002f0                __text_start__ = .
 *(.text .text.* .glue_7t .glue_7 .gnu.linkonce.t.* .gcc_except_table .ARM.extab* .gnu.linkonce.armextab.*)
 .glue_7        0x00000000000002f0        0x0 linker stubs
 .glue_7t       0x00000000000002f0        0x0 linker stubs
 .text.__aeabi_read_tp
                0x00000000000002f0        0x8 Output/Debug/Obj/ClassA_ISP4520B-US/thumb_crt0.o
                0x00000000000002f0                __aeabi_read_tp
 .text.nrf_log_backend_enable
                0x00000000000002f8       0x10 Output/Debug/Obj/ClassA_ISP4520B-US/nrf_log_default_backends.o
 .text.nrf_log_default_backends_init
                0x0000000000000308       0x3c Output/Debug/Obj/ClassA_ISP4520B-US/nrf_log_default_backends.o
                0x0000000000000308                nrf_log_default_backends_init
 .text.nrf_log_backend_put
                0x0000000000000344       0x1c Output/Debug/Obj/ClassA_ISP4520B-US/nrf_log_frontend.o
 .text.nrf_log_backend_panic_set
                0x0000000000000360       0x18 Output/Debug/Obj/ClassA_ISP4520B-US/nrf_log_frontend.o
 .text.nrf_log_backend_id_set
                0x0000000000000378       0x18 Output/Debug/Obj/ClassA_ISP4520B-US/nrf_log_frontend.o
 .text.nrf_log_backend_id_get
                0x0000000000000390        0xe Output/Debug/Obj/ClassA_ISP4520B-US/nrf_log_frontend.o
 .text.nrf_log_backend_enable
                0x000000000000039e       0x10 Output/Debug/Obj/ClassA_ISP4520B-US/nrf_log_frontend.o
 .text.nrf_log_backend_is_enabled
                0x00000000000003ae        0xe Output/Debug/Obj/ClassA_ISP4520B-US/nrf_log_frontend.o
 .text.nrf_atomic_u32_or
                0x00000000000003bc       0x30 Output/Debug/Obj/ClassA_ISP4520B-US/nrf_log_frontend.o
 .text.nrf_atomic_u32_fetch_and
                0x00000000000003ec       0x30 Output/Debug/Obj/ClassA_ISP4520B-US/nrf_log_frontend.o
 .text.nrf_atomic_flag_set
                0x000000000000041c       0x18 Output/Debug/Obj/ClassA_ISP4520B-US/nrf_log_frontend.o
 .text.nrf_atomic_flag_clear_fetch
                0x0000000000000434       0x18 Output/Debug/Obj/ClassA_ISP4520B-US/nrf_log_frontend.o
 .text.nrf_log_init
                0x000000000000044c       0x98 Output/Debug/Obj/ClassA_ISP4520B-US/nrf_log_frontend.o
                0x000000000000044c                nrf_log_init
 .text.nrf_log_module_cnt_get
                0x00000000000004e4       0x14 Output/Debug/Obj/ClassA_ISP4520B-US/nrf_log_frontend.o
                0x00000000000004e4                nrf_log_module_cnt_get
 .text.module_idx_get
                0x00000000000004f8       0x6c Output/Debug/Obj/ClassA_ISP4520B-US/nrf_log_frontend.o
 .text.nrf_log_module_name_get
                0x0000000000000564       0x40 Output/Debug/Obj/ClassA_ISP4520B-US/nrf_log_frontend.o
                0x0000000000000564                nrf_log_module_name_get
 .text.nrf_log_color_id_get
                0x00000000000005a4       0x70 Output/Debug/Obj/ClassA_ISP4520B-US/nrf_log_frontend.o
                0x00000000000005a4                nrf_log_color_id_get
 .text.log_skip
                0x0000000000000614      0x11c Output/Debug/Obj/ClassA_ISP4520B-US/nrf_log_frontend.o
 .text.std_header_set
                0x0000000000000730       0xb8 Output/Debug/Obj/ClassA_ISP4520B-US/nrf_log_frontend.o
 .text.buf_prealloc
                0x00000000000007e8       0xa8 Output/Debug/Obj/ClassA_ISP4520B-US/nrf_log_frontend.o
 .text.std_n    0x0000000000000890       0x90 Output/Debug/Obj/ClassA_ISP4520B-US/nrf_log_frontend.o
 .text.nrf_log_frontend_std_0
                0x0000000000000920       0x1c Output/Debug/Obj/ClassA_ISP4520B-US/nrf_log_frontend.o
                0x0000000000000920                nrf_log_frontend_std_0
 .text.nrf_log_frontend_std_1
                0x000000000000093c       0x22 Output/Debug/Obj/ClassA_ISP4520B-US/nrf_log_frontend.o
                0x000000000000093c                nrf_log_frontend_std_1
 .text.nrf_log_frontend_std_2
                0x000000000000095e       0x28 Output/Debug/Obj/ClassA_ISP4520B-US/nrf_log_frontend.o
                0x000000000000095e                nrf_log_frontend_std_2
 .text.nrf_log_frontend_std_4
                0x0000000000000986       0x30 Output/Debug/Obj/ClassA_ISP4520B-US/nrf_log_frontend.o
                0x0000000000000986                nrf_log_frontend_std_4
 .text.nrf_log_frontend_std_6
                0x00000000000009b6       0x38 Output/Debug/Obj/ClassA_ISP4520B-US/nrf_log_frontend.o
                0x00000000000009b6                nrf_log_frontend_std_6
 *fill*         0x00000000000009ee        0x2 
 .text.buffer_is_empty
                0x00000000000009f0       0x1c Output/Debug/Obj/ClassA_ISP4520B-US/nrf_log_frontend.o
                0x00000000000009f0                buffer_is_empty
 .text.nrf_log_frontend_dequeue
                0x0000000000000a0c      0x378 Output/Debug/Obj/ClassA_ISP4520B-US/nrf_log_frontend.o
                0x0000000000000a0c                nrf_log_frontend_dequeue
 .text.backend_id_assign
                0x0000000000000d84       0x68 Output/Debug/Obj/ClassA_ISP4520B-US/nrf_log_frontend.o
 .text.nrf_log_backend_add
                0x0000000000000dec       0x68 Output/Debug/Obj/ClassA_ISP4520B-US/nrf_log_frontend.o
                0x0000000000000dec                nrf_log_backend_add
 .text.nrf_log_panic
                0x0000000000000e54       0x3c Output/Debug/Obj/ClassA_ISP4520B-US/nrf_log_frontend.o
                0x0000000000000e54                nrf_log_panic
 .text.prefix_process
                0x0000000000000e90       0x80 Output/Debug/Obj/ClassA_ISP4520B-US/nrf_log_str_formatter.o
 .text.postfix_process
                0x0000000000000f10       0x68 Output/Debug/Obj/ClassA_ISP4520B-US/nrf_log_str_formatter.o
 .text.nrf_log_std_entry_process
                0x0000000000000f78      0x144 Output/Debug/Obj/ClassA_ISP4520B-US/nrf_log_str_formatter.o
                0x0000000000000f78                nrf_log_std_entry_process
 .text.nrf_log_hexdump_entry_process
                0x00000000000010bc       0xe8 Output/Debug/Obj/ClassA_ISP4520B-US/nrf_log_str_formatter.o
                0x00000000000010bc                nrf_log_hexdump_entry_process
 .text.nrf_log_backend_serial_put
                0x00000000000011a4      0x14c Output/Debug/Obj/ClassA_ISP4520B-US/nrf_log_backend_serial.o
                0x00000000000011a4                nrf_log_backend_serial_put
 .text.nrf_log_backend_rtt_init
                0x00000000000012f0        0xa Output/Debug/Obj/ClassA_ISP4520B-US/nrf_log_backend_rtt.o
                0x00000000000012f0                nrf_log_backend_rtt_init
 .text.serial_tx
                0x00000000000012fa       0x5e Output/Debug/Obj/ClassA_ISP4520B-US/nrf_log_backend_rtt.o
 .text.nrf_log_backend_rtt_put
                0x0000000000001358       0x28 Output/Debug/Obj/ClassA_ISP4520B-US/nrf_log_backend_rtt.o
 .text.nrf_log_backend_rtt_flush
                0x0000000000001380        0xa Output/Debug/Obj/ClassA_ISP4520B-US/nrf_log_backend_rtt.o
 .text.nrf_log_backend_rtt_panic_set
                0x000000000000138a        0xa Output/Debug/Obj/ClassA_ISP4520B-US/nrf_log_backend_rtt.o
 .text.app_error_handler
                0x0000000000001394       0x30 Output/Debug/Obj/ClassA_ISP4520B-US/app_error.o
                0x0000000000001394                app_error_handler
 .text.app_error_save_and_stop
                0x00000000000013c4       0x9c Output/Debug/Obj/ClassA_ISP4520B-US/app_error.o
                0x00000000000013c4                app_error_save_and_stop
 .text.app_error_fault_handler
                0x0000000000001460       0xd4 Output/Debug/Obj/ClassA_ISP4520B-US/app_error_weak.o
                0x0000000000001460                app_error_fault_handler
 .text.app_util_disable_irq
                0x0000000000001534       0x18 Output/Debug/Obj/ClassA_ISP4520B-US/app_util_platform.o
                0x0000000000001534                app_util_disable_irq
 .text.app_util_enable_irq
                0x000000000000154c       0x20 Output/Debug/Obj/ClassA_ISP4520B-US/app_util_platform.o
                0x000000000000154c                app_util_enable_irq
 .text.app_util_critical_region_enter
                0x000000000000156c       0x28 Output/Debug/Obj/ClassA_ISP4520B-US/app_util_platform.o
                0x000000000000156c                app_util_critical_region_enter
 .text.app_util_critical_region_exit
                0x0000000000001594       0x2c Output/Debug/Obj/ClassA_ISP4520B-US/app_util_platform.o
                0x0000000000001594                app_util_critical_region_exit
 .text.privilege_level_get
                0x00000000000015c0       0x3a Output/Debug/Obj/ClassA_ISP4520B-US/app_util_platform.o
                0x00000000000015c0                privilege_level_get
 .text.assert_nrf_callback
                0x00000000000015fa       0x2e Output/Debug/Obj/ClassA_ISP4520B-US/nrf_assert.o
                0x00000000000015fa                assert_nrf_callback
 .text.nrf_balloc_idx2block
                0x0000000000001628       0x38 Output/Debug/Obj/ClassA_ISP4520B-US/nrf_balloc.o
 .text.nrf_balloc_block2idx
                0x0000000000001660       0x34 Output/Debug/Obj/ClassA_ISP4520B-US/nrf_balloc.o
 .text.nrf_balloc_init
                0x0000000000001694       0xb0 Output/Debug/Obj/ClassA_ISP4520B-US/nrf_balloc.o
                0x0000000000001694                nrf_balloc_init
 .text.nrf_balloc_alloc
                0x0000000000001744       0x80 Output/Debug/Obj/ClassA_ISP4520B-US/nrf_balloc.o
                0x0000000000001744                nrf_balloc_alloc
 .text.nrf_balloc_free
                0x00000000000017c4       0x58 Output/Debug/Obj/ClassA_ISP4520B-US/nrf_balloc.o
                0x00000000000017c4                nrf_balloc_free
 .text.nrf_fprintf_buffer_flush
                0x000000000000181c       0x44 Output/Debug/Obj/ClassA_ISP4520B-US/nrf_fprintf.o
                0x000000000000181c                nrf_fprintf_buffer_flush
 .text.nrf_fprintf
                0x0000000000001860       0x74 Output/Debug/Obj/ClassA_ISP4520B-US/nrf_fprintf.o
                0x0000000000001860                nrf_fprintf
 .text.buffer_add
                0x00000000000018d4       0x3c Output/Debug/Obj/ClassA_ISP4520B-US/nrf_fprintf_format.o
 .text.string_print
                0x0000000000001910       0xc2 Output/Debug/Obj/ClassA_ISP4520B-US/nrf_fprintf_format.o
 *fill*         0x00000000000019d2        0x2 
 .text.unsigned_print
                0x00000000000019d4      0x130 Output/Debug/Obj/ClassA_ISP4520B-US/nrf_fprintf_format.o
 .text.int_print
                0x0000000000001b04      0x11c Output/Debug/Obj/ClassA_ISP4520B-US/nrf_fprintf_format.o
 .text.nrf_fprintf_fmt
                0x0000000000001c20      0x388 Output/Debug/Obj/ClassA_ISP4520B-US/nrf_fprintf_format.o
                0x0000000000001c20                nrf_fprintf_fmt
 .text.nrf_atomic_u32_add
                0x0000000000001fa8       0x30 Output/Debug/Obj/ClassA_ISP4520B-US/nrf_memobj.o
 .text.nrf_atomic_u32_sub
                0x0000000000001fd8       0x30 Output/Debug/Obj/ClassA_ISP4520B-US/nrf_memobj.o
 .text.nrf_memobj_pool_init
                0x0000000000002008       0x16 Output/Debug/Obj/ClassA_ISP4520B-US/nrf_memobj.o
                0x0000000000002008                nrf_memobj_pool_init
 .text.nrf_memobj_alloc
                0x000000000000201e       0xae Output/Debug/Obj/ClassA_ISP4520B-US/nrf_memobj.o
                0x000000000000201e                nrf_memobj_alloc
 .text.nrf_memobj_free
                0x00000000000020cc       0x74 Output/Debug/Obj/ClassA_ISP4520B-US/nrf_memobj.o
                0x00000000000020cc                nrf_memobj_free
 .text.nrf_memobj_get
                0x0000000000002140       0x1e Output/Debug/Obj/ClassA_ISP4520B-US/nrf_memobj.o
                0x0000000000002140                nrf_memobj_get
 .text.nrf_memobj_put
                0x000000000000215e       0x34 Output/Debug/Obj/ClassA_ISP4520B-US/nrf_memobj.o
                0x000000000000215e                nrf_memobj_put
 *fill*         0x0000000000002192        0x2 
 .text.memobj_op
                0x0000000000002194      0x104 Output/Debug/Obj/ClassA_ISP4520B-US/nrf_memobj.o
 .text.nrf_memobj_write
                0x0000000000002298       0x24 Output/Debug/Obj/ClassA_ISP4520B-US/nrf_memobj.o
                0x0000000000002298                nrf_memobj_write
 .text.nrf_memobj_read
                0x00000000000022bc       0x24 Output/Debug/Obj/ClassA_ISP4520B-US/nrf_memobj.o
                0x00000000000022bc                nrf_memobj_read
 .text.nrf_strerror_get
                0x00000000000022e0       0x28 Output/Debug/Obj/ClassA_ISP4520B-US/nrf_strerror.o
                0x00000000000022e0                nrf_strerror_get
 .text.nrf_strerror_find
                0x0000000000002308       0x68 Output/Debug/Obj/ClassA_ISP4520B-US/nrf_strerror.o
                0x0000000000002308                nrf_strerror_find
 .text.fifo_length
                0x0000000000002370       0x18 Output/Debug/Obj/ClassA_ISP4520B-US/app_fifo.o
 .text.fifo_put
                0x0000000000002388       0x30 Output/Debug/Obj/ClassA_ISP4520B-US/app_fifo.o
 .text.fifo_peek
                0x00000000000023b8       0x2e Output/Debug/Obj/ClassA_ISP4520B-US/app_fifo.o
 .text.fifo_get
                0x00000000000023e6       0x24 Output/Debug/Obj/ClassA_ISP4520B-US/app_fifo.o
 .text.app_fifo_init
                0x000000000000240a       0x58 Output/Debug/Obj/ClassA_ISP4520B-US/app_fifo.o
                0x000000000000240a                app_fifo_init
 .text.app_fifo_put
                0x0000000000002462       0x36 Output/Debug/Obj/ClassA_ISP4520B-US/app_fifo.o
                0x0000000000002462                app_fifo_put
 .text.app_fifo_get
                0x0000000000002498       0x2a Output/Debug/Obj/ClassA_ISP4520B-US/app_fifo.o
                0x0000000000002498                app_fifo_get
 .text.fifo_length
                0x00000000000024c2       0x18 Output/Debug/Obj/ClassA_ISP4520B-US/app_uart_fifo.o
 *fill*         0x00000000000024da        0x2 
 .text.uart_event_handler
                0x00000000000024dc       0xfc Output/Debug/Obj/ClassA_ISP4520B-US/app_uart_fifo.o
 .text.app_uart_init
                0x00000000000025d8      0x128 Output/Debug/Obj/ClassA_ISP4520B-US/app_uart_fifo.o
                0x00000000000025d8                app_uart_init
 .text.app_uart_get
                0x0000000000002700       0x74 Output/Debug/Obj/ClassA_ISP4520B-US/app_uart_fifo.o
                0x0000000000002700                app_uart_get
 .text.NVIC_EnableIRQ
                0x0000000000002774       0x2c Output/Debug/Obj/ClassA_ISP4520B-US/app_timer.o
 .text.NVIC_DisableIRQ
                0x00000000000027a0       0x30 Output/Debug/Obj/ClassA_ISP4520B-US/app_timer.o
 .text.NVIC_SetPendingIRQ
                0x00000000000027d0       0x30 Output/Debug/Obj/ClassA_ISP4520B-US/app_timer.o
 .text.NVIC_ClearPendingIRQ
                0x0000000000002800       0x30 Output/Debug/Obj/ClassA_ISP4520B-US/app_timer.o
 .text.NVIC_SetPriority
                0x0000000000002830       0x50 Output/Debug/Obj/ClassA_ISP4520B-US/app_timer.o
 .text.nrf_delay_us
                0x0000000000002880       0xa0 Output/Debug/Obj/ClassA_ISP4520B-US/app_timer.o
 .text.rtc1_init
                0x0000000000002920       0x24 Output/Debug/Obj/ClassA_ISP4520B-US/app_timer.o
 .text.rtc1_start
                0x0000000000002944       0x40 Output/Debug/Obj/ClassA_ISP4520B-US/app_timer.o
 .text.rtc1_stop
                0x0000000000002984       0x50 Output/Debug/Obj/ClassA_ISP4520B-US/app_timer.o
 .text.rtc1_counter_get
                0x00000000000029d4       0x10 Output/Debug/Obj/ClassA_ISP4520B-US/app_timer.o
 .text.ticks_diff_get
                0x00000000000029e4       0x16 Output/Debug/Obj/ClassA_ISP4520B-US/app_timer.o
 *fill*         0x00000000000029fa        0x2 
 .text.rtc1_compare0_set
                0x00000000000029fc       0x18 Output/Debug/Obj/ClassA_ISP4520B-US/app_timer.o
 .text.timer_list_insert
                0x0000000000002a14       0xac Output/Debug/Obj/ClassA_ISP4520B-US/app_timer.o
 .text.timer_list_remove
                0x0000000000002ac0       0xc0 Output/Debug/Obj/ClassA_ISP4520B-US/app_timer.o
 .text.timer_timeouts_check_sched
                0x0000000000002b80        0xc Output/Debug/Obj/ClassA_ISP4520B-US/app_timer.o
 .text.timer_list_handler_sched
                0x0000000000002b8c        0xc Output/Debug/Obj/ClassA_ISP4520B-US/app_timer.o
 .text.timeout_handler_scheduled_exec
                0x0000000000002b98       0x4c Output/Debug/Obj/ClassA_ISP4520B-US/app_timer.o
 .text.timeout_handler_exec
                0x0000000000002be4       0x48 Output/Debug/Obj/ClassA_ISP4520B-US/app_timer.o
 .text.timer_timeouts_check
                0x0000000000002c2c       0xc8 Output/Debug/Obj/ClassA_ISP4520B-US/app_timer.o
 .text.elapsed_ticks_acquire
                0x0000000000002cf4       0x78 Output/Debug/Obj/ClassA_ISP4520B-US/app_timer.o
 .text.expired_timers_handler
                0x0000000000002d6c       0x94 Output/Debug/Obj/ClassA_ISP4520B-US/app_timer.o
 .text.list_insertions_handler
                0x0000000000002e00      0x1bc Output/Debug/Obj/ClassA_ISP4520B-US/app_timer.o
 .text.compare_reg_update
                0x0000000000002fbc       0xb0 Output/Debug/Obj/ClassA_ISP4520B-US/app_timer.o
 .text.timer_list_handler
                0x000000000000306c       0x80 Output/Debug/Obj/ClassA_ISP4520B-US/app_timer.o
 .text.user_op_enque
                0x00000000000030ec       0x1c Output/Debug/Obj/ClassA_ISP4520B-US/app_timer.o
 .text.user_op_alloc
                0x0000000000003108       0x5c Output/Debug/Obj/ClassA_ISP4520B-US/app_timer.o
 .text.timer_start_op_schedule
                0x0000000000003164       0x7a Output/Debug/Obj/ClassA_ISP4520B-US/app_timer.o
 *fill*         0x00000000000031de        0x2 
 .text.RTC1_IRQHandler
                0x00000000000031e0       0x40 Output/Debug/Obj/ClassA_ISP4520B-US/app_timer.o
                0x00000000000031e0                RTC1_IRQHandler
 .text.SWI0_EGU0_IRQHandler
                0x0000000000003220        0xa Output/Debug/Obj/ClassA_ISP4520B-US/app_timer.o
                0x0000000000003220                SWI0_EGU0_IRQHandler
 *fill*         0x000000000000322a        0x2 
 .text.app_timer_init
                0x000000000000322c       0x68 Output/Debug/Obj/ClassA_ISP4520B-US/app_timer.o
                0x000000000000322c                app_timer_init
 .text.app_timer_create
                0x0000000000003294       0x60 Output/Debug/Obj/ClassA_ISP4520B-US/app_timer.o
                0x0000000000003294                app_timer_create
 .text.app_timer_start
                0x00000000000032f4       0x64 Output/Debug/Obj/ClassA_ISP4520B-US/app_timer.o
                0x00000000000032f4                app_timer_start
 .text.is_word_aligned
                0x0000000000003358       0x1a Output/Debug/Obj/ClassA_ISP4520B-US/app_scheduler.o
 *fill*         0x0000000000003372        0x2 
 .text.next_index
                0x0000000000003374       0x2c Output/Debug/Obj/ClassA_ISP4520B-US/app_scheduler.o
 .text.app_sched_queue_full
                0x00000000000033a0       0x3c Output/Debug/Obj/ClassA_ISP4520B-US/app_scheduler.o
 .text.app_sched_queue_empty
                0x00000000000033dc       0x2c Output/Debug/Obj/ClassA_ISP4520B-US/app_scheduler.o
 .text.app_sched_init
                0x0000000000003408       0x88 Output/Debug/Obj/ClassA_ISP4520B-US/app_scheduler.o
                0x0000000000003408                app_sched_init
 .text.app_sched_event_put
                0x0000000000003490       0xec Output/Debug/Obj/ClassA_ISP4520B-US/app_scheduler.o
                0x0000000000003490                app_sched_event_put
 .text.is_app_sched_paused
                0x000000000000357c        0x6 Output/Debug/Obj/ClassA_ISP4520B-US/app_scheduler.o
 *fill*         0x0000000000003582        0x2 
 .text.app_sched_execute
                0x0000000000003584       0x98 Output/Debug/Obj/ClassA_ISP4520B-US/app_scheduler.o
                0x0000000000003584                app_sched_execute
 .text.NVIC_ClearPendingIRQ
                0x000000000000361c       0x30 Output/Debug/Obj/ClassA_ISP4520B-US/nrf_pwr_mgmt.o
 .text.nrf_mtx_init
                0x000000000000364c       0x2c Output/Debug/Obj/ClassA_ISP4520B-US/nrf_pwr_mgmt.o
 .text.pwr_mgmt_fpu_sleep_prepare
                0x0000000000003678       0x54 Output/Debug/Obj/ClassA_ISP4520B-US/nrf_pwr_mgmt.o
 .text.nrf_pwr_mgmt_init
                0x00000000000036cc       0x2c Output/Debug/Obj/ClassA_ISP4520B-US/nrf_pwr_mgmt.o
                0x00000000000036cc                nrf_pwr_mgmt_init
 .text.nrf_pwr_mgmt_run
                0x00000000000036f8       0x16 Output/Debug/Obj/ClassA_ISP4520B-US/nrf_pwr_mgmt.o
                0x00000000000036f8                nrf_pwr_mgmt_run
 *fill*         0x000000000000370e        0x2 
 .text.nrf_section_iter_init
                0x0000000000003710       0x54 Output/Debug/Obj/ClassA_ISP4520B-US/nrf_section_iter.o
                0x0000000000003710                nrf_section_iter_init
 .text.NVIC_EnableIRQ
                0x0000000000003764       0x2c Output/Debug/Obj/ClassA_ISP4520B-US/nrf_drv_common.o
 .text.NVIC_ClearPendingIRQ
                0x0000000000003790       0x30 Output/Debug/Obj/ClassA_ISP4520B-US/nrf_drv_common.o
 .text.NVIC_SetPriority
                0x00000000000037c0       0x50 Output/Debug/Obj/ClassA_ISP4520B-US/nrf_drv_common.o
 .text.nrf_drv_common_irq_enable
                0x0000000000003810       0x54 Output/Debug/Obj/ClassA_ISP4520B-US/nrf_drv_common.o
                0x0000000000003810                nrf_drv_common_irq_enable
 .text.nrf_gpiote_event_is_set
                0x0000000000003864       0x2a Output/Debug/Obj/ClassA_ISP4520B-US/nrf_drv_gpiote.o
 .text.nrf_gpiote_event_clear
                0x000000000000388e       0x36 Output/Debug/Obj/ClassA_ISP4520B-US/nrf_drv_gpiote.o
 .text.nrf_gpiote_event_addr_get
                0x00000000000038c4       0x1a Output/Debug/Obj/ClassA_ISP4520B-US/nrf_drv_gpiote.o
 *fill*         0x00000000000038de        0x2 
 .text.nrf_gpiote_int_enable
                0x00000000000038e0       0x18 Output/Debug/Obj/ClassA_ISP4520B-US/nrf_drv_gpiote.o
 .text.nrf_gpiote_int_is_enabled
                0x00000000000038f8       0x18 Output/Debug/Obj/ClassA_ISP4520B-US/nrf_drv_gpiote.o
 .text.nrf_gpiote_event_enable
                0x0000000000003910       0x2c Output/Debug/Obj/ClassA_ISP4520B-US/nrf_drv_gpiote.o
 .text.nrf_gpiote_event_configure
                0x000000000000393c       0x64 Output/Debug/Obj/ClassA_ISP4520B-US/nrf_drv_gpiote.o
 .text.nrf_gpiote_event_pin_get
                0x00000000000039a0       0x20 Output/Debug/Obj/ClassA_ISP4520B-US/nrf_drv_gpiote.o
 .text.nrf_gpiote_event_polarity_get
                0x00000000000039c0       0x24 Output/Debug/Obj/ClassA_ISP4520B-US/nrf_drv_gpiote.o
 .text.nrf_gpio_pin_port_decode
                0x00000000000039e4       0x28 Output/Debug/Obj/ClassA_ISP4520B-US/nrf_drv_gpiote.o
 .text.nrf_gpio_cfg
                0x0000000000003a0c       0x62 Output/Debug/Obj/ClassA_ISP4520B-US/nrf_drv_gpiote.o
 .text.nrf_gpio_cfg_input
                0x0000000000003a6e       0x2a Output/Debug/Obj/ClassA_ISP4520B-US/nrf_drv_gpiote.o
 .text.nrf_gpio_cfg_watcher
                0x0000000000003a98       0x38 Output/Debug/Obj/ClassA_ISP4520B-US/nrf_drv_gpiote.o
 .text.nrf_gpio_cfg_sense_set
                0x0000000000003ad0       0x5c Output/Debug/Obj/ClassA_ISP4520B-US/nrf_drv_gpiote.o
 .text.nrf_gpio_pin_read
                0x0000000000003b2c       0x2a Output/Debug/Obj/ClassA_ISP4520B-US/nrf_drv_gpiote.o
 .text.nrf_gpio_pin_sense_get
                0x0000000000003b56       0x2c Output/Debug/Obj/ClassA_ISP4520B-US/nrf_drv_gpiote.o
 .text.nrf_gpio_port_in_read
                0x0000000000003b82       0x10 Output/Debug/Obj/ClassA_ISP4520B-US/nrf_drv_gpiote.o
 *fill*         0x0000000000003b92        0x2 
 .text.nrf_gpio_ports_read
                0x0000000000003b94       0x68 Output/Debug/Obj/ClassA_ISP4520B-US/nrf_drv_gpiote.o
 .text.nrf_bitmask_bit_is_set
                0x0000000000003bfc       0x30 Output/Debug/Obj/ClassA_ISP4520B-US/nrf_drv_gpiote.o
 .text.nrf_bitmask_bit_set
                0x0000000000003c2c       0x40 Output/Debug/Obj/ClassA_ISP4520B-US/nrf_drv_gpiote.o
 .text.pin_in_use_by_te
                0x0000000000003c6c       0x3c Output/Debug/Obj/ClassA_ISP4520B-US/nrf_drv_gpiote.o
 .text.pin_in_use_by_port
                0x0000000000003ca8       0x24 Output/Debug/Obj/ClassA_ISP4520B-US/nrf_drv_gpiote.o
 .text.pin_in_use_by_gpiote
                0x0000000000003ccc       0x24 Output/Debug/Obj/ClassA_ISP4520B-US/nrf_drv_gpiote.o
 .text.pin_in_use_by_te_set
                0x0000000000003cf0       0x50 Output/Debug/Obj/ClassA_ISP4520B-US/nrf_drv_gpiote.o
 .text.pin_in_use_clear
                0x0000000000003d40       0x1c Output/Debug/Obj/ClassA_ISP4520B-US/nrf_drv_gpiote.o
 .text.channel_port_get
                0x0000000000003d5c       0x1c Output/Debug/Obj/ClassA_ISP4520B-US/nrf_drv_gpiote.o
 .text.channel_handler_get
                0x0000000000003d78       0x18 Output/Debug/Obj/ClassA_ISP4520B-US/nrf_drv_gpiote.o
 .text.channel_port_alloc
                0x0000000000003d90       0x7c Output/Debug/Obj/ClassA_ISP4520B-US/nrf_drv_gpiote.o
 .text.channel_free
                0x0000000000003e0c       0x38 Output/Debug/Obj/ClassA_ISP4520B-US/nrf_drv_gpiote.o
 .text.nrf_drv_gpiote_init
                0x0000000000003e44       0x90 Output/Debug/Obj/ClassA_ISP4520B-US/nrf_drv_gpiote.o
                0x0000000000003e44                nrf_drv_gpiote_init
 .text.nrf_drv_gpiote_is_init
                0x0000000000003ed4       0x18 Output/Debug/Obj/ClassA_ISP4520B-US/nrf_drv_gpiote.o
                0x0000000000003ed4                nrf_drv_gpiote_is_init
 .text.nrf_drv_gpiote_in_init
                0x0000000000003eec       0xc8 Output/Debug/Obj/ClassA_ISP4520B-US/nrf_drv_gpiote.o
                0x0000000000003eec                nrf_drv_gpiote_in_init
 .text.nrf_drv_gpiote_in_event_enable
                0x0000000000003fb4      0x110 Output/Debug/Obj/ClassA_ISP4520B-US/nrf_drv_gpiote.o
                0x0000000000003fb4                nrf_drv_gpiote_in_event_enable
 .text.GPIOTE_IRQHandler
                0x00000000000040c4      0x2e0 Output/Debug/Obj/ClassA_ISP4520B-US/nrf_drv_gpiote.o
                0x00000000000040c4                GPIOTE_IRQHandler
 .text.nrf_spi_event_clear
                0x00000000000043a4       0x2a Output/Debug/Obj/ClassA_ISP4520B-US/nrf_drv_spi.o
 .text.nrf_spi_event_check
                0x00000000000043ce       0x24 Output/Debug/Obj/ClassA_ISP4520B-US/nrf_drv_spi.o
 .text.nrf_spi_int_enable
                0x00000000000043f2       0x14 Output/Debug/Obj/ClassA_ISP4520B-US/nrf_drv_spi.o
 .text.nrf_spi_int_disable
                0x0000000000004406       0x14 Output/Debug/Obj/ClassA_ISP4520B-US/nrf_drv_spi.o
 .text.nrf_spi_enable
                0x000000000000441a       0x12 Output/Debug/Obj/ClassA_ISP4520B-US/nrf_drv_spi.o
 .text.nrf_spi_pins_set
                0x000000000000442c       0x28 Output/Debug/Obj/ClassA_ISP4520B-US/nrf_drv_spi.o
 .text.nrf_spi_txd_set
                0x0000000000004454       0x1a Output/Debug/Obj/ClassA_ISP4520B-US/nrf_drv_spi.o
 .text.nrf_spi_rxd_get
                0x000000000000446e       0x12 Output/Debug/Obj/ClassA_ISP4520B-US/nrf_drv_spi.o
 .text.nrf_spi_frequency_set
                0x0000000000004480       0x14 Output/Debug/Obj/ClassA_ISP4520B-US/nrf_drv_spi.o
 .text.nrf_spi_configure
                0x0000000000004494       0x64 Output/Debug/Obj/ClassA_ISP4520B-US/nrf_drv_spi.o
 .text.nrf_gpio_pin_port_decode
                0x00000000000044f8       0x28 Output/Debug/Obj/ClassA_ISP4520B-US/nrf_drv_spi.o
 .text.nrf_gpio_cfg
                0x0000000000004520       0x62 Output/Debug/Obj/ClassA_ISP4520B-US/nrf_drv_spi.o
 .text.nrf_gpio_cfg_output
                0x0000000000004582       0x22 Output/Debug/Obj/ClassA_ISP4520B-US/nrf_drv_spi.o
 .text.nrf_gpio_cfg_input
                0x00000000000045a4       0x2a Output/Debug/Obj/ClassA_ISP4520B-US/nrf_drv_spi.o
 .text.nrf_gpio_pin_set
                0x00000000000045ce       0x28 Output/Debug/Obj/ClassA_ISP4520B-US/nrf_drv_spi.o
 .text.nrf_gpio_pin_clear
                0x00000000000045f6       0x28 Output/Debug/Obj/ClassA_ISP4520B-US/nrf_drv_spi.o
 .text.nrf_gpio_port_out_set
                0x000000000000461e       0x14 Output/Debug/Obj/ClassA_ISP4520B-US/nrf_drv_spi.o
 .text.nrf_gpio_port_out_clear
                0x0000000000004632       0x14 Output/Debug/Obj/ClassA_ISP4520B-US/nrf_drv_spi.o
 *fill*         0x0000000000004646        0x2 
 .text.nrf_drv_spi_init
                0x0000000000004648      0x198 Output/Debug/Obj/ClassA_ISP4520B-US/nrf_drv_spi.o
                0x0000000000004648                nrf_drv_spi_init
 .text.nrf_drv_spi_transfer
                0x00000000000047e0       0x3e Output/Debug/Obj/ClassA_ISP4520B-US/nrf_drv_spi.o
                0x00000000000047e0                nrf_drv_spi_transfer
 .text.finish_transfer
                0x000000000000481e       0x3e Output/Debug/Obj/ClassA_ISP4520B-US/nrf_drv_spi.o
 .text.transfer_byte
                0x000000000000485c      0x108 Output/Debug/Obj/ClassA_ISP4520B-US/nrf_drv_spi.o
 .text.spi_xfer
                0x0000000000004964       0xca Output/Debug/Obj/ClassA_ISP4520B-US/nrf_drv_spi.o
 *fill*         0x0000000000004a2e        0x2 
 .text.nrf_drv_spi_xfer
                0x0000000000004a30      0x110 Output/Debug/Obj/ClassA_ISP4520B-US/nrf_drv_spi.o
                0x0000000000004a30                nrf_drv_spi_xfer
 .text.irq_handler_spi
                0x0000000000004b40       0x4c Output/Debug/Obj/ClassA_ISP4520B-US/nrf_drv_spi.o
 .text.SPIM0_SPIS0_TWIM0_TWIS0_SPI0_TWI0_IRQHandler
                0x0000000000004b8c       0x20 Output/Debug/Obj/ClassA_ISP4520B-US/nrf_drv_spi.o
                0x0000000000004b8c                SPIM0_SPIS0_TWIM0_TWIS0_SPI0_TWI0_IRQHandler
 .text.nrf_uart_event_clear
                0x0000000000004bac       0x2a Output/Debug/Obj/ClassA_ISP4520B-US/nrf_drv_uart.o
 .text.nrf_uart_event_check
                0x0000000000004bd6       0x24 Output/Debug/Obj/ClassA_ISP4520B-US/nrf_drv_uart.o
 .text.nrf_uart_int_enable
                0x0000000000004bfa       0x14 Output/Debug/Obj/ClassA_ISP4520B-US/nrf_drv_uart.o
 .text.nrf_uart_int_enable_check
                0x0000000000004c0e       0x20 Output/Debug/Obj/ClassA_ISP4520B-US/nrf_drv_uart.o
 .text.nrf_uart_int_disable
                0x0000000000004c2e       0x14 Output/Debug/Obj/ClassA_ISP4520B-US/nrf_drv_uart.o
 .text.nrf_uart_errorsrc_get_and_clear
                0x0000000000004c42       0x1c Output/Debug/Obj/ClassA_ISP4520B-US/nrf_drv_uart.o
 .text.nrf_uart_enable
                0x0000000000004c5e       0x12 Output/Debug/Obj/ClassA_ISP4520B-US/nrf_drv_uart.o
 .text.nrf_uart_txrx_pins_set
                0x0000000000004c70       0x1e Output/Debug/Obj/ClassA_ISP4520B-US/nrf_drv_uart.o
 .text.nrf_uart_hwfc_pins_set
                0x0000000000004c8e       0x1e Output/Debug/Obj/ClassA_ISP4520B-US/nrf_drv_uart.o
 .text.nrf_uart_rxd_get
                0x0000000000004cac       0x12 Output/Debug/Obj/ClassA_ISP4520B-US/nrf_drv_uart.o
 .text.nrf_uart_txd_set
                0x0000000000004cbe       0x1a Output/Debug/Obj/ClassA_ISP4520B-US/nrf_drv_uart.o
 .text.nrf_uart_task_trigger
                0x0000000000004cd8       0x1c Output/Debug/Obj/ClassA_ISP4520B-US/nrf_drv_uart.o
 .text.nrf_uart_configure
                0x0000000000004cf4       0x2a Output/Debug/Obj/ClassA_ISP4520B-US/nrf_drv_uart.o
 .text.nrf_uart_baudrate_set
                0x0000000000004d1e       0x14 Output/Debug/Obj/ClassA_ISP4520B-US/nrf_drv_uart.o
 .text.nrf_uarte_event_clear
                0x0000000000004d32       0x2a Output/Debug/Obj/ClassA_ISP4520B-US/nrf_drv_uart.o
 .text.nrf_uarte_event_check
                0x0000000000004d5c       0x24 Output/Debug/Obj/ClassA_ISP4520B-US/nrf_drv_uart.o
 .text.nrf_uarte_shorts_enable
                0x0000000000004d80       0x1c Output/Debug/Obj/ClassA_ISP4520B-US/nrf_drv_uart.o
 .text.nrf_uarte_shorts_disable
                0x0000000000004d9c       0x1e Output/Debug/Obj/ClassA_ISP4520B-US/nrf_drv_uart.o
 .text.nrf_uarte_int_enable
                0x0000000000004dba       0x14 Output/Debug/Obj/ClassA_ISP4520B-US/nrf_drv_uart.o
 .text.nrf_uarte_int_disable
                0x0000000000004dce       0x14 Output/Debug/Obj/ClassA_ISP4520B-US/nrf_drv_uart.o
 .text.nrf_uarte_errorsrc_get_and_clear
                0x0000000000004de2       0x1c Output/Debug/Obj/ClassA_ISP4520B-US/nrf_drv_uart.o
 .text.nrf_uarte_enable
                0x0000000000004dfe       0x12 Output/Debug/Obj/ClassA_ISP4520B-US/nrf_drv_uart.o
 .text.nrf_uarte_txrx_pins_set
                0x0000000000004e10       0x1e Output/Debug/Obj/ClassA_ISP4520B-US/nrf_drv_uart.o
 .text.nrf_uarte_hwfc_pins_set
                0x0000000000004e2e       0x1e Output/Debug/Obj/ClassA_ISP4520B-US/nrf_drv_uart.o
 .text.nrf_uarte_task_trigger
                0x0000000000004e4c       0x1c Output/Debug/Obj/ClassA_ISP4520B-US/nrf_drv_uart.o
 .text.nrf_uarte_configure
                0x0000000000004e68       0x2a Output/Debug/Obj/ClassA_ISP4520B-US/nrf_drv_uart.o
 .text.nrf_uarte_baudrate_set
                0x0000000000004e92       0x14 Output/Debug/Obj/ClassA_ISP4520B-US/nrf_drv_uart.o
 .text.nrf_uarte_tx_buffer_set
                0x0000000000004ea6       0x24 Output/Debug/Obj/ClassA_ISP4520B-US/nrf_drv_uart.o
 .text.nrf_uarte_tx_amount_get
                0x0000000000004eca       0x10 Output/Debug/Obj/ClassA_ISP4520B-US/nrf_drv_uart.o
 .text.nrf_uarte_rx_buffer_set
                0x0000000000004eda       0x24 Output/Debug/Obj/ClassA_ISP4520B-US/nrf_drv_uart.o
 .text.nrf_uarte_rx_amount_get
                0x0000000000004efe       0x10 Output/Debug/Obj/ClassA_ISP4520B-US/nrf_drv_uart.o
 .text.nrf_drv_get_IRQn
                0x0000000000004f0e       0x16 Output/Debug/Obj/ClassA_ISP4520B-US/nrf_drv_uart.o
 .text.nrf_drv_is_in_RAM
                0x0000000000004f24       0x1c Output/Debug/Obj/ClassA_ISP4520B-US/nrf_drv_uart.o
 .text.nrf_gpio_pin_port_decode
                0x0000000000004f40       0x28 Output/Debug/Obj/ClassA_ISP4520B-US/nrf_drv_uart.o
 .text.nrf_gpio_cfg
                0x0000000000004f68       0x62 Output/Debug/Obj/ClassA_ISP4520B-US/nrf_drv_uart.o
 .text.nrf_gpio_cfg_output
                0x0000000000004fca       0x22 Output/Debug/Obj/ClassA_ISP4520B-US/nrf_drv_uart.o
 .text.nrf_gpio_cfg_input
                0x0000000000004fec       0x2a Output/Debug/Obj/ClassA_ISP4520B-US/nrf_drv_uart.o
 .text.nrf_gpio_pin_set
                0x0000000000005016       0x28 Output/Debug/Obj/ClassA_ISP4520B-US/nrf_drv_uart.o
 .text.nrf_gpio_port_out_set
                0x000000000000503e       0x14 Output/Debug/Obj/ClassA_ISP4520B-US/nrf_drv_uart.o
 *fill*         0x0000000000005052        0x2 
 .text.apply_config
                0x0000000000005054      0x160 Output/Debug/Obj/ClassA_ISP4520B-US/nrf_drv_uart.o
 .text.interrupts_enable
                0x00000000000051b4       0xd4 Output/Debug/Obj/ClassA_ISP4520B-US/nrf_drv_uart.o
 .text.uart_enable
                0x0000000000005288       0x3c Output/Debug/Obj/ClassA_ISP4520B-US/nrf_drv_uart.o
 .text.nrf_drv_uart_init
                0x00000000000052c4       0xa4 Output/Debug/Obj/ClassA_ISP4520B-US/nrf_drv_uart.o
                0x00000000000052c4                nrf_drv_uart_init
 .text.tx_byte  0x0000000000005368       0x46 Output/Debug/Obj/ClassA_ISP4520B-US/nrf_drv_uart.o
 *fill*         0x00000000000053ae        0x2 
 .text.nrf_drv_uart_tx_for_uart
                0x00000000000053b0       0xe4 Output/Debug/Obj/ClassA_ISP4520B-US/nrf_drv_uart.o
 .text.nrf_drv_uart_tx_for_uarte
                0x0000000000005494       0xbc Output/Debug/Obj/ClassA_ISP4520B-US/nrf_drv_uart.o
 .text.nrf_drv_uart_tx
                0x0000000000005550       0xd8 Output/Debug/Obj/ClassA_ISP4520B-US/nrf_drv_uart.o
                0x0000000000005550                nrf_drv_uart_tx
 .text.nrf_drv_uart_tx_in_progress
                0x0000000000005628       0x28 Output/Debug/Obj/ClassA_ISP4520B-US/nrf_drv_uart.o
                0x0000000000005628                nrf_drv_uart_tx_in_progress
 .text.rx_enable
                0x0000000000005650       0x36 Output/Debug/Obj/ClassA_ISP4520B-US/nrf_drv_uart.o
 .text.rx_byte  0x0000000000005686       0x54 Output/Debug/Obj/ClassA_ISP4520B-US/nrf_drv_uart.o
 *fill*         0x00000000000056da        0x2 
 .text.nrf_drv_uart_rx_for_uart
                0x00000000000056dc      0x158 Output/Debug/Obj/ClassA_ISP4520B-US/nrf_drv_uart.o
 .text.nrf_drv_uart_rx_for_uarte
                0x0000000000005834      0x130 Output/Debug/Obj/ClassA_ISP4520B-US/nrf_drv_uart.o
 .text.nrf_drv_uart_rx
                0x0000000000005964      0x188 Output/Debug/Obj/ClassA_ISP4520B-US/nrf_drv_uart.o
                0x0000000000005964                nrf_drv_uart_rx
 .text.nrf_drv_uart_rx_enable
                0x0000000000005aec       0x64 Output/Debug/Obj/ClassA_ISP4520B-US/nrf_drv_uart.o
                0x0000000000005aec                nrf_drv_uart_rx_enable
 .text.rx_done_event
                0x0000000000005b50       0x36 Output/Debug/Obj/ClassA_ISP4520B-US/nrf_drv_uart.o
 .text.tx_done_event
                0x0000000000005b86       0x3c Output/Debug/Obj/ClassA_ISP4520B-US/nrf_drv_uart.o
 .text.uart_irq_handler
                0x0000000000005bc2      0x1d4 Output/Debug/Obj/ClassA_ISP4520B-US/nrf_drv_uart.o
 .text.uarte_irq_handler
                0x0000000000005d96      0x160 Output/Debug/Obj/ClassA_ISP4520B-US/nrf_drv_uart.o
 *fill*         0x0000000000005ef6        0x2 
 .text.UARTE0_UART0_IRQHandler
                0x0000000000005ef8       0x28 Output/Debug/Obj/ClassA_ISP4520B-US/nrf_drv_uart.o
                0x0000000000005ef8                UARTE0_UART0_IRQHandler
 .text.nrf_clock_int_enable
                0x0000000000005f20       0x14 Output/Debug/Obj/ClassA_ISP4520B-US/nrf_drv_clock.o
 .text.nrf_clock_int_disable
                0x0000000000005f34       0x14 Output/Debug/Obj/ClassA_ISP4520B-US/nrf_drv_clock.o
 .text.nrf_clock_task_trigger
                0x0000000000005f48       0x1a Output/Debug/Obj/ClassA_ISP4520B-US/nrf_drv_clock.o
 .text.nrf_clock_event_clear
                0x0000000000005f62       0x28 Output/Debug/Obj/ClassA_ISP4520B-US/nrf_drv_clock.o
 .text.nrf_clock_event_check
                0x0000000000005f8a       0x22 Output/Debug/Obj/ClassA_ISP4520B-US/nrf_drv_clock.o
 .text.nrf_clock_lf_src_set
                0x0000000000005fac       0x1e Output/Debug/Obj/ClassA_ISP4520B-US/nrf_drv_clock.o
 *fill*         0x0000000000005fca        0x2 
 .text.nrf_drv_common_irq_enable_check
                0x0000000000005fcc       0x38 Output/Debug/Obj/ClassA_ISP4520B-US/nrf_drv_clock.o
 .text.nrf_drv_common_power_clock_irq_init
                0x0000000000006004       0x20 Output/Debug/Obj/ClassA_ISP4520B-US/nrf_drv_clock.o
 .text.lfclk_start
                0x0000000000006024       0x1a Output/Debug/Obj/ClassA_ISP4520B-US/nrf_drv_clock.o
 *fill*         0x000000000000603e        0x2 
 .text.nrf_drv_clock_init
                0x0000000000006040       0x4c Output/Debug/Obj/ClassA_ISP4520B-US/nrf_drv_clock.o
                0x0000000000006040                nrf_drv_clock_init
 .text.item_enqueue
                0x000000000000608c       0x38 Output/Debug/Obj/ClassA_ISP4520B-US/nrf_drv_clock.o
 .text.item_dequeue
                0x00000000000060c4       0x20 Output/Debug/Obj/ClassA_ISP4520B-US/nrf_drv_clock.o
 .text.nrf_drv_clock_lfclk_request
                0x00000000000060e4       0x9c Output/Debug/Obj/ClassA_ISP4520B-US/nrf_drv_clock.o
                0x00000000000060e4                nrf_drv_clock_lfclk_request
 .text.clock_clk_started_notify
                0x0000000000006180       0x4c Output/Debug/Obj/ClassA_ISP4520B-US/nrf_drv_clock.o
 .text.POWER_CLOCK_IRQHandler
                0x00000000000061cc       0x5c Output/Debug/Obj/ClassA_ISP4520B-US/nrf_drv_clock.o
                0x00000000000061cc                POWER_CLOCK_IRQHandler
 .text._DoInit  0x0000000000006228       0x9c Output/Debug/Obj/ClassA_ISP4520B-US/SEGGER_RTT.o
 .text._WriteBlocking
                0x00000000000062c4       0xb2 Output/Debug/Obj/ClassA_ISP4520B-US/SEGGER_RTT.o
 .text._WriteNoCheck
                0x0000000000006376       0x7e Output/Debug/Obj/ClassA_ISP4520B-US/SEGGER_RTT.o
 .text._GetAvailWriteSpace
                0x00000000000063f4       0x3c Output/Debug/Obj/ClassA_ISP4520B-US/SEGGER_RTT.o
 .text.SEGGER_RTT_WriteNoLock
                0x0000000000006430       0xa0 Output/Debug/Obj/ClassA_ISP4520B-US/SEGGER_RTT.o
                0x0000000000006430                SEGGER_RTT_WriteNoLock
 .text.SEGGER_RTT_Write
                0x00000000000064d0       0x3c Output/Debug/Obj/ClassA_ISP4520B-US/SEGGER_RTT.o
                0x00000000000064d0                SEGGER_RTT_Write
 .text.SEGGER_RTT_Init
                0x000000000000650c        0xa Output/Debug/Obj/ClassA_ISP4520B-US/SEGGER_RTT.o
                0x000000000000650c                SEGGER_RTT_Init
 .text.printf   0x0000000000006516       0x4c Output/Debug/Obj/ClassA_ISP4520B-US/SEGGER_RTT_Syscalls_SES.o
                0x0000000000006516                printf
 *fill*         0x0000000000006562        0x2 
 .text.NVIC_SystemReset
                0x0000000000006564       0x2c Output/Debug/Obj/ClassA_ISP4520B-US/system_nrf52.o
 .text.SystemCoreClockUpdate
                0x0000000000006590       0x14 Output/Debug/Obj/ClassA_ISP4520B-US/system_nrf52.o
                0x0000000000006590                SystemCoreClockUpdate
 .text.SystemInit
                0x00000000000065a4      0x2d8 Output/Debug/Obj/ClassA_ISP4520B-US/system_nrf52.o
                0x00000000000065a4                SystemInit
 .text.errata_12
                0x000000000000687c       0x58 Output/Debug/Obj/ClassA_ISP4520B-US/system_nrf52.o
 .text.errata_16
                0x00000000000068d4       0x38 Output/Debug/Obj/ClassA_ISP4520B-US/system_nrf52.o
 .text.errata_31
                0x000000000000690c       0x58 Output/Debug/Obj/ClassA_ISP4520B-US/system_nrf52.o
 .text.errata_32
                0x0000000000006964       0x38 Output/Debug/Obj/ClassA_ISP4520B-US/system_nrf52.o
 .text.errata_36
                0x000000000000699c       0x58 Output/Debug/Obj/ClassA_ISP4520B-US/system_nrf52.o
 .text.errata_37
                0x00000000000069f4       0x38 Output/Debug/Obj/ClassA_ISP4520B-US/system_nrf52.o
 .text.errata_57
                0x0000000000006a2c       0x38 Output/Debug/Obj/ClassA_ISP4520B-US/system_nrf52.o
 .text.errata_66
                0x0000000000006a64       0x38 Output/Debug/Obj/ClassA_ISP4520B-US/system_nrf52.o
 .text.errata_108
                0x0000000000006a9c       0x58 Output/Debug/Obj/ClassA_ISP4520B-US/system_nrf52.o
 .text.errata_136
                0x0000000000006af4       0x58 Output/Debug/Obj/ClassA_ISP4520B-US/system_nrf52.o
 .text.nrf52_errata_182
                0x0000000000006b4c       0x58 Output/Debug/Obj/ClassA_ISP4520B-US/system_nrf52.o
 .text.lora_hardware_init
                0x0000000000006ba4       0x2c Output/Debug/Obj/ClassA_ISP4520B-US/board.o
                0x0000000000006ba4                lora_hardware_init
 .text.BoardGetRandomSeed
                0x0000000000006bd0       0x18 Output/Debug/Obj/ClassA_ISP4520B-US/board.o
                0x0000000000006bd0                BoardGetRandomSeed
 .text.BoardGetUniqueId
                0x0000000000006be8       0x7c Output/Debug/Obj/ClassA_ISP4520B-US/board.o
                0x0000000000006be8                BoardGetUniqueId
 .text.BoardGetBatteryLevel
                0x0000000000006c64        0x6 Output/Debug/Obj/ClassA_ISP4520B-US/board.o
                0x0000000000006c64                BoardGetBatteryLevel
 .text.BoardCriticalSectionBegin
                0x0000000000006c6a       0x1a Output/Debug/Obj/ClassA_ISP4520B-US/board.o
                0x0000000000006c6a                BoardCriticalSectionBegin
 .text.BoardCriticalSectionEnd
                0x0000000000006c84       0x18 Output/Debug/Obj/ClassA_ISP4520B-US/board.o
                0x0000000000006c84                BoardCriticalSectionEnd
 .text.nrf_gpio_pin_port_decode
                0x0000000000006c9c       0x28 Output/Debug/Obj/ClassA_ISP4520B-US/gpio-board.o
 .text.nrf_gpio_cfg
                0x0000000000006cc4       0x62 Output/Debug/Obj/ClassA_ISP4520B-US/gpio-board.o
 .text.nrf_gpio_cfg_output
                0x0000000000006d26       0x22 Output/Debug/Obj/ClassA_ISP4520B-US/gpio-board.o
 .text.nrf_gpio_cfg_input
                0x0000000000006d48       0x2a Output/Debug/Obj/ClassA_ISP4520B-US/gpio-board.o
 .text.nrf_gpio_pin_set
                0x0000000000006d72       0x28 Output/Debug/Obj/ClassA_ISP4520B-US/gpio-board.o
 .text.nrf_gpio_pin_clear
                0x0000000000006d9a       0x28 Output/Debug/Obj/ClassA_ISP4520B-US/gpio-board.o
 .text.nrf_gpio_pin_write
                0x0000000000006dc2       0x24 Output/Debug/Obj/ClassA_ISP4520B-US/gpio-board.o
 .text.nrf_gpio_pin_read
                0x0000000000006de6       0x2a Output/Debug/Obj/ClassA_ISP4520B-US/gpio-board.o
 .text.nrf_gpio_port_in_read
                0x0000000000006e10       0x10 Output/Debug/Obj/ClassA_ISP4520B-US/gpio-board.o
 .text.nrf_gpio_port_out_set
                0x0000000000006e20       0x14 Output/Debug/Obj/ClassA_ISP4520B-US/gpio-board.o
 .text.nrf_gpio_port_out_clear
                0x0000000000006e34       0x14 Output/Debug/Obj/ClassA_ISP4520B-US/gpio-board.o
 .text.gpiote_evt_handler
                0x0000000000006e48       0x30 Output/Debug/Obj/ClassA_ISP4520B-US/gpio-board.o
 .text.GpioInit
                0x0000000000006e78       0x98 Output/Debug/Obj/ClassA_ISP4520B-US/gpio-board.o
                0x0000000000006e78                GpioInit
 .text.GpioSetInterrupt
                0x0000000000006f10       0xfc Output/Debug/Obj/ClassA_ISP4520B-US/gpio-board.o
                0x0000000000006f10                GpioSetInterrupt
 .text.GpioWrite
                0x000000000000700c       0x26 Output/Debug/Obj/ClassA_ISP4520B-US/gpio-board.o
                0x000000000000700c                GpioWrite
 .text.GpioRead
                0x0000000000007032       0x26 Output/Debug/Obj/ClassA_ISP4520B-US/gpio-board.o
                0x0000000000007032                GpioRead
 .text.SpiInit  0x0000000000007058       0x7c Output/Debug/Obj/ClassA_ISP4520B-US/spi-board.o
                0x0000000000007058                SpiInit
 .text.SpiInOut
                0x00000000000070d4       0x68 Output/Debug/Obj/ClassA_ISP4520B-US/spi-board.o
                0x00000000000070d4                SpiInOut
 .text.SX126xIoInit
                0x000000000000713c       0x54 Output/Debug/Obj/ClassA_ISP4520B-US/sx126x-board.o
                0x000000000000713c                SX126xIoInit
 .text.SX126xIoIrqInit
                0x0000000000007190       0x20 Output/Debug/Obj/ClassA_ISP4520B-US/sx126x-board.o
                0x0000000000007190                SX126xIoIrqInit
 .text.SX126xIoTcxoInit
                0x00000000000071b0       0x2a Output/Debug/Obj/ClassA_ISP4520B-US/sx126x-board.o
                0x00000000000071b0                SX126xIoTcxoInit
 .text.SX126xGetBoardTcxoWakeupTime
                0x00000000000071da        0x6 Output/Debug/Obj/ClassA_ISP4520B-US/sx126x-board.o
                0x00000000000071da                SX126xGetBoardTcxoWakeupTime
 .text.SX126xReset
                0x00000000000071e0       0x4c Output/Debug/Obj/ClassA_ISP4520B-US/sx126x-board.o
                0x00000000000071e0                SX126xReset
 .text.SX126xWaitOnBusy
                0x000000000000722c       0x1c Output/Debug/Obj/ClassA_ISP4520B-US/sx126x-board.o
                0x000000000000722c                SX126xWaitOnBusy
 .text.SX126xWakeup
                0x0000000000007248       0x48 Output/Debug/Obj/ClassA_ISP4520B-US/sx126x-board.o
                0x0000000000007248                SX126xWakeup
 .text.SX126xWriteCommand
                0x0000000000007290       0x84 Output/Debug/Obj/ClassA_ISP4520B-US/sx126x-board.o
                0x0000000000007290                SX126xWriteCommand
 .text.SX126xReadCommand
                0x0000000000007314       0x98 Output/Debug/Obj/ClassA_ISP4520B-US/sx126x-board.o
                0x0000000000007314                SX126xReadCommand
 .text.SX126xWriteRegisters
                0x00000000000073ac       0x94 Output/Debug/Obj/ClassA_ISP4520B-US/sx126x-board.o
                0x00000000000073ac                SX126xWriteRegisters
 .text.SX126xWriteRegister
                0x0000000000007440       0x2a Output/Debug/Obj/ClassA_ISP4520B-US/sx126x-board.o
                0x0000000000007440                SX126xWriteRegister
 *fill*         0x000000000000746a        0x2 
 .text.SX126xReadRegisters
                0x000000000000746c       0xa0 Output/Debug/Obj/ClassA_ISP4520B-US/sx126x-board.o
                0x000000000000746c                SX126xReadRegisters
 .text.SX126xReadRegister
                0x000000000000750c       0x26 Output/Debug/Obj/ClassA_ISP4520B-US/sx126x-board.o
                0x000000000000750c                SX126xReadRegister
 *fill*         0x0000000000007532        0x2 
 .text.SX126xWriteBuffer
                0x0000000000007534       0x84 Output/Debug/Obj/ClassA_ISP4520B-US/sx126x-board.o
                0x0000000000007534                SX126xWriteBuffer
 .text.SX126xReadBuffer
                0x00000000000075b8       0x90 Output/Debug/Obj/ClassA_ISP4520B-US/sx126x-board.o
                0x00000000000075b8                SX126xReadBuffer
 .text.SX126xSetRfTxPower
                0x0000000000007648       0x1e Output/Debug/Obj/ClassA_ISP4520B-US/sx126x-board.o
                0x0000000000007648                SX126xSetRfTxPower
 .text.SX126xGetDeviceId
                0x0000000000007666        0x6 Output/Debug/Obj/ClassA_ISP4520B-US/sx126x-board.o
                0x0000000000007666                SX126xGetDeviceId
 .text.SX126xAntSwOn
                0x000000000000766c        0x4 Output/Debug/Obj/ClassA_ISP4520B-US/sx126x-board.o
                0x000000000000766c                SX126xAntSwOn
 .text.SX126xAntSwOff
                0x0000000000007670        0x4 Output/Debug/Obj/ClassA_ISP4520B-US/sx126x-board.o
                0x0000000000007670                SX126xAntSwOff
 .text.NVIC_EnableIRQ
                0x0000000000007674       0x2c Output/Debug/Obj/ClassA_ISP4520B-US/rtc-board.o
 .text.NVIC_ClearPendingIRQ
                0x00000000000076a0       0x30 Output/Debug/Obj/ClassA_ISP4520B-US/rtc-board.o
 .text.NVIC_SetPriority
                0x00000000000076d0       0x50 Output/Debug/Obj/ClassA_ISP4520B-US/rtc-board.o
 .text.RtcInit  0x0000000000007720       0x6c Output/Debug/Obj/ClassA_ISP4520B-US/rtc-board.o
                0x0000000000007720                RtcInit
 .text.RtcGetMinimumTimeout
                0x000000000000778c        0x6 Output/Debug/Obj/ClassA_ISP4520B-US/rtc-board.o
                0x000000000000778c                RtcGetMinimumTimeout
 .text.RtcMs2Tick
                0x0000000000007792       0x42 Output/Debug/Obj/ClassA_ISP4520B-US/rtc-board.o
                0x0000000000007792                RtcMs2Tick
 .text.RtcTick2Ms
                0x00000000000077d4       0x7c Output/Debug/Obj/ClassA_ISP4520B-US/rtc-board.o
                0x00000000000077d4                RtcTick2Ms
 .text.RtcSetAlarm
                0x0000000000007850       0x34 Output/Debug/Obj/ClassA_ISP4520B-US/rtc-board.o
                0x0000000000007850                RtcSetAlarm
 .text.RtcStopAlarm
                0x0000000000007884       0x14 Output/Debug/Obj/ClassA_ISP4520B-US/rtc-board.o
                0x0000000000007884                RtcStopAlarm
 .text.RtcSetTimerContext
                0x0000000000007898       0x1c Output/Debug/Obj/ClassA_ISP4520B-US/rtc-board.o
                0x0000000000007898                RtcSetTimerContext
 .text.RtcGetTimerContext
                0x00000000000078b4        0xc Output/Debug/Obj/ClassA_ISP4520B-US/rtc-board.o
                0x00000000000078b4                RtcGetTimerContext
 .text.RtcGetCalendarTime
                0x00000000000078c0       0x6c Output/Debug/Obj/ClassA_ISP4520B-US/rtc-board.o
                0x00000000000078c0                RtcGetCalendarTime
 .text.RtcGetTimerValue
                0x000000000000792c       0x10 Output/Debug/Obj/ClassA_ISP4520B-US/rtc-board.o
                0x000000000000792c                RtcGetTimerValue
 .text.RtcGetTimerElapsedTime
                0x000000000000793c       0x20 Output/Debug/Obj/ClassA_ISP4520B-US/rtc-board.o
                0x000000000000793c                RtcGetTimerElapsedTime
 .text.RtcBkupWrite
                0x000000000000795c       0x20 Output/Debug/Obj/ClassA_ISP4520B-US/rtc-board.o
                0x000000000000795c                RtcBkupWrite
 .text.RtcBkupRead
                0x000000000000797c       0x24 Output/Debug/Obj/ClassA_ISP4520B-US/rtc-board.o
                0x000000000000797c                RtcBkupRead
 .text.RTC2_IRQHandler
                0x00000000000079a0       0x48 Output/Debug/Obj/ClassA_ISP4520B-US/rtc-board.o
                0x00000000000079a0                RTC2_IRQHandler
 .text.rand1    0x00000000000079e8       0x3c Output/Debug/Obj/ClassA_ISP4520B-US/utilities.o
                0x00000000000079e8                rand1
 .text.srand1   0x0000000000007a24       0x14 Output/Debug/Obj/ClassA_ISP4520B-US/utilities.o
                0x0000000000007a24                srand1
 .text.randr    0x0000000000007a38       0x2c Output/Debug/Obj/ClassA_ISP4520B-US/utilities.o
                0x0000000000007a38                randr
 .text.memcpy1  0x0000000000007a64       0x34 Output/Debug/Obj/ClassA_ISP4520B-US/utilities.o
                0x0000000000007a64                memcpy1
 .text.memcpyr  0x0000000000007a98       0x40 Output/Debug/Obj/ClassA_ISP4520B-US/utilities.o
                0x0000000000007a98                memcpyr
 .text.memset1  0x0000000000007ad8       0x34 Output/Debug/Obj/ClassA_ISP4520B-US/utilities.o
                0x0000000000007ad8                memset1
 .text.nrf_delay_us
                0x0000000000007b0c       0xa0 Output/Debug/Obj/ClassA_ISP4520B-US/delay.o
 .text.nrf_delay_ms
                0x0000000000007bac       0x1e Output/Debug/Obj/ClassA_ISP4520B-US/delay.o
 .text.DelayMs  0x0000000000007bca       0x14 Output/Debug/Obj/ClassA_ISP4520B-US/delay.o
                0x0000000000007bca                DelayMs
 *fill*         0x0000000000007bde        0x2 
 .text.TimerRtcInit
                0x0000000000007be0       0x10 Output/Debug/Obj/ClassA_ISP4520B-US/timer.o
                0x0000000000007be0                TimerRtcInit
 .text.TimerInit
                0x0000000000007bf0       0x36 Output/Debug/Obj/ClassA_ISP4520B-US/timer.o
                0x0000000000007bf0                TimerInit
 *fill*         0x0000000000007c26        0x2 
 .text.TimerStart
                0x0000000000007c28       0x98 Output/Debug/Obj/ClassA_ISP4520B-US/timer.o
                0x0000000000007c28                TimerStart
 .text.TimerInsertTimer
                0x0000000000007cc0       0x58 Output/Debug/Obj/ClassA_ISP4520B-US/timer.o
 .text.TimerInsertNewHeadTimer
                0x0000000000007d18       0x3c Output/Debug/Obj/ClassA_ISP4520B-US/timer.o
 .text.RtcEvtHandler
                0x0000000000007d54      0x100 Output/Debug/Obj/ClassA_ISP4520B-US/timer.o
                0x0000000000007d54                RtcEvtHandler
 .text.TimerStop
                0x0000000000007e54       0xec Output/Debug/Obj/ClassA_ISP4520B-US/timer.o
                0x0000000000007e54                TimerStop
 .text.TimerExists
                0x0000000000007f40       0x30 Output/Debug/Obj/ClassA_ISP4520B-US/timer.o
 .text.TimerSetValue
                0x0000000000007f70       0x40 Output/Debug/Obj/ClassA_ISP4520B-US/timer.o
                0x0000000000007f70                TimerSetValue
 .text.TimerGetCurrentTime
                0x0000000000007fb0       0x1a Output/Debug/Obj/ClassA_ISP4520B-US/timer.o
                0x0000000000007fb0                TimerGetCurrentTime
 .text.TimerGetElapsedTime
                0x0000000000007fca       0x34 Output/Debug/Obj/ClassA_ISP4520B-US/timer.o
                0x0000000000007fca                TimerGetElapsedTime
 .text.TimerSetTimeout
                0x0000000000007ffe       0x44 Output/Debug/Obj/ClassA_ISP4520B-US/timer.o
 .text.SysTimeAdd
                0x0000000000008042       0x6e Output/Debug/Obj/ClassA_ISP4520B-US/systime.o
                0x0000000000008042                SysTimeAdd
 .text.SysTimeSub
                0x00000000000080b0       0x6c Output/Debug/Obj/ClassA_ISP4520B-US/systime.o
                0x00000000000080b0                SysTimeSub
 .text.SysTimeSet
                0x000000000000811c       0x48 Output/Debug/Obj/ClassA_ISP4520B-US/systime.o
                0x000000000000811c                SysTimeSet
 .text.SysTimeGet
                0x0000000000008164       0x5c Output/Debug/Obj/ClassA_ISP4520B-US/systime.o
                0x0000000000008164                SysTimeGet
 .text.SysTimeGetMcuTime
                0x00000000000081c0       0x34 Output/Debug/Obj/ClassA_ISP4520B-US/systime.o
                0x00000000000081c0                SysTimeGetMcuTime
 .text.copy_block
                0x00000000000081f4       0xaa Output/Debug/Obj/ClassA_ISP4520B-US/aes.o
 .text.copy_block_nn
                0x000000000000829e       0x34 Output/Debug/Obj/ClassA_ISP4520B-US/aes.o
 .text.xor_block
                0x00000000000082d2      0x166 Output/Debug/Obj/ClassA_ISP4520B-US/aes.o
 .text.copy_and_key
                0x0000000000008438      0x168 Output/Debug/Obj/ClassA_ISP4520B-US/aes.o
 .text.add_round_key
                0x00000000000085a0       0x18 Output/Debug/Obj/ClassA_ISP4520B-US/aes.o
 .text.shift_sub_rows
                0x00000000000085b8      0x13c Output/Debug/Obj/ClassA_ISP4520B-US/aes.o
 .text.mix_sub_columns
                0x00000000000086f4      0x3d4 Output/Debug/Obj/ClassA_ISP4520B-US/aes.o
 .text.aes_set_key
                0x0000000000008ac8      0x238 Output/Debug/Obj/ClassA_ISP4520B-US/aes.o
                0x0000000000008ac8                aes_set_key
 .text.aes_encrypt
                0x0000000000008d00       0x86 Output/Debug/Obj/ClassA_ISP4520B-US/aes.o
                0x0000000000008d00                aes_encrypt
 .text.AES_CMAC_Init
                0x0000000000008d86       0x30 Output/Debug/Obj/ClassA_ISP4520B-US/cmac.o
                0x0000000000008d86                AES_CMAC_Init
 .text.AES_CMAC_SetKey
                0x0000000000008db6       0x1c Output/Debug/Obj/ClassA_ISP4520B-US/cmac.o
                0x0000000000008db6                AES_CMAC_SetKey
 .text.AES_CMAC_Update
                0x0000000000008dd2      0x156 Output/Debug/Obj/ClassA_ISP4520B-US/cmac.o
                0x0000000000008dd2                AES_CMAC_Update
 .text.AES_CMAC_Final
                0x0000000000008f28      0x2a6 Output/Debug/Obj/ClassA_ISP4520B-US/cmac.o
                0x0000000000008f28                AES_CMAC_Final
 *fill*         0x00000000000091ce        0x2 
 .text.GetKeyByID
                0x00000000000091d0       0x68 Output/Debug/Obj/ClassA_ISP4520B-US/soft-se.o
                0x00000000000091d0                GetKeyByID
 .text.DummyCB  0x0000000000009238        0x4 Output/Debug/Obj/ClassA_ISP4520B-US/soft-se.o
 .text.ComputeCmac
                0x000000000000923c       0xb0 Output/Debug/Obj/ClassA_ISP4520B-US/soft-se.o
 .text.SecureElementInit
                0x00000000000092ec      0x344 Output/Debug/Obj/ClassA_ISP4520B-US/soft-se.o
                0x00000000000092ec                SecureElementInit
 .text.SecureElementRestoreNvmCtx
                0x0000000000009630       0x2c Output/Debug/Obj/ClassA_ISP4520B-US/soft-se.o
                0x0000000000009630                SecureElementRestoreNvmCtx
 .text.SecureElementGetNvmCtx
                0x000000000000965c       0x18 Output/Debug/Obj/ClassA_ISP4520B-US/soft-se.o
                0x000000000000965c                SecureElementGetNvmCtx
 .text.SecureElementSetKey
                0x0000000000009674       0xf8 Output/Debug/Obj/ClassA_ISP4520B-US/soft-se.o
                0x0000000000009674                SecureElementSetKey
 .text.SecureElementComputeAesCmac
                0x000000000000976c       0x44 Output/Debug/Obj/ClassA_ISP4520B-US/soft-se.o
                0x000000000000976c                SecureElementComputeAesCmac
 .text.SecureElementVerifyAesCmac
                0x00000000000097b0       0x6e Output/Debug/Obj/ClassA_ISP4520B-US/soft-se.o
                0x00000000000097b0                SecureElementVerifyAesCmac
 *fill*         0x000000000000981e        0x2 
 .text.SecureElementAesEncrypt
                0x0000000000009820       0xb8 Output/Debug/Obj/ClassA_ISP4520B-US/soft-se.o
                0x0000000000009820                SecureElementAesEncrypt
 .text.SecureElementDeriveAndStoreKey
                0x00000000000098d8       0xa8 Output/Debug/Obj/ClassA_ISP4520B-US/soft-se.o
                0x00000000000098d8                SecureElementDeriveAndStoreKey
 .text.SecureElementRandomNumber
                0x0000000000009980       0x2c Output/Debug/Obj/ClassA_ISP4520B-US/soft-se.o
                0x0000000000009980                SecureElementRandomNumber
 .text.SecureElementSetDevEui
                0x00000000000099ac       0x34 Output/Debug/Obj/ClassA_ISP4520B-US/soft-se.o
                0x00000000000099ac                SecureElementSetDevEui
 .text.SecureElementGetDevEui
                0x00000000000099e0        0xc Output/Debug/Obj/ClassA_ISP4520B-US/soft-se.o
                0x00000000000099e0                SecureElementGetDevEui
 .text.SecureElementSetJoinEui
                0x00000000000099ec       0x34 Output/Debug/Obj/ClassA_ISP4520B-US/soft-se.o
                0x00000000000099ec                SecureElementSetJoinEui
 .text.SecureElementGetJoinEui
                0x0000000000009a20        0xc Output/Debug/Obj/ClassA_ISP4520B-US/soft-se.o
                0x0000000000009a20                SecureElementGetJoinEui
 .text.RadioGetFskBandwidthRegValue
                0x0000000000009a2c       0x68 Output/Debug/Obj/ClassA_ISP4520B-US/radio.o
 .text.RadioInit
                0x0000000000009a94       0x78 Output/Debug/Obj/ClassA_ISP4520B-US/radio.o
                0x0000000000009a94                RadioInit
 .text.RadioGetStatus
                0x0000000000009b0c       0x2c Output/Debug/Obj/ClassA_ISP4520B-US/radio.o
                0x0000000000009b0c                RadioGetStatus
 .text.RadioSetModem
                0x0000000000009b38       0x54 Output/Debug/Obj/ClassA_ISP4520B-US/radio.o
                0x0000000000009b38                RadioSetModem
 .text.RadioSetChannel
                0x0000000000009b8c       0x14 Output/Debug/Obj/ClassA_ISP4520B-US/radio.o
                0x0000000000009b8c                RadioSetChannel
 .text.RadioIsChannelFree
                0x0000000000009ba0       0x8e Output/Debug/Obj/ClassA_ISP4520B-US/radio.o
                0x0000000000009ba0                RadioIsChannelFree
 .text.RadioRandom
                0x0000000000009c2e       0x5c Output/Debug/Obj/ClassA_ISP4520B-US/radio.o
                0x0000000000009c2e                RadioRandom
 *fill*         0x0000000000009c8a        0x2 
 .text.RadioSetRxConfig
                0x0000000000009c8c      0x30c Output/Debug/Obj/ClassA_ISP4520B-US/radio.o
                0x0000000000009c8c                RadioSetRxConfig
 .text.RadioSetTxConfig
                0x0000000000009f98      0x264 Output/Debug/Obj/ClassA_ISP4520B-US/radio.o
                0x0000000000009f98                RadioSetTxConfig
 .text.RadioCheckRfFrequency
                0x000000000000a1fc        0xc Output/Debug/Obj/ClassA_ISP4520B-US/radio.o
                0x000000000000a1fc                RadioCheckRfFrequency
 .text.RadioTimeOnAir
                0x000000000000a208      0x2c8 Output/Debug/Obj/ClassA_ISP4520B-US/radio.o
                0x000000000000a208                RadioTimeOnAir
 .text.RadioSend
                0x000000000000a4d0       0x7c Output/Debug/Obj/ClassA_ISP4520B-US/radio.o
                0x000000000000a4d0                RadioSend
 .text.RadioSleep
                0x000000000000a54c       0x2c Output/Debug/Obj/ClassA_ISP4520B-US/radio.o
                0x000000000000a54c                RadioSleep
 .text.RadioStandby
                0x000000000000a578        0xc Output/Debug/Obj/ClassA_ISP4520B-US/radio.o
                0x000000000000a578                RadioStandby
 .text.RadioRx  0x000000000000a584       0x5c Output/Debug/Obj/ClassA_ISP4520B-US/radio.o
                0x000000000000a584                RadioRx
 .text.RadioRxBoosted
                0x000000000000a5e0       0x5c Output/Debug/Obj/ClassA_ISP4520B-US/radio.o
                0x000000000000a5e0                RadioRxBoosted
 .text.RadioSetRxDutyCycle
                0x000000000000a63c       0x18 Output/Debug/Obj/ClassA_ISP4520B-US/radio.o
                0x000000000000a63c                RadioSetRxDutyCycle
 .text.RadioStartCad
                0x000000000000a654        0xa Output/Debug/Obj/ClassA_ISP4520B-US/radio.o
                0x000000000000a654                RadioStartCad
 *fill*         0x000000000000a65e        0x2 
 .text.RadioSetTxContinuousWave
                0x000000000000a660       0x68 Output/Debug/Obj/ClassA_ISP4520B-US/radio.o
                0x000000000000a660                RadioSetTxContinuousWave
 .text.RadioRssi
                0x000000000000a6c8       0x1a Output/Debug/Obj/ClassA_ISP4520B-US/radio.o
                0x000000000000a6c8                RadioRssi
 .text.RadioWrite
                0x000000000000a6e2       0x2a Output/Debug/Obj/ClassA_ISP4520B-US/radio.o
                0x000000000000a6e2                RadioWrite
 .text.RadioRead
                0x000000000000a70c       0x1e Output/Debug/Obj/ClassA_ISP4520B-US/radio.o
                0x000000000000a70c                RadioRead
 .text.RadioWriteBuffer
                0x000000000000a72a       0x2c Output/Debug/Obj/ClassA_ISP4520B-US/radio.o
                0x000000000000a72a                RadioWriteBuffer
 .text.RadioReadBuffer
                0x000000000000a756       0x2c Output/Debug/Obj/ClassA_ISP4520B-US/radio.o
                0x000000000000a756                RadioReadBuffer
 *fill*         0x000000000000a782        0x2 
 .text.RadioSetMaxPayloadLength
                0x000000000000a784       0x6c Output/Debug/Obj/ClassA_ISP4520B-US/radio.o
                0x000000000000a784                RadioSetMaxPayloadLength
 .text.RadioSetPublicNetwork
                0x000000000000a7f0       0x60 Output/Debug/Obj/ClassA_ISP4520B-US/radio.o
                0x000000000000a7f0                RadioSetPublicNetwork
 .text.RadioGetWakeupTime
                0x000000000000a850        0xe Output/Debug/Obj/ClassA_ISP4520B-US/radio.o
                0x000000000000a850                RadioGetWakeupTime
 *fill*         0x000000000000a85e        0x2 
 .text.RadioOnTxTimeoutIrq
                0x000000000000a860       0x2c Output/Debug/Obj/ClassA_ISP4520B-US/radio.o
                0x000000000000a860                RadioOnTxTimeoutIrq
 .text.RadioOnRxTimeoutIrq
                0x000000000000a88c       0x2c Output/Debug/Obj/ClassA_ISP4520B-US/radio.o
                0x000000000000a88c                RadioOnRxTimeoutIrq
 .text.RadioOnDioIrq
                0x000000000000a8b8       0x14 Output/Debug/Obj/ClassA_ISP4520B-US/radio.o
                0x000000000000a8b8                RadioOnDioIrq
 .text.RadioIrqProcess
                0x000000000000a8cc      0x240 Output/Debug/Obj/ClassA_ISP4520B-US/radio.o
                0x000000000000a8cc                RadioIrqProcess
 .text.SX126xInit
                0x000000000000ab0c       0x32 Output/Debug/Obj/ClassA_ISP4520B-US/sx126x.o
                0x000000000000ab0c                SX126xInit
 *fill*         0x000000000000ab3e        0x2 
 .text.SX126xGetOperatingMode
                0x000000000000ab40        0xc Output/Debug/Obj/ClassA_ISP4520B-US/sx126x.o
                0x000000000000ab40                SX126xGetOperatingMode
 .text.SX126xSetOperatingMode
                0x000000000000ab4c       0x1c Output/Debug/Obj/ClassA_ISP4520B-US/sx126x.o
                0x000000000000ab4c                SX126xSetOperatingMode
 .text.SX126xCheckDeviceReady
                0x000000000000ab68       0x26 Output/Debug/Obj/ClassA_ISP4520B-US/sx126x.o
                0x000000000000ab68                SX126xCheckDeviceReady
 .text.SX126xSetPayload
                0x000000000000ab8e       0x22 Output/Debug/Obj/ClassA_ISP4520B-US/sx126x.o
                0x000000000000ab8e                SX126xSetPayload
 .text.SX126xGetPayload
                0x000000000000abb0       0x4a Output/Debug/Obj/ClassA_ISP4520B-US/sx126x.o
                0x000000000000abb0                SX126xGetPayload
 .text.SX126xSendPayload
                0x000000000000abfa       0x28 Output/Debug/Obj/ClassA_ISP4520B-US/sx126x.o
                0x000000000000abfa                SX126xSendPayload
 .text.SX126xSetSyncWord
                0x000000000000ac22       0x1c Output/Debug/Obj/ClassA_ISP4520B-US/sx126x.o
                0x000000000000ac22                SX126xSetSyncWord
 .text.SX126xSetCrcSeed
                0x000000000000ac3e       0x46 Output/Debug/Obj/ClassA_ISP4520B-US/sx126x.o
                0x000000000000ac3e                SX126xSetCrcSeed
 .text.SX126xSetCrcPolynomial
                0x000000000000ac84       0x46 Output/Debug/Obj/ClassA_ISP4520B-US/sx126x.o
                0x000000000000ac84                SX126xSetCrcPolynomial
 .text.SX126xSetWhiteningSeed
                0x000000000000acca       0x72 Output/Debug/Obj/ClassA_ISP4520B-US/sx126x.o
                0x000000000000acca                SX126xSetWhiteningSeed
 .text.SX126xSetSleep
                0x000000000000ad3c       0x5e Output/Debug/Obj/ClassA_ISP4520B-US/sx126x.o
                0x000000000000ad3c                SX126xSetSleep
 .text.SX126xSetStandby
                0x000000000000ad9a       0x36 Output/Debug/Obj/ClassA_ISP4520B-US/sx126x.o
                0x000000000000ad9a                SX126xSetStandby
 .text.SX126xSetTx
                0x000000000000add0       0x3c Output/Debug/Obj/ClassA_ISP4520B-US/sx126x.o
                0x000000000000add0                SX126xSetTx
 .text.SX126xSetRx
                0x000000000000ae0c       0x3c Output/Debug/Obj/ClassA_ISP4520B-US/sx126x.o
                0x000000000000ae0c                SX126xSetRx
 .text.SX126xSetRxBoosted
                0x000000000000ae48       0x46 Output/Debug/Obj/ClassA_ISP4520B-US/sx126x.o
                0x000000000000ae48                SX126xSetRxBoosted
 .text.SX126xSetRxDutyCycle
                0x000000000000ae8e       0x5a Output/Debug/Obj/ClassA_ISP4520B-US/sx126x.o
                0x000000000000ae8e                SX126xSetRxDutyCycle
 .text.SX126xSetCad
                0x000000000000aee8       0x16 Output/Debug/Obj/ClassA_ISP4520B-US/sx126x.o
                0x000000000000aee8                SX126xSetCad
 .text.SX126xSetTxContinuousWave
                0x000000000000aefe       0x10 Output/Debug/Obj/ClassA_ISP4520B-US/sx126x.o
                0x000000000000aefe                SX126xSetTxContinuousWave
 .text.SX126xSetStopRxTimerOnPreambleDetect
                0x000000000000af0e       0x20 Output/Debug/Obj/ClassA_ISP4520B-US/sx126x.o
                0x000000000000af0e                SX126xSetStopRxTimerOnPreambleDetect
 .text.SX126xSetLoRaSymbNumTimeout
                0x000000000000af2e       0x20 Output/Debug/Obj/ClassA_ISP4520B-US/sx126x.o
                0x000000000000af2e                SX126xSetLoRaSymbNumTimeout
 .text.SX126xSetRegulatorMode
                0x000000000000af4e       0x20 Output/Debug/Obj/ClassA_ISP4520B-US/sx126x.o
                0x000000000000af4e                SX126xSetRegulatorMode
 .text.SX126xCalibrate
                0x000000000000af6e       0x9c Output/Debug/Obj/ClassA_ISP4520B-US/sx126x.o
                0x000000000000af6e                SX126xCalibrate
 *fill*         0x000000000000b00a        0x2 
 .text.SX126xCalibrateImage
                0x000000000000b00c       0x9c Output/Debug/Obj/ClassA_ISP4520B-US/sx126x.o
                0x000000000000b00c                SX126xCalibrateImage
 .text.SX126xSetPaConfig
                0x000000000000b0a8       0x56 Output/Debug/Obj/ClassA_ISP4520B-US/sx126x.o
                0x000000000000b0a8                SX126xSetPaConfig
 .text.SX126xSetDioIrqParams
                0x000000000000b0fe       0x96 Output/Debug/Obj/ClassA_ISP4520B-US/sx126x.o
                0x000000000000b0fe                SX126xSetDioIrqParams
 .text.SX126xGetIrqStatus
                0x000000000000b194       0x2c Output/Debug/Obj/ClassA_ISP4520B-US/sx126x.o
                0x000000000000b194                SX126xGetIrqStatus
 .text.SX126xSetDio2AsRfSwitchCtrl
                0x000000000000b1c0       0x20 Output/Debug/Obj/ClassA_ISP4520B-US/sx126x.o
                0x000000000000b1c0                SX126xSetDio2AsRfSwitchCtrl
 .text.SX126xSetDio3AsTcxoCtrl
                0x000000000000b1e0       0x4a Output/Debug/Obj/ClassA_ISP4520B-US/sx126x.o
                0x000000000000b1e0                SX126xSetDio3AsTcxoCtrl
 *fill*         0x000000000000b22a        0x6 
 .text.SX126xSetRfFrequency
                0x000000000000b230       0xbc Output/Debug/Obj/ClassA_ISP4520B-US/sx126x.o
                0x000000000000b230                SX126xSetRfFrequency
 .text.SX126xSetPacketType
                0x000000000000b2ec       0x2c Output/Debug/Obj/ClassA_ISP4520B-US/sx126x.o
                0x000000000000b2ec                SX126xSetPacketType
 .text.SX126xGetPacketType
                0x000000000000b318        0xc Output/Debug/Obj/ClassA_ISP4520B-US/sx126x.o
                0x000000000000b318                SX126xGetPacketType
 .text.SX126xSetTxParams
                0x000000000000b324       0xde Output/Debug/Obj/ClassA_ISP4520B-US/sx126x.o
                0x000000000000b324                SX126xSetTxParams
 *fill*         0x000000000000b402        0x6 
 .text.SX126xSetModulationParams
                0x000000000000b408      0x17c Output/Debug/Obj/ClassA_ISP4520B-US/sx126x.o
                0x000000000000b408                SX126xSetModulationParams
 .text.SX126xSetPacketParams
                0x000000000000b584      0x144 Output/Debug/Obj/ClassA_ISP4520B-US/sx126x.o
                0x000000000000b584                SX126xSetPacketParams
 .text.SX126xSetBufferBaseAddress
                0x000000000000b6c8       0x36 Output/Debug/Obj/ClassA_ISP4520B-US/sx126x.o
                0x000000000000b6c8                SX126xSetBufferBaseAddress
 .text.SX126xGetRssiInst
                0x000000000000b6fe       0x2e Output/Debug/Obj/ClassA_ISP4520B-US/sx126x.o
                0x000000000000b6fe                SX126xGetRssiInst
 .text.SX126xGetRxBufferStatus
                0x000000000000b72c       0x58 Output/Debug/Obj/ClassA_ISP4520B-US/sx126x.o
                0x000000000000b72c                SX126xGetRxBufferStatus
 .text.SX126xGetPacketStatus
                0x000000000000b784       0xac Output/Debug/Obj/ClassA_ISP4520B-US/sx126x.o
                0x000000000000b784                SX126xGetPacketStatus
 .text.SX126xClearIrqStatus
                0x000000000000b830       0x36 Output/Debug/Obj/ClassA_ISP4520B-US/sx126x.o
                0x000000000000b830                SX126xClearIrqStatus
 *fill*         0x000000000000b866        0x2 
 .text.nrf_delay_us
                0x000000000000b868       0xa0 Output/Debug/Obj/ClassA_ISP4520B-US/main.o
 .text.nrf_delay_ms
                0x000000000000b908       0x1e Output/Debug/Obj/ClassA_ISP4520B-US/main.o
 *fill*         0x000000000000b926        0x2 
 .text.nrf_gpio_pin_port_decode
                0x000000000000b928       0x28 Output/Debug/Obj/ClassA_ISP4520B-US/main.o
 .text.nrf_gpio_cfg
                0x000000000000b950       0x62 Output/Debug/Obj/ClassA_ISP4520B-US/main.o
 .text.nrf_gpio_cfg_output
                0x000000000000b9b2       0x22 Output/Debug/Obj/ClassA_ISP4520B-US/main.o
 .text.nrf_gpio_cfg_input
                0x000000000000b9d4       0x2a Output/Debug/Obj/ClassA_ISP4520B-US/main.o
 .text.nrf_gpio_pin_set
                0x000000000000b9fe       0x28 Output/Debug/Obj/ClassA_ISP4520B-US/main.o
 .text.nrf_gpio_pin_clear
                0x000000000000ba26       0x28 Output/Debug/Obj/ClassA_ISP4520B-US/main.o
 .text.nrf_gpio_pin_write
                0x000000000000ba4e       0x24 Output/Debug/Obj/ClassA_ISP4520B-US/main.o
 .text.nrf_gpio_port_out_set
                0x000000000000ba72       0x14 Output/Debug/Obj/ClassA_ISP4520B-US/main.o
 .text.nrf_gpio_port_out_clear
                0x000000000000ba86       0x14 Output/Debug/Obj/ClassA_ISP4520B-US/main.o
 *fill*         0x000000000000ba9a        0x2 
 .text.uart_error_handle
                0x000000000000ba9c      0x134 Output/Debug/Obj/ClassA_ISP4520B-US/main.o
                0x000000000000ba9c                uart_error_handle
 .text.uart_callback
                0x000000000000bbd0      0x160 Output/Debug/Obj/ClassA_ISP4520B-US/main.o
                0x000000000000bbd0                uart_callback
 .text.lmh_evt_handler
                0x000000000000bd30       0x70 Output/Debug/Obj/ClassA_ISP4520B-US/main.o
 .text.lmh_rx_data_handler
                0x000000000000bda0       0x4c Output/Debug/Obj/ClassA_ISP4520B-US/main.o
 .text.tx_lora_oneshot_handler
                0x000000000000bdec       0x8c Output/Debug/Obj/ClassA_ISP4520B-US/main.o
 .text.timers_init
                0x000000000000be78       0x7c Output/Debug/Obj/ClassA_ISP4520B-US/main.o
 .text.log_init
                0x000000000000bef4       0x34 Output/Debug/Obj/ClassA_ISP4520B-US/main.o
 .text.main     0x000000000000bf28      0x120 Output/Debug/Obj/ClassA_ISP4520B-US/main.o
                0x000000000000bf28                main
 .text.redBlink
                0x000000000000c048       0x58 Output/Debug/Obj/ClassA_ISP4520B-US/main.o
                0x000000000000c048                redBlink
 .text.calcCRC  0x000000000000c0a0       0xda Output/Debug/Obj/ClassA_ISP4520B-US/main.o
                0x000000000000c0a0                calcCRC
 *fill*         0x000000000000c17a        0x2 
 .text.OnRadioTxDone
                0x000000000000c17c       0x64 Output/Debug/Obj/ClassA_ISP4520B-US/LoRaMac.o
 .text.OnRadioRxDone
                0x000000000000c1e0       0x84 Output/Debug/Obj/ClassA_ISP4520B-US/LoRaMac.o
 .text.OnRadioTxTimeout
                0x000000000000c264       0x38 Output/Debug/Obj/ClassA_ISP4520B-US/LoRaMac.o
 .text.OnRadioRxError
                0x000000000000c29c       0x38 Output/Debug/Obj/ClassA_ISP4520B-US/LoRaMac.o
 .text.OnRadioRxTimeout
                0x000000000000c2d4       0x38 Output/Debug/Obj/ClassA_ISP4520B-US/LoRaMac.o
 .text.UpdateRxSlotIdleState
                0x000000000000c30c       0x28 Output/Debug/Obj/ClassA_ISP4520B-US/LoRaMac.o
 .text.ProcessRadioTxDone
                0x000000000000c334      0x120 Output/Debug/Obj/ClassA_ISP4520B-US/LoRaMac.o
 .text.PrepareRxDoneAbort
                0x000000000000c454       0x4c Output/Debug/Obj/ClassA_ISP4520B-US/LoRaMac.o
 .text.ProcessRadioRxDone
                0x000000000000c4a0      0x8cc Output/Debug/Obj/ClassA_ISP4520B-US/LoRaMac.o
 .text.ProcessRadioTxTimeout
                0x000000000000cd6c       0x54 Output/Debug/Obj/ClassA_ISP4520B-US/LoRaMac.o
 .text.HandleRadioRxErrorTimeout
                0x000000000000cdc0      0x148 Output/Debug/Obj/ClassA_ISP4520B-US/LoRaMac.o
 .text.ProcessRadioRxError
                0x000000000000cf08        0xe Output/Debug/Obj/ClassA_ISP4520B-US/LoRaMac.o
 .text.ProcessRadioRxTimeout
                0x000000000000cf16        0xe Output/Debug/Obj/ClassA_ISP4520B-US/LoRaMac.o
 .text.LoRaMacHandleIrqEvents
                0x000000000000cf24       0x8c Output/Debug/Obj/ClassA_ISP4520B-US/LoRaMac.o
 .text.LoRaMacIsBusy
                0x000000000000cfb0       0x24 Output/Debug/Obj/ClassA_ISP4520B-US/LoRaMac.o
                0x000000000000cfb0                LoRaMacIsBusy
 .text.LoRaMacEnableRequests
                0x000000000000cfd4       0x1c Output/Debug/Obj/ClassA_ISP4520B-US/LoRaMac.o
 .text.LoRaMacHandleRequestEvents
                0x000000000000cff0       0xc8 Output/Debug/Obj/ClassA_ISP4520B-US/LoRaMac.o
 .text.LoRaMacHandleScheduleUplinkEvent
                0x000000000000d0b8       0x38 Output/Debug/Obj/ClassA_ISP4520B-US/LoRaMac.o
 .text.LoRaMacHandleIndicationEvents
                0x000000000000d0f0       0xa4 Output/Debug/Obj/ClassA_ISP4520B-US/LoRaMac.o
 .text.LoRaMacHandleMcpsRequest
                0x000000000000d194       0xec Output/Debug/Obj/ClassA_ISP4520B-US/LoRaMac.o
 .text.LoRaMacHandleMlmeRequest
                0x000000000000d280       0x74 Output/Debug/Obj/ClassA_ISP4520B-US/LoRaMac.o
 .text.LoRaMacCheckForBeaconAcquisition
                0x000000000000d2f4       0x4c Output/Debug/Obj/ClassA_ISP4520B-US/LoRaMac.o
 .text.LoRaMacCheckForRxAbort
                0x000000000000d340       0x38 Output/Debug/Obj/ClassA_ISP4520B-US/LoRaMac.o
 .text.LoRaMacProcess
                0x000000000000d378       0x84 Output/Debug/Obj/ClassA_ISP4520B-US/LoRaMac.o
                0x000000000000d378                LoRaMacProcess
 .text.OnTxDelayedTimerEvent
                0x000000000000d3fc       0x70 Output/Debug/Obj/ClassA_ISP4520B-US/LoRaMac.o
 .text.OnRxWindow1TimerEvent
                0x000000000000d46c       0x70 Output/Debug/Obj/ClassA_ISP4520B-US/LoRaMac.o
 .text.OnRxWindow2TimerEvent
                0x000000000000d4dc       0x7c Output/Debug/Obj/ClassA_ISP4520B-US/LoRaMac.o
 .text.OnAckTimeoutTimerEvent
                0x000000000000d558       0x6c Output/Debug/Obj/ClassA_ISP4520B-US/LoRaMac.o
 .text.GetFCntDown
                0x000000000000d5c4       0xc0 Output/Debug/Obj/ClassA_ISP4520B-US/LoRaMac.o
 .text.SwitchClass
                0x000000000000d684      0x20c Output/Debug/Obj/ClassA_ISP4520B-US/LoRaMac.o
 .text.GetMaxAppPayloadWithoutFOptsLength
                0x000000000000d890       0x60 Output/Debug/Obj/ClassA_ISP4520B-US/LoRaMac.o
 .text.ValidatePayloadLength
                0x000000000000d8f0       0x66 Output/Debug/Obj/ClassA_ISP4520B-US/LoRaMac.o
 *fill*         0x000000000000d956        0x2 
 .text.SetMlmeScheduleUplinkIndication
                0x000000000000d958       0x18 Output/Debug/Obj/ClassA_ISP4520B-US/LoRaMac.o
 .text.ProcessMacCommands
                0x000000000000d970      0x9c0 Output/Debug/Obj/ClassA_ISP4520B-US/LoRaMac.o
 .text.Send     0x000000000000e330      0x218 Output/Debug/Obj/ClassA_ISP4520B-US/LoRaMac.o
                0x000000000000e330                Send
 .text.SendReJoinReq
                0x000000000000e548       0xb4 Output/Debug/Obj/ClassA_ISP4520B-US/LoRaMac.o
                0x000000000000e548                SendReJoinReq
 .text.CheckForClassBCollision
                0x000000000000e5fc       0x44 Output/Debug/Obj/ClassA_ISP4520B-US/LoRaMac.o
 .text.ScheduleTx
                0x000000000000e640      0x288 Output/Debug/Obj/ClassA_ISP4520B-US/LoRaMac.o
 .text.SecureFrame
                0x000000000000e8c8       0xc4 Output/Debug/Obj/ClassA_ISP4520B-US/LoRaMac.o
 .text.CalculateBackOff
                0x000000000000e98c       0xd8 Output/Debug/Obj/ClassA_ISP4520B-US/LoRaMac.o
 .text.RemoveMacCommands
                0x000000000000ea64       0x4c Output/Debug/Obj/ClassA_ISP4520B-US/LoRaMac.o
 .text.ResetMacParameters
                0x000000000000eab0      0x1d4 Output/Debug/Obj/ClassA_ISP4520B-US/LoRaMac.o
 .text.RxWindowSetup
                0x000000000000ec84       0x5c Output/Debug/Obj/ClassA_ISP4520B-US/LoRaMac.o
 .text.OpenContinuousRxCWindow
                0x000000000000ece0       0x88 Output/Debug/Obj/ClassA_ISP4520B-US/LoRaMac.o
 .text.PrepareFrame
                0x000000000000ed68      0x258 Output/Debug/Obj/ClassA_ISP4520B-US/LoRaMac.o
                0x000000000000ed68                PrepareFrame
 .text.SendFrameOnChannel
                0x000000000000efc0      0x140 Output/Debug/Obj/ClassA_ISP4520B-US/LoRaMac.o
                0x000000000000efc0                SendFrameOnChannel
 .text.SetTxContinuousWave
                0x000000000000f100       0x80 Output/Debug/Obj/ClassA_ISP4520B-US/LoRaMac.o
                0x000000000000f100                SetTxContinuousWave
 .text.SetTxContinuousWave1
                0x000000000000f180       0x44 Output/Debug/Obj/ClassA_ISP4520B-US/LoRaMac.o
                0x000000000000f180                SetTxContinuousWave1
 .text.GetCtxs  0x000000000000f1c4       0x9c Output/Debug/Obj/ClassA_ISP4520B-US/LoRaMac.o
                0x000000000000f1c4                GetCtxs
 .text.RestoreCtxs
                0x000000000000f260      0x124 Output/Debug/Obj/ClassA_ISP4520B-US/LoRaMac.o
                0x000000000000f260                RestoreCtxs
 .text.DetermineFrameType
                0x000000000000f384       0x94 Output/Debug/Obj/ClassA_ISP4520B-US/LoRaMac.o
                0x000000000000f384                DetermineFrameType
 .text.CheckRetransUnconfirmedUplink
                0x000000000000f418       0x54 Output/Debug/Obj/ClassA_ISP4520B-US/LoRaMac.o
 .text.CheckRetransConfirmedUplink
                0x000000000000f46c       0x3c Output/Debug/Obj/ClassA_ISP4520B-US/LoRaMac.o
 .text.StopRetransmission
                0x000000000000f4a8       0x74 Output/Debug/Obj/ClassA_ISP4520B-US/LoRaMac.o
 .text.AckTimeoutRetriesProcess
                0x000000000000f51c       0x88 Output/Debug/Obj/ClassA_ISP4520B-US/LoRaMac.o
 .text.AckTimeoutRetriesFinalize